  Determining projects to restore...
  Restored C:\Users\DELL\source\repos\antiGGGravity\antiGGGravity.csproj (in 218 ms).
C:\Users\DELL\source\repos\antiGGGravity\StructuralRebar\Core\Layout\StripFootingLayoutGenerator.cs(80,38): warning CS8632: The annotation for nullable reference types should only be used in code within a '#nullable' annotations context. [C:\Users\DELL\source\repos\antiGGGravity\antiGGGravity_3wz5sewq_wpftmp.csproj]
C:\Users\DELL\source\repos\antiGGGravity\StructuralRebar\DTO\RebarDefinition.cs(49,16): warning CS0618: 'RebarHookOrientation' is obsolete: 'This enumeration is deprecated in Revit 2026 and may be removed in a later version of Revit. You can use RebarTerminationOrientation enumeration instead.' [C:\Users\DELL\source\repos\antiGGGravity\antiGGGravity_3wz5sewq_wpftmp.csproj]
C:\Users\DELL\source\repos\antiGGGravity\StructuralRebar\DTO\RebarDefinition.cs(50,16): warning CS0618: 'RebarHookOrientation' is obsolete: 'This enumeration is deprecated in Revit 2026 and may be removed in a later version of Revit. You can use RebarTerminationOrientation enumeration instead.' [C:\Users\DELL\source\repos\antiGGGravity\antiGGGravity_3wz5sewq_wpftmp.csproj]
C:\Users\DELL\source\repos\antiGGGravity\Views\VisibilityGraphic\QuickVgView.xaml.cs(72,37): warning CS0168: The variable 'ex' is declared but never used [C:\Users\DELL\source\repos\antiGGGravity\antiGGGravity_3wz5sewq_wpftmp.csproj]
C:\Users\DELL\source\repos\antiGGGravity\Views\Management\DuplicateSheetsView.xaml.cs(80,38): warning CS0168: The variable 'ex' is declared but never used [C:\Users\DELL\source\repos\antiGGGravity\antiGGGravity_3wz5sewq_wpftmp.csproj]
C:\Users\DELL\source\repos\antiGGGravity\StructuralRebar\Core\Creation\RebarCreationService.cs(59,37): warning CS0618: 'Rebar.CreateFromCurves(Document, RebarStyle, RebarBarType, RebarHookType, RebarHookType, Element, XYZ, IList<Curve>, RebarHookOrientation, RebarHookOrientation, bool, bool)' is obsolete: 'This method is deprecated in Revit 2026 and may be removed in a later version of Revit. Please use Rebar.CreateFromCurves(Document doc, RebarStyle style, RebarBarType barType, Element host, XYZ norm, IList<Curve> curves, BarTerminationsData barTerminationsData, bool useExistingShapeIfPossible, bool createNewShape) instead.' [C:\Users\DELL\source\repos\antiGGGravity\antiGGGravity_3wz5sewq_wpftmp.csproj]
C:\Users\DELL\source\repos\antiGGGravity\StructuralRebar\Core\Creation\RebarCreationService.cs(85,37): warning CS0618: 'Rebar.CreateFromCurves(Document, RebarStyle, RebarBarType, RebarHookType, RebarHookType, Element, XYZ, IList<Curve>, RebarHookOrientation, RebarHookOrientation, bool, bool)' is obsolete: 'This method is deprecated in Revit 2026 and may be removed in a later version of Revit. Please use Rebar.CreateFromCurves(Document doc, RebarStyle style, RebarBarType barType, Element host, XYZ norm, IList<Curve> curves, BarTerminationsData barTerminationsData, bool useExistingShapeIfPossible, bool createNewShape) instead.' [C:\Users\DELL\source\repos\antiGGGravity\antiGGGravity_3wz5sewq_wpftmp.csproj]
C:\Users\DELL\source\repos\antiGGGravity\StructuralRebar\Core\Layout\WallLayoutGenerator.cs(47,13): warning CS0618: 'RebarHookOrientation' is obsolete: 'This enumeration is deprecated in Revit 2026 and may be removed in a later version of Revit. You can use RebarTerminationOrientation enumeration instead.' [C:\Users\DELL\source\repos\antiGGGravity\antiGGGravity_3wz5sewq_wpftmp.csproj]
C:\Users\DELL\source\repos\antiGGGravity\StructuralRebar\Core\Layout\WallLayoutGenerator.cs(50,42): warning CS0618: 'RebarHookOrientation' is obsolete: 'This enumeration is deprecated in Revit 2026 and may be removed in a later version of Revit. You can use RebarTerminationOrientation enumeration instead.' [C:\Users\DELL\source\repos\antiGGGravity\antiGGGravity_3wz5sewq_wpftmp.csproj]
C:\Users\DELL\source\repos\antiGGGravity\StructuralRebar\Core\Layout\WallLayoutGenerator.cs(50,71): warning CS0618: 'RebarHookOrientation' is obsolete: 'This enumeration is deprecated in Revit 2026 and may be removed in a later version of Revit. You can use RebarTerminationOrientation enumeration instead.' [C:\Users\DELL\source\repos\antiGGGravity\antiGGGravity_3wz5sewq_wpftmp.csproj]
C:\Users\DELL\source\repos\antiGGGravity\StructuralRebar\Core\Layout\WallLayoutGenerator.cs(51,40): warning CS0618: 'RebarHookOrientation' is obsolete: 'This enumeration is deprecated in Revit 2026 and may be removed in a later version of Revit. You can use RebarTerminationOrientation enumeration instead.' [C:\Users\DELL\source\repos\antiGGGravity\antiGGGravity_3wz5sewq_wpftmp.csproj]
C:\Users\DELL\source\repos\antiGGGravity\StructuralRebar\Core\Layout\WallLayoutGenerator.cs(51,69): warning CS0618: 'RebarHookOrientation' is obsolete: 'This enumeration is deprecated in Revit 2026 and may be removed in a later version of Revit. You can use RebarTerminationOrientation enumeration instead.' [C:\Users\DELL\source\repos\antiGGGravity\antiGGGravity_3wz5sewq_wpftmp.csproj]
C:\Users\DELL\source\repos\antiGGGravity\StructuralRebar\Core\Layout\WallLayoutGenerator.cs(55,42): warning CS0618: 'RebarHookOrientation' is obsolete: 'This enumeration is deprecated in Revit 2026 and may be removed in a later version of Revit. You can use RebarTerminationOrientation enumeration instead.' [C:\Users\DELL\source\repos\antiGGGravity\antiGGGravity_3wz5sewq_wpftmp.csproj]
C:\Users\DELL\source\repos\antiGGGravity\StructuralRebar\Core\Layout\WallLayoutGenerator.cs(55,70): warning CS0618: 'RebarHookOrientation' is obsolete: 'This enumeration is deprecated in Revit 2026 and may be removed in a later version of Revit. You can use RebarTerminationOrientation enumeration instead.' [C:\Users\DELL\source\repos\antiGGGravity\antiGGGravity_3wz5sewq_wpftmp.csproj]
C:\Users\DELL\source\repos\antiGGGravity\StructuralRebar\Core\Layout\WallLayoutGenerator.cs(56,40): warning CS0618: 'RebarHookOrientation' is obsolete: 'This enumeration is deprecated in Revit 2026 and may be removed in a later version of Revit. You can use RebarTerminationOrientation enumeration instead.' [C:\Users\DELL\source\repos\antiGGGravity\antiGGGravity_3wz5sewq_wpftmp.csproj]
C:\Users\DELL\source\repos\antiGGGravity\StructuralRebar\Core\Layout\WallLayoutGenerator.cs(56,68): warning CS0618: 'RebarHookOrientation' is obsolete: 'This enumeration is deprecated in Revit 2026 and may be removed in a later version of Revit. You can use RebarTerminationOrientation enumeration instead.' [C:\Users\DELL\source\repos\antiGGGravity\antiGGGravity_3wz5sewq_wpftmp.csproj]
C:\Users\DELL\source\repos\antiGGGravity\StructuralRebar\Core\Layout\ColumnLayoutGenerator.cs(67,40): warning CS0618: 'RebarHookOrientation' is obsolete: 'This enumeration is deprecated in Revit 2026 and may be removed in a later version of Revit. You can use RebarTerminationOrientation enumeration instead.' [C:\Users\DELL\source\repos\antiGGGravity\antiGGGravity_3wz5sewq_wpftmp.csproj]
C:\Users\DELL\source\repos\antiGGGravity\StructuralRebar\Core\Layout\ColumnLayoutGenerator.cs(68,38): warning CS0618: 'RebarHookOrientation' is obsolete: 'This enumeration is deprecated in Revit 2026 and may be removed in a later version of Revit. You can use RebarTerminationOrientation enumeration instead.' [C:\Users\DELL\source\repos\antiGGGravity\antiGGGravity_3wz5sewq_wpftmp.csproj]
C:\Users\DELL\source\repos\antiGGGravity\StructuralRebar\Core\Layout\WallLayoutGenerator.cs(116,13): warning CS0618: 'RebarHookOrientation' is obsolete: 'This enumeration is deprecated in Revit 2026 and may be removed in a later version of Revit. You can use RebarTerminationOrientation enumeration instead.' [C:\Users\DELL\source\repos\antiGGGravity\antiGGGravity_3wz5sewq_wpftmp.csproj]
C:\Users\DELL\source\repos\antiGGGravity\StructuralRebar\Core\Layout\WallLayoutGenerator.cs(119,42): warning CS0618: 'RebarHookOrientation' is obsolete: 'This enumeration is deprecated in Revit 2026 and may be removed in a later version of Revit. You can use RebarTerminationOrientation enumeration instead.' [C:\Users\DELL\source\repos\antiGGGravity\antiGGGravity_3wz5sewq_wpftmp.csproj]
C:\Users\DELL\source\repos\antiGGGravity\StructuralRebar\Core\Layout\WallLayoutGenerator.cs(119,70): warning CS0618: 'RebarHookOrientation' is obsolete: 'This enumeration is deprecated in Revit 2026 and may be removed in a later version of Revit. You can use RebarTerminationOrientation enumeration instead.' [C:\Users\DELL\source\repos\antiGGGravity\antiGGGravity_3wz5sewq_wpftmp.csproj]
C:\Users\DELL\source\repos\antiGGGravity\StructuralRebar\Core\Layout\WallLayoutGenerator.cs(120,40): warning CS0618: 'RebarHookOrientation' is obsolete: 'This enumeration is deprecated in Revit 2026 and may be removed in a later version of Revit. You can use RebarTerminationOrientation enumeration instead.' [C:\Users\DELL\source\repos\antiGGGravity\antiGGGravity_3wz5sewq_wpftmp.csproj]
C:\Users\DELL\source\repos\antiGGGravity\StructuralRebar\Core\Layout\WallLayoutGenerator.cs(120,68): warning CS0618: 'RebarHookOrientation' is obsolete: 'This enumeration is deprecated in Revit 2026 and may be removed in a later version of Revit. You can use RebarTerminationOrientation enumeration instead.' [C:\Users\DELL\source\repos\antiGGGravity\antiGGGravity_3wz5sewq_wpftmp.csproj]
C:\Users\DELL\source\repos\antiGGGravity\StructuralRebar\Core\Layout\WallLayoutGenerator.cs(124,42): warning CS0618: 'RebarHookOrientation' is obsolete: 'This enumeration is deprecated in Revit 2026 and may be removed in a later version of Revit. You can use RebarTerminationOrientation enumeration instead.' [C:\Users\DELL\source\repos\antiGGGravity\antiGGGravity_3wz5sewq_wpftmp.csproj]
C:\Users\DELL\source\repos\antiGGGravity\StructuralRebar\Core\Layout\WallLayoutGenerator.cs(124,71): warning CS0618: 'RebarHookOrientation' is obsolete: 'This enumeration is deprecated in Revit 2026 and may be removed in a later version of Revit. You can use RebarTerminationOrientation enumeration instead.' [C:\Users\DELL\source\repos\antiGGGravity\antiGGGravity_3wz5sewq_wpftmp.csproj]
C:\Users\DELL\source\repos\antiGGGravity\StructuralRebar\Core\Layout\WallLayoutGenerator.cs(125,40): warning CS0618: 'RebarHookOrientation' is obsolete: 'This enumeration is deprecated in Revit 2026 and may be removed in a later version of Revit. You can use RebarTerminationOrientation enumeration instead.' [C:\Users\DELL\source\repos\antiGGGravity\antiGGGravity_3wz5sewq_wpftmp.csproj]
C:\Users\DELL\source\repos\antiGGGravity\StructuralRebar\Core\Layout\WallLayoutGenerator.cs(125,69): warning CS0618: 'RebarHookOrientation' is obsolete: 'This enumeration is deprecated in Revit 2026 and may be removed in a later version of Revit. You can use RebarTerminationOrientation enumeration instead.' [C:\Users\DELL\source\repos\antiGGGravity\antiGGGravity_3wz5sewq_wpftmp.csproj]
C:\Users\DELL\source\repos\antiGGGravity\StructuralRebar\DTO\RebarDefinition.cs(49,74): warning CS0618: 'RebarHookOrientation' is obsolete: 'This enumeration is deprecated in Revit 2026 and may be removed in a later version of Revit. You can use RebarTerminationOrientation enumeration instead.' [C:\Users\DELL\source\repos\antiGGGravity\antiGGGravity_3wz5sewq_wpftmp.csproj]
C:\Users\DELL\source\repos\antiGGGravity\StructuralRebar\DTO\RebarDefinition.cs(50,72): warning CS0618: 'RebarHookOrientation' is obsolete: 'This enumeration is deprecated in Revit 2026 and may be removed in a later version of Revit. You can use RebarTerminationOrientation enumeration instead.' [C:\Users\DELL\source\repos\antiGGGravity\antiGGGravity_3wz5sewq_wpftmp.csproj]
C:\Users\DELL\source\repos\antiGGGravity\StructuralRebar\Core\Layout\StripFootingLayoutGenerator.cs(74,40): warning CS0618: 'RebarHookOrientation' is obsolete: 'This enumeration is deprecated in Revit 2026 and may be removed in a later version of Revit. You can use RebarTerminationOrientation enumeration instead.' [C:\Users\DELL\source\repos\antiGGGravity\antiGGGravity_3wz5sewq_wpftmp.csproj]
C:\Users\DELL\source\repos\antiGGGravity\StructuralRebar\Core\Layout\StripFootingLayoutGenerator.cs(75,38): warning CS0618: 'RebarHookOrientation' is obsolete: 'This enumeration is deprecated in Revit 2026 and may be removed in a later version of Revit. You can use RebarTerminationOrientation enumeration instead.' [C:\Users\DELL\source\repos\antiGGGravity\antiGGGravity_3wz5sewq_wpftmp.csproj]
C:\Users\DELL\source\repos\antiGGGravity\StructuralRebar\Core\Layout\ColumnLayoutGenerator.cs(131,44): warning CS0618: 'RebarHookOrientation' is obsolete: 'This enumeration is deprecated in Revit 2026 and may be removed in a later version of Revit. You can use RebarTerminationOrientation enumeration instead.' [C:\Users\DELL\source\repos\antiGGGravity\antiGGGravity_3wz5sewq_wpftmp.csproj]
C:\Users\DELL\source\repos\antiGGGravity\StructuralRebar\Core\Layout\ColumnLayoutGenerator.cs(132,42): warning CS0618: 'RebarHookOrientation' is obsolete: 'This enumeration is deprecated in Revit 2026 and may be removed in a later version of Revit. You can use RebarTerminationOrientation enumeration instead.' [C:\Users\DELL\source\repos\antiGGGravity\antiGGGravity_3wz5sewq_wpftmp.csproj]
C:\Users\DELL\source\repos\antiGGGravity\StructuralRebar\Core\Layout\ParallelLayoutGenerator.cs(93,13): warning CS0618: 'RebarHookOrientation' is obsolete: 'This enumeration is deprecated in Revit 2026 and may be removed in a later version of Revit. You can use RebarTerminationOrientation enumeration instead.' [C:\Users\DELL\source\repos\antiGGGravity\antiGGGravity_3wz5sewq_wpftmp.csproj]
C:\Users\DELL\source\repos\antiGGGravity\StructuralRebar\Core\Layout\ParallelLayoutGenerator.cs(94,19): warning CS0618: 'RebarHookOrientation' is obsolete: 'This enumeration is deprecated in Revit 2026 and may be removed in a later version of Revit. You can use RebarTerminationOrientation enumeration instead.' [C:\Users\DELL\source\repos\antiGGGravity\antiGGGravity_3wz5sewq_wpftmp.csproj]
C:\Users\DELL\source\repos\antiGGGravity\StructuralRebar\Core\Layout\ParallelLayoutGenerator.cs(95,19): warning CS0618: 'RebarHookOrientation' is obsolete: 'This enumeration is deprecated in Revit 2026 and may be removed in a later version of Revit. You can use RebarTerminationOrientation enumeration instead.' [C:\Users\DELL\source\repos\antiGGGravity\antiGGGravity_3wz5sewq_wpftmp.csproj]
C:\Users\DELL\source\repos\antiGGGravity\StructuralRebar\Core\Layout\StripFootingLayoutGenerator.cs(110,13): warning CS0618: 'RebarHookOrientation' is obsolete: 'This enumeration is deprecated in Revit 2026 and may be removed in a later version of Revit. You can use RebarTerminationOrientation enumeration instead.' [C:\Users\DELL\source\repos\antiGGGravity\antiGGGravity_3wz5sewq_wpftmp.csproj]
C:\Users\DELL\source\repos\antiGGGravity\StructuralRebar\Core\Layout\StripFootingLayoutGenerator.cs(114,26): warning CS0618: 'RebarHookOrientation' is obsolete: 'This enumeration is deprecated in Revit 2026 and may be removed in a later version of Revit. You can use RebarTerminationOrientation enumeration instead.' [C:\Users\DELL\source\repos\antiGGGravity\antiGGGravity_3wz5sewq_wpftmp.csproj]
C:\Users\DELL\source\repos\antiGGGravity\StructuralRebar\Core\Layout\StripFootingLayoutGenerator.cs(119,26): warning CS0618: 'RebarHookOrientation' is obsolete: 'This enumeration is deprecated in Revit 2026 and may be removed in a later version of Revit. You can use RebarTerminationOrientation enumeration instead.' [C:\Users\DELL\source\repos\antiGGGravity\antiGGGravity_3wz5sewq_wpftmp.csproj]
C:\Users\DELL\source\repos\antiGGGravity\StructuralRebar\Core\Layout\ColumnLayoutGenerator.cs(202,59): warning CS0618: 'RebarHookOrientation' is obsolete: 'This enumeration is deprecated in Revit 2026 and may be removed in a later version of Revit. You can use RebarTerminationOrientation enumeration instead.' [C:\Users\DELL\source\repos\antiGGGravity\antiGGGravity_3wz5sewq_wpftmp.csproj]
C:\Users\DELL\source\repos\antiGGGravity\StructuralRebar\Core\Layout\ColumnLayoutGenerator.cs(202,87): warning CS0618: 'RebarHookOrientation' is obsolete: 'This enumeration is deprecated in Revit 2026 and may be removed in a later version of Revit. You can use RebarTerminationOrientation enumeration instead.' [C:\Users\DELL\source\repos\antiGGGravity\antiGGGravity_3wz5sewq_wpftmp.csproj]
C:\Users\DELL\source\repos\antiGGGravity\StructuralRebar\Core\Layout\ColumnLayoutGenerator.cs(203,55): warning CS0618: 'RebarHookOrientation' is obsolete: 'This enumeration is deprecated in Revit 2026 and may be removed in a later version of Revit. You can use RebarTerminationOrientation enumeration instead.' [C:\Users\DELL\source\repos\antiGGGravity\antiGGGravity_3wz5sewq_wpftmp.csproj]
C:\Users\DELL\source\repos\antiGGGravity\StructuralRebar\Core\Layout\ColumnLayoutGenerator.cs(203,83): warning CS0618: 'RebarHookOrientation' is obsolete: 'This enumeration is deprecated in Revit 2026 and may be removed in a later version of Revit. You can use RebarTerminationOrientation enumeration instead.' [C:\Users\DELL\source\repos\antiGGGravity\antiGGGravity_3wz5sewq_wpftmp.csproj]
C:\Users\DELL\source\repos\antiGGGravity\StructuralRebar\Core\Calculators\DesignCodeCalculator.cs(71,20): warning CS0219: The variable 'endZoneFactor' is assigned but its value is never used [C:\Users\DELL\source\repos\antiGGGravity\antiGGGravity_3wz5sewq_wpftmp.csproj]
C:\Users\DELL\source\repos\antiGGGravity\Commands\General\AutoDimension\DimFailureSwallower.cs(30,61): error CS1503: Argument 1: cannot convert from 'System.Collections.Generic.ICollection<Autodesk.Revit.DB.ElementId>' to 'System.Collections.Generic.IList<Autodesk.Revit.DB.ElementId>' [C:\Users\DELL\source\repos\antiGGGravity\antiGGGravity_3wz5sewq_wpftmp.csproj]
C:\Users\DELL\source\repos\antiGGGravity\Views\ProjectAudit\FamilyDuplicatorView.xaml.cs(657,20): warning CS8073: The result of the expression is always 'true' since a value of type 'DataGridCellInfo' is never equal to 'null' of type 'DataGridCellInfo?' [C:\Users\DELL\source\repos\antiGGGravity\antiGGGravity_3wz5sewq_wpftmp.csproj]
C:\Users\DELL\source\repos\antiGGGravity\StructuralRebar\Core\Layout\FootingPadLayoutGenerator.cs(108,48): warning CS0618: 'RebarHookOrientation' is obsolete: 'This enumeration is deprecated in Revit 2026 and may be removed in a later version of Revit. You can use RebarTerminationOrientation enumeration instead.' [C:\Users\DELL\source\repos\antiGGGravity\antiGGGravity_3wz5sewq_wpftmp.csproj]
C:\Users\DELL\source\repos\antiGGGravity\StructuralRebar\Core\Layout\FootingPadLayoutGenerator.cs(108,76): warning CS0618: 'RebarHookOrientation' is obsolete: 'This enumeration is deprecated in Revit 2026 and may be removed in a later version of Revit. You can use RebarTerminationOrientation enumeration instead.' [C:\Users\DELL\source\repos\antiGGGravity\antiGGGravity_3wz5sewq_wpftmp.csproj]
C:\Users\DELL\source\repos\antiGGGravity\StructuralRebar\Core\Layout\FootingPadLayoutGenerator.cs(109,46): warning CS0618: 'RebarHookOrientation' is obsolete: 'This enumeration is deprecated in Revit 2026 and may be removed in a later version of Revit. You can use RebarTerminationOrientation enumeration instead.' [C:\Users\DELL\source\repos\antiGGGravity\antiGGGravity_3wz5sewq_wpftmp.csproj]
C:\Users\DELL\source\repos\antiGGGravity\StructuralRebar\Core\Layout\FootingPadLayoutGenerator.cs(109,74): warning CS0618: 'RebarHookOrientation' is obsolete: 'This enumeration is deprecated in Revit 2026 and may be removed in a later version of Revit. You can use RebarTerminationOrientation enumeration instead.' [C:\Users\DELL\source\repos\antiGGGravity\antiGGGravity_3wz5sewq_wpftmp.csproj]
C:\Users\DELL\source\repos\antiGGGravity\StructuralRebar\Core\Layout\FootingPadLayoutGenerator.cs(148,48): warning CS0618: 'RebarHookOrientation' is obsolete: 'This enumeration is deprecated in Revit 2026 and may be removed in a later version of Revit. You can use RebarTerminationOrientation enumeration instead.' [C:\Users\DELL\source\repos\antiGGGravity\antiGGGravity_3wz5sewq_wpftmp.csproj]
C:\Users\DELL\source\repos\antiGGGravity\StructuralRebar\Core\Layout\FootingPadLayoutGenerator.cs(148,76): warning CS0618: 'RebarHookOrientation' is obsolete: 'This enumeration is deprecated in Revit 2026 and may be removed in a later version of Revit. You can use RebarTerminationOrientation enumeration instead.' [C:\Users\DELL\source\repos\antiGGGravity\antiGGGravity_3wz5sewq_wpftmp.csproj]
C:\Users\DELL\source\repos\antiGGGravity\StructuralRebar\Core\Layout\FootingPadLayoutGenerator.cs(149,46): warning CS0618: 'RebarHookOrientation' is obsolete: 'This enumeration is deprecated in Revit 2026 and may be removed in a later version of Revit. You can use RebarTerminationOrientation enumeration instead.' [C:\Users\DELL\source\repos\antiGGGravity\antiGGGravity_3wz5sewq_wpftmp.csproj]
C:\Users\DELL\source\repos\antiGGGravity\StructuralRebar\Core\Layout\FootingPadLayoutGenerator.cs(149,74): warning CS0618: 'RebarHookOrientation' is obsolete: 'This enumeration is deprecated in Revit 2026 and may be removed in a later version of Revit. You can use RebarTerminationOrientation enumeration instead.' [C:\Users\DELL\source\repos\antiGGGravity\antiGGGravity_3wz5sewq_wpftmp.csproj]
C:\Users\DELL\source\repos\antiGGGravity\StructuralRebar\Core\Layout\FootingPadLayoutGenerator.cs(117,17): warning CS0168: The variable 'p1_2' is declared but never used [C:\Users\DELL\source\repos\antiGGGravity\antiGGGravity_3wz5sewq_wpftmp.csproj]
C:\Users\DELL\source\repos\antiGGGravity\StructuralRebar\Core\Layout\FootingPadLayoutGenerator.cs(117,23): warning CS0168: The variable 'p2_2' is declared but never used [C:\Users\DELL\source\repos\antiGGGravity\antiGGGravity_3wz5sewq_wpftmp.csproj]
C:\Users\DELL\source\repos\antiGGGravity\StructuralRebar\Core\Layout\FootingPadLayoutGenerator.cs(117,29): warning CS0168: The variable 'distDir2' is declared but never used [C:\Users\DELL\source\repos\antiGGGravity\antiGGGravity_3wz5sewq_wpftmp.csproj]
C:\Users\DELL\source\repos\antiGGGravity\StructuralRebar\Core\Layout\FootingPadLayoutGenerator.cs(118,20): warning CS0168: The variable 'distLen2' is declared but never used [C:\Users\DELL\source\repos\antiGGGravity\antiGGGravity_3wz5sewq_wpftmp.csproj]
C:\Users\DELL\source\repos\antiGGGravity\Commands\Rebar\RebarSplitCommand.cs(196,13): warning CS0618: 'RebarHookOrientation' is obsolete: 'This enumeration is deprecated in Revit 2026 and may be removed in a later version of Revit. You can use RebarTerminationOrientation enumeration instead.' [C:\Users\DELL\source\repos\antiGGGravity\antiGGGravity_3wz5sewq_wpftmp.csproj]
C:\Users\DELL\source\repos\antiGGGravity\Commands\Rebar\RebarSplitCommand.cs(196,49): warning CS0618: 'RebarHookOrientation' is obsolete: 'This enumeration is deprecated in Revit 2026 and may be removed in a later version of Revit. You can use RebarTerminationOrientation enumeration instead.' [C:\Users\DELL\source\repos\antiGGGravity\antiGGGravity_3wz5sewq_wpftmp.csproj]
C:\Users\DELL\source\repos\antiGGGravity\Commands\Rebar\RebarSplitCommand.cs(208,27): warning CS0618: 'RebarHookOrientation' is obsolete: 'This enumeration is deprecated in Revit 2026 and may be removed in a later version of Revit. You can use RebarTerminationOrientation enumeration instead.' [C:\Users\DELL\source\repos\antiGGGravity\antiGGGravity_3wz5sewq_wpftmp.csproj]
C:\Users\DELL\source\repos\antiGGGravity\Commands\Rebar\RebarSplitCommand.cs(209,27): warning CS0618: 'RebarHookOrientation' is obsolete: 'This enumeration is deprecated in Revit 2026 and may be removed in a later version of Revit. You can use RebarTerminationOrientation enumeration instead.' [C:\Users\DELL\source\repos\antiGGGravity\antiGGGravity_3wz5sewq_wpftmp.csproj]
C:\Users\DELL\source\repos\antiGGGravity\Commands\Rebar\RebarSplitCommand.cs(259,34): warning CS0618: 'Rebar.CreateFromCurves(Document, RebarStyle, RebarBarType, RebarHookType, RebarHookType, Element, XYZ, IList<Curve>, RebarHookOrientation, RebarHookOrientation, bool, bool)' is obsolete: 'This method is deprecated in Revit 2026 and may be removed in a later version of Revit. Please use Rebar.CreateFromCurves(Document doc, RebarStyle style, RebarBarType barType, Element host, XYZ norm, IList<Curve> curves, BarTerminationsData barTerminationsData, bool useExistingShapeIfPossible, bool createNewShape) instead.' [C:\Users\DELL\source\repos\antiGGGravity\antiGGGravity_3wz5sewq_wpftmp.csproj]
C:\Users\DELL\source\repos\antiGGGravity\Commands\Rebar\RebarSplitCommand.cs(267,34): warning CS0618: 'Rebar.CreateFromCurves(Document, RebarStyle, RebarBarType, RebarHookType, RebarHookType, Element, XYZ, IList<Curve>, RebarHookOrientation, RebarHookOrientation, bool, bool)' is obsolete: 'This method is deprecated in Revit 2026 and may be removed in a later version of Revit. Please use Rebar.CreateFromCurves(Document doc, RebarStyle style, RebarBarType barType, Element host, XYZ norm, IList<Curve> curves, BarTerminationsData barTerminationsData, bool useExistingShapeIfPossible, bool createNewShape) instead.' [C:\Users\DELL\source\repos\antiGGGravity\antiGGGravity_3wz5sewq_wpftmp.csproj]
C:\Users\DELL\source\repos\antiGGGravity\StructuralRebar\Core\Engine\RebarEngine.cs(293,48): warning CS0618: 'RebarHookOrientation' is obsolete: 'This enumeration is deprecated in Revit 2026 and may be removed in a later version of Revit. You can use RebarTerminationOrientation enumeration instead.' [C:\Users\DELL\source\repos\antiGGGravity\antiGGGravity_3wz5sewq_wpftmp.csproj]
C:\Users\DELL\source\repos\antiGGGravity\StructuralRebar\Core\Engine\RebarEngine.cs(294,46): warning CS0618: 'RebarHookOrientation' is obsolete: 'This enumeration is deprecated in Revit 2026 and may be removed in a later version of Revit. You can use RebarTerminationOrientation enumeration instead.' [C:\Users\DELL\source\repos\antiGGGravity\antiGGGravity_3wz5sewq_wpftmp.csproj]
C:\Users\DELL\source\repos\antiGGGravity\StructuralRebar\Core\Engine\RebarEngine.cs(377,48): warning CS0618: 'RebarHookOrientation' is obsolete: 'This enumeration is deprecated in Revit 2026 and may be removed in a later version of Revit. You can use RebarTerminationOrientation enumeration instead.' [C:\Users\DELL\source\repos\antiGGGravity\antiGGGravity_3wz5sewq_wpftmp.csproj]
C:\Users\DELL\source\repos\antiGGGravity\StructuralRebar\Core\Engine\RebarEngine.cs(378,46): warning CS0618: 'RebarHookOrientation' is obsolete: 'This enumeration is deprecated in Revit 2026 and may be removed in a later version of Revit. You can use RebarTerminationOrientation enumeration instead.' [C:\Users\DELL\source\repos\antiGGGravity\antiGGGravity_3wz5sewq_wpftmp.csproj]
C:\Users\DELL\source\repos\antiGGGravity\Commands\Rebar\RebarCrankCommand.cs(258,13): warning CS0618: 'RebarHookOrientation' is obsolete: 'This enumeration is deprecated in Revit 2026 and may be removed in a later version of Revit. You can use RebarTerminationOrientation enumeration instead.' [C:\Users\DELL\source\repos\antiGGGravity\antiGGGravity_3wz5sewq_wpftmp.csproj]
C:\Users\DELL\source\repos\antiGGGravity\Commands\Rebar\RebarCrankCommand.cs(258,49): warning CS0618: 'RebarHookOrientation' is obsolete: 'This enumeration is deprecated in Revit 2026 and may be removed in a later version of Revit. You can use RebarTerminationOrientation enumeration instead.' [C:\Users\DELL\source\repos\antiGGGravity\antiGGGravity_3wz5sewq_wpftmp.csproj]
C:\Users\DELL\source\repos\antiGGGravity\Commands\Rebar\RebarCrankCommand.cs(275,27): warning CS0618: 'RebarHookOrientation' is obsolete: 'This enumeration is deprecated in Revit 2026 and may be removed in a later version of Revit. You can use RebarTerminationOrientation enumeration instead.' [C:\Users\DELL\source\repos\antiGGGravity\antiGGGravity_3wz5sewq_wpftmp.csproj]
C:\Users\DELL\source\repos\antiGGGravity\Commands\Rebar\RebarCrankCommand.cs(276,27): warning CS0618: 'RebarHookOrientation' is obsolete: 'This enumeration is deprecated in Revit 2026 and may be removed in a later version of Revit. You can use RebarTerminationOrientation enumeration instead.' [C:\Users\DELL\source\repos\antiGGGravity\antiGGGravity_3wz5sewq_wpftmp.csproj]
C:\Users\DELL\source\repos\antiGGGravity\Commands\Rebar\RebarCrankCommand.cs(336,34): warning CS0618: 'Rebar.CreateFromCurves(Document, RebarStyle, RebarBarType, RebarHookType, RebarHookType, Element, XYZ, IList<Curve>, RebarHookOrientation, RebarHookOrientation, bool, bool)' is obsolete: 'This method is deprecated in Revit 2026 and may be removed in a later version of Revit. Please use Rebar.CreateFromCurves(Document doc, RebarStyle style, RebarBarType barType, Element host, XYZ norm, IList<Curve> curves, BarTerminationsData barTerminationsData, bool useExistingShapeIfPossible, bool createNewShape) instead.' [C:\Users\DELL\source\repos\antiGGGravity\antiGGGravity_3wz5sewq_wpftmp.csproj]
C:\Users\DELL\source\repos\antiGGGravity\Commands\Rebar\RebarCrankCommand.cs(344,34): warning CS0618: 'Rebar.CreateFromCurves(Document, RebarStyle, RebarBarType, RebarHookType, RebarHookType, Element, XYZ, IList<Curve>, RebarHookOrientation, RebarHookOrientation, bool, bool)' is obsolete: 'This method is deprecated in Revit 2026 and may be removed in a later version of Revit. Please use Rebar.CreateFromCurves(Document doc, RebarStyle style, RebarBarType barType, Element host, XYZ norm, IList<Curve> curves, BarTerminationsData barTerminationsData, bool useExistingShapeIfPossible, bool createNewShape) instead.' [C:\Users\DELL\source\repos\antiGGGravity\antiGGGravity_3wz5sewq_wpftmp.csproj]
C:\Users\DELL\source\repos\antiGGGravity\StructuralRebar\Core\Engine\RebarEngine.cs(1664,44): warning CS0618: 'RebarHookOrientation' is obsolete: 'This enumeration is deprecated in Revit 2026 and may be removed in a later version of Revit. You can use RebarTerminationOrientation enumeration instead.' [C:\Users\DELL\source\repos\antiGGGravity\antiGGGravity_3wz5sewq_wpftmp.csproj]
C:\Users\DELL\source\repos\antiGGGravity\StructuralRebar\Core\Engine\RebarEngine.cs(1665,42): warning CS0618: 'RebarHookOrientation' is obsolete: 'This enumeration is deprecated in Revit 2026 and may be removed in a later version of Revit. You can use RebarTerminationOrientation enumeration instead.' [C:\Users\DELL\source\repos\antiGGGravity\antiGGGravity_3wz5sewq_wpftmp.csproj]
C:\Users\DELL\source\repos\antiGGGravity\Views\Overrides\ColorSplasherView.xaml.cs(23,31): warning CS0169: The field 'ColorSplasherView._filtersEvent' is never used [C:\Users\DELL\source\repos\antiGGGravity\antiGGGravity_3wz5sewq_wpftmp.csproj]
C:\Users\DELL\source\repos\antiGGGravity\Views\Management\DuplicateSheetsView.xaml.cs(190,50): warning CS0067: The event 'DuplicateSheetItem.PropertyChanged' is never used [C:\Users\DELL\source\repos\antiGGGravity\antiGGGravity_3wz5sewq_wpftmp.csproj]
C:\Users\DELL\source\repos\antiGGGravity\Utilities\RibbonBuilder.cs(15,33): warning CS0169: The field 'RibbonBuilder._currentPanelName' is never used [C:\Users\DELL\source\repos\antiGGGravity\antiGGGravity_3wz5sewq_wpftmp.csproj]
C:\Users\DELL\source\repos\antiGGGravity\Utilities\RibbonBuilder.cs(16,33): warning CS0169: The field 'RibbonBuilder._currentPulldownName' is never used [C:\Users\DELL\source\repos\antiGGGravity\antiGGGravity_3wz5sewq_wpftmp.csproj]
C:\Users\DELL\source\repos\antiGGGravity\Views\Overrides\ColorSplasherView.xaml.cs(22,31): warning CS0169: The field 'ColorSplasherView._legendEvent' is never used [C:\Users\DELL\source\repos\antiGGGravity\antiGGGravity_3wz5sewq_wpftmp.csproj]
C:\Users\DELL\source\repos\antiGGGravity\Views\Overrides\ColorSplasherView.xaml.cs(21,31): warning CS0169: The field 'ColorSplasherView._resetEvent' is never used [C:\Users\DELL\source\repos\antiGGGravity\antiGGGravity_3wz5sewq_wpftmp.csproj]
C:\Users\DELL\source\repos\antiGGGravity\Utilities\HardwareIdGenerator.cs(46,41): warning CA1416: This call site is reachable on all platforms. 'ManagementObjectSearcher.Get()' is only supported on: 'windows'. (https://learn.microsoft.com/dotnet/fundamentals/code-analysis/quality-rules/ca1416) [C:\Users\DELL\source\repos\antiGGGravity\antiGGGravity_3wz5sewq_wpftmp.csproj]
C:\Users\DELL\source\repos\antiGGGravity\Utilities\HardwareIdGenerator.cs(48,37): warning CA1416: This call site is reachable on all platforms. 'ManagementBaseObject.this[string]' is only supported on: 'windows'. (https://learn.microsoft.com/dotnet/fundamentals/code-analysis/quality-rules/ca1416) [C:\Users\DELL\source\repos\antiGGGravity\antiGGGravity_3wz5sewq_wpftmp.csproj]
C:\Users\DELL\source\repos\antiGGGravity\Utilities\HardwareIdGenerator.cs(44,39): warning CA1416: This call site is reachable on all platforms. 'ManagementObjectSearcher' is only supported on: 'windows'. (https://learn.microsoft.com/dotnet/fundamentals/code-analysis/quality-rules/ca1416) [C:\Users\DELL\source\repos\antiGGGravity\antiGGGravity_3wz5sewq_wpftmp.csproj]

Build FAILED.

C:\Users\DELL\source\repos\antiGGGravity\StructuralRebar\Core\Layout\StripFootingLayoutGenerator.cs(80,38): warning CS8632: The annotation for nullable reference types should only be used in code within a '#nullable' annotations context. [C:\Users\DELL\source\repos\antiGGGravity\antiGGGravity_3wz5sewq_wpftmp.csproj]
C:\Users\DELL\source\repos\antiGGGravity\StructuralRebar\DTO\RebarDefinition.cs(49,16): warning CS0618: 'RebarHookOrientation' is obsolete: 'This enumeration is deprecated in Revit 2026 and may be removed in a later version of Revit. You can use RebarTerminationOrientation enumeration instead.' [C:\Users\DELL\source\repos\antiGGGravity\antiGGGravity_3wz5sewq_wpftmp.csproj]
C:\Users\DELL\source\repos\antiGGGravity\StructuralRebar\DTO\RebarDefinition.cs(50,16): warning CS0618: 'RebarHookOrientation' is obsolete: 'This enumeration is deprecated in Revit 2026 and may be removed in a later version of Revit. You can use RebarTerminationOrientation enumeration instead.' [C:\Users\DELL\source\repos\antiGGGravity\antiGGGravity_3wz5sewq_wpftmp.csproj]
C:\Users\DELL\source\repos\antiGGGravity\Views\VisibilityGraphic\QuickVgView.xaml.cs(72,37): warning CS0168: The variable 'ex' is declared but never used [C:\Users\DELL\source\repos\antiGGGravity\antiGGGravity_3wz5sewq_wpftmp.csproj]
C:\Users\DELL\source\repos\antiGGGravity\Views\Management\DuplicateSheetsView.xaml.cs(80,38): warning CS0168: The variable 'ex' is declared but never used [C:\Users\DELL\source\repos\antiGGGravity\antiGGGravity_3wz5sewq_wpftmp.csproj]
C:\Users\DELL\source\repos\antiGGGravity\StructuralRebar\Core\Creation\RebarCreationService.cs(59,37): warning CS0618: 'Rebar.CreateFromCurves(Document, RebarStyle, RebarBarType, RebarHookType, RebarHookType, Element, XYZ, IList<Curve>, RebarHookOrientation, RebarHookOrientation, bool, bool)' is obsolete: 'This method is deprecated in Revit 2026 and may be removed in a later version of Revit. Please use Rebar.CreateFromCurves(Document doc, RebarStyle style, RebarBarType barType, Element host, XYZ norm, IList<Curve> curves, BarTerminationsData barTerminationsData, bool useExistingShapeIfPossible, bool createNewShape) instead.' [C:\Users\DELL\source\repos\antiGGGravity\antiGGGravity_3wz5sewq_wpftmp.csproj]
C:\Users\DELL\source\repos\antiGGGravity\StructuralRebar\Core\Creation\RebarCreationService.cs(85,37): warning CS0618: 'Rebar.CreateFromCurves(Document, RebarStyle, RebarBarType, RebarHookType, RebarHookType, Element, XYZ, IList<Curve>, RebarHookOrientation, RebarHookOrientation, bool, bool)' is obsolete: 'This method is deprecated in Revit 2026 and may be removed in a later version of Revit. Please use Rebar.CreateFromCurves(Document doc, RebarStyle style, RebarBarType barType, Element host, XYZ norm, IList<Curve> curves, BarTerminationsData barTerminationsData, bool useExistingShapeIfPossible, bool createNewShape) instead.' [C:\Users\DELL\source\repos\antiGGGravity\antiGGGravity_3wz5sewq_wpftmp.csproj]
C:\Users\DELL\source\repos\antiGGGravity\StructuralRebar\Core\Layout\WallLayoutGenerator.cs(47,13): warning CS0618: 'RebarHookOrientation' is obsolete: 'This enumeration is deprecated in Revit 2026 and may be removed in a later version of Revit. You can use RebarTerminationOrientation enumeration instead.' [C:\Users\DELL\source\repos\antiGGGravity\antiGGGravity_3wz5sewq_wpftmp.csproj]
C:\Users\DELL\source\repos\antiGGGravity\StructuralRebar\Core\Layout\WallLayoutGenerator.cs(50,42): warning CS0618: 'RebarHookOrientation' is obsolete: 'This enumeration is deprecated in Revit 2026 and may be removed in a later version of Revit. You can use RebarTerminationOrientation enumeration instead.' [C:\Users\DELL\source\repos\antiGGGravity\antiGGGravity_3wz5sewq_wpftmp.csproj]
C:\Users\DELL\source\repos\antiGGGravity\StructuralRebar\Core\Layout\WallLayoutGenerator.cs(50,71): warning CS0618: 'RebarHookOrientation' is obsolete: 'This enumeration is deprecated in Revit 2026 and may be removed in a later version of Revit. You can use RebarTerminationOrientation enumeration instead.' [C:\Users\DELL\source\repos\antiGGGravity\antiGGGravity_3wz5sewq_wpftmp.csproj]
C:\Users\DELL\source\repos\antiGGGravity\StructuralRebar\Core\Layout\WallLayoutGenerator.cs(51,40): warning CS0618: 'RebarHookOrientation' is obsolete: 'This enumeration is deprecated in Revit 2026 and may be removed in a later version of Revit. You can use RebarTerminationOrientation enumeration instead.' [C:\Users\DELL\source\repos\antiGGGravity\antiGGGravity_3wz5sewq_wpftmp.csproj]
C:\Users\DELL\source\repos\antiGGGravity\StructuralRebar\Core\Layout\WallLayoutGenerator.cs(51,69): warning CS0618: 'RebarHookOrientation' is obsolete: 'This enumeration is deprecated in Revit 2026 and may be removed in a later version of Revit. You can use RebarTerminationOrientation enumeration instead.' [C:\Users\DELL\source\repos\antiGGGravity\antiGGGravity_3wz5sewq_wpftmp.csproj]
C:\Users\DELL\source\repos\antiGGGravity\StructuralRebar\Core\Layout\WallLayoutGenerator.cs(55,42): warning CS0618: 'RebarHookOrientation' is obsolete: 'This enumeration is deprecated in Revit 2026 and may be removed in a later version of Revit. You can use RebarTerminationOrientation enumeration instead.' [C:\Users\DELL\source\repos\antiGGGravity\antiGGGravity_3wz5sewq_wpftmp.csproj]
C:\Users\DELL\source\repos\antiGGGravity\StructuralRebar\Core\Layout\WallLayoutGenerator.cs(55,70): warning CS0618: 'RebarHookOrientation' is obsolete: 'This enumeration is deprecated in Revit 2026 and may be removed in a later version of Revit. You can use RebarTerminationOrientation enumeration instead.' [C:\Users\DELL\source\repos\antiGGGravity\antiGGGravity_3wz5sewq_wpftmp.csproj]
C:\Users\DELL\source\repos\antiGGGravity\StructuralRebar\Core\Layout\WallLayoutGenerator.cs(56,40): warning CS0618: 'RebarHookOrientation' is obsolete: 'This enumeration is deprecated in Revit 2026 and may be removed in a later version of Revit. You can use RebarTerminationOrientation enumeration instead.' [C:\Users\DELL\source\repos\antiGGGravity\antiGGGravity_3wz5sewq_wpftmp.csproj]
C:\Users\DELL\source\repos\antiGGGravity\StructuralRebar\Core\Layout\WallLayoutGenerator.cs(56,68): warning CS0618: 'RebarHookOrientation' is obsolete: 'This enumeration is deprecated in Revit 2026 and may be removed in a later version of Revit. You can use RebarTerminationOrientation enumeration instead.' [C:\Users\DELL\source\repos\antiGGGravity\antiGGGravity_3wz5sewq_wpftmp.csproj]
C:\Users\DELL\source\repos\antiGGGravity\StructuralRebar\Core\Layout\ColumnLayoutGenerator.cs(67,40): warning CS0618: 'RebarHookOrientation' is obsolete: 'This enumeration is deprecated in Revit 2026 and may be removed in a later version of Revit. You can use RebarTerminationOrientation enumeration instead.' [C:\Users\DELL\source\repos\antiGGGravity\antiGGGravity_3wz5sewq_wpftmp.csproj]
C:\Users\DELL\source\repos\antiGGGravity\StructuralRebar\Core\Layout\ColumnLayoutGenerator.cs(68,38): warning CS0618: 'RebarHookOrientation' is obsolete: 'This enumeration is deprecated in Revit 2026 and may be removed in a later version of Revit. You can use RebarTerminationOrientation enumeration instead.' [C:\Users\DELL\source\repos\antiGGGravity\antiGGGravity_3wz5sewq_wpftmp.csproj]
C:\Users\DELL\source\repos\antiGGGravity\StructuralRebar\Core\Layout\WallLayoutGenerator.cs(116,13): warning CS0618: 'RebarHookOrientation' is obsolete: 'This enumeration is deprecated in Revit 2026 and may be removed in a later version of Revit. You can use RebarTerminationOrientation enumeration instead.' [C:\Users\DELL\source\repos\antiGGGravity\antiGGGravity_3wz5sewq_wpftmp.csproj]
C:\Users\DELL\source\repos\antiGGGravity\StructuralRebar\Core\Layout\WallLayoutGenerator.cs(119,42): warning CS0618: 'RebarHookOrientation' is obsolete: 'This enumeration is deprecated in Revit 2026 and may be removed in a later version of Revit. You can use RebarTerminationOrientation enumeration instead.' [C:\Users\DELL\source\repos\antiGGGravity\antiGGGravity_3wz5sewq_wpftmp.csproj]
C:\Users\DELL\source\repos\antiGGGravity\StructuralRebar\Core\Layout\WallLayoutGenerator.cs(119,70): warning CS0618: 'RebarHookOrientation' is obsolete: 'This enumeration is deprecated in Revit 2026 and may be removed in a later version of Revit. You can use RebarTerminationOrientation enumeration instead.' [C:\Users\DELL\source\repos\antiGGGravity\antiGGGravity_3wz5sewq_wpftmp.csproj]
C:\Users\DELL\source\repos\antiGGGravity\StructuralRebar\Core\Layout\WallLayoutGenerator.cs(120,40): warning CS0618: 'RebarHookOrientation' is obsolete: 'This enumeration is deprecated in Revit 2026 and may be removed in a later version of Revit. You can use RebarTerminationOrientation enumeration instead.' [C:\Users\DELL\source\repos\antiGGGravity\antiGGGravity_3wz5sewq_wpftmp.csproj]
C:\Users\DELL\source\repos\antiGGGravity\StructuralRebar\Core\Layout\WallLayoutGenerator.cs(120,68): warning CS0618: 'RebarHookOrientation' is obsolete: 'This enumeration is deprecated in Revit 2026 and may be removed in a later version of Revit. You can use RebarTerminationOrientation enumeration instead.' [C:\Users\DELL\source\repos\antiGGGravity\antiGGGravity_3wz5sewq_wpftmp.csproj]
C:\Users\DELL\source\repos\antiGGGravity\StructuralRebar\Core\Layout\WallLayoutGenerator.cs(124,42): warning CS0618: 'RebarHookOrientation' is obsolete: 'This enumeration is deprecated in Revit 2026 and may be removed in a later version of Revit. You can use RebarTerminationOrientation enumeration instead.' [C:\Users\DELL\source\repos\antiGGGravity\antiGGGravity_3wz5sewq_wpftmp.csproj]
C:\Users\DELL\source\repos\antiGGGravity\StructuralRebar\Core\Layout\WallLayoutGenerator.cs(124,71): warning CS0618: 'RebarHookOrientation' is obsolete: 'This enumeration is deprecated in Revit 2026 and may be removed in a later version of Revit. You can use RebarTerminationOrientation enumeration instead.' [C:\Users\DELL\source\repos\antiGGGravity\antiGGGravity_3wz5sewq_wpftmp.csproj]
C:\Users\DELL\source\repos\antiGGGravity\StructuralRebar\Core\Layout\WallLayoutGenerator.cs(125,40): warning CS0618: 'RebarHookOrientation' is obsolete: 'This enumeration is deprecated in Revit 2026 and may be removed in a later version of Revit. You can use RebarTerminationOrientation enumeration instead.' [C:\Users\DELL\source\repos\antiGGGravity\antiGGGravity_3wz5sewq_wpftmp.csproj]
C:\Users\DELL\source\repos\antiGGGravity\StructuralRebar\Core\Layout\WallLayoutGenerator.cs(125,69): warning CS0618: 'RebarHookOrientation' is obsolete: 'This enumeration is deprecated in Revit 2026 and may be removed in a later version of Revit. You can use RebarTerminationOrientation enumeration instead.' [C:\Users\DELL\source\repos\antiGGGravity\antiGGGravity_3wz5sewq_wpftmp.csproj]
C:\Users\DELL\source\repos\antiGGGravity\StructuralRebar\DTO\RebarDefinition.cs(49,74): warning CS0618: 'RebarHookOrientation' is obsolete: 'This enumeration is deprecated in Revit 2026 and may be removed in a later version of Revit. You can use RebarTerminationOrientation enumeration instead.' [C:\Users\DELL\source\repos\antiGGGravity\antiGGGravity_3wz5sewq_wpftmp.csproj]
C:\Users\DELL\source\repos\antiGGGravity\StructuralRebar\DTO\RebarDefinition.cs(50,72): warning CS0618: 'RebarHookOrientation' is obsolete: 'This enumeration is deprecated in Revit 2026 and may be removed in a later version of Revit. You can use RebarTerminationOrientation enumeration instead.' [C:\Users\DELL\source\repos\antiGGGravity\antiGGGravity_3wz5sewq_wpftmp.csproj]
C:\Users\DELL\source\repos\antiGGGravity\StructuralRebar\Core\Layout\StripFootingLayoutGenerator.cs(74,40): warning CS0618: 'RebarHookOrientation' is obsolete: 'This enumeration is deprecated in Revit 2026 and may be removed in a later version of Revit. You can use RebarTerminationOrientation enumeration instead.' [C:\Users\DELL\source\repos\antiGGGravity\antiGGGravity_3wz5sewq_wpftmp.csproj]
C:\Users\DELL\source\repos\antiGGGravity\StructuralRebar\Core\Layout\StripFootingLayoutGenerator.cs(75,38): warning CS0618: 'RebarHookOrientation' is obsolete: 'This enumeration is deprecated in Revit 2026 and may be removed in a later version of Revit. You can use RebarTerminationOrientation enumeration instead.' [C:\Users\DELL\source\repos\antiGGGravity\antiGGGravity_3wz5sewq_wpftmp.csproj]
C:\Users\DELL\source\repos\antiGGGravity\StructuralRebar\Core\Layout\ColumnLayoutGenerator.cs(131,44): warning CS0618: 'RebarHookOrientation' is obsolete: 'This enumeration is deprecated in Revit 2026 and may be removed in a later version of Revit. You can use RebarTerminationOrientation enumeration instead.' [C:\Users\DELL\source\repos\antiGGGravity\antiGGGravity_3wz5sewq_wpftmp.csproj]
C:\Users\DELL\source\repos\antiGGGravity\StructuralRebar\Core\Layout\ColumnLayoutGenerator.cs(132,42): warning CS0618: 'RebarHookOrientation' is obsolete: 'This enumeration is deprecated in Revit 2026 and may be removed in a later version of Revit. You can use RebarTerminationOrientation enumeration instead.' [C:\Users\DELL\source\repos\antiGGGravity\antiGGGravity_3wz5sewq_wpftmp.csproj]
C:\Users\DELL\source\repos\antiGGGravity\StructuralRebar\Core\Layout\ParallelLayoutGenerator.cs(93,13): warning CS0618: 'RebarHookOrientation' is obsolete: 'This enumeration is deprecated in Revit 2026 and may be removed in a later version of Revit. You can use RebarTerminationOrientation enumeration instead.' [C:\Users\DELL\source\repos\antiGGGravity\antiGGGravity_3wz5sewq_wpftmp.csproj]
C:\Users\DELL\source\repos\antiGGGravity\StructuralRebar\Core\Layout\ParallelLayoutGenerator.cs(94,19): warning CS0618: 'RebarHookOrientation' is obsolete: 'This enumeration is deprecated in Revit 2026 and may be removed in a later version of Revit. You can use RebarTerminationOrientation enumeration instead.' [C:\Users\DELL\source\repos\antiGGGravity\antiGGGravity_3wz5sewq_wpftmp.csproj]
C:\Users\DELL\source\repos\antiGGGravity\StructuralRebar\Core\Layout\ParallelLayoutGenerator.cs(95,19): warning CS0618: 'RebarHookOrientation' is obsolete: 'This enumeration is deprecated in Revit 2026 and may be removed in a later version of Revit. You can use RebarTerminationOrientation enumeration instead.' [C:\Users\DELL\source\repos\antiGGGravity\antiGGGravity_3wz5sewq_wpftmp.csproj]
C:\Users\DELL\source\repos\antiGGGravity\StructuralRebar\Core\Layout\StripFootingLayoutGenerator.cs(110,13): warning CS0618: 'RebarHookOrientation' is obsolete: 'This enumeration is deprecated in Revit 2026 and may be removed in a later version of Revit. You can use RebarTerminationOrientation enumeration instead.' [C:\Users\DELL\source\repos\antiGGGravity\antiGGGravity_3wz5sewq_wpftmp.csproj]
C:\Users\DELL\source\repos\antiGGGravity\StructuralRebar\Core\Layout\StripFootingLayoutGenerator.cs(114,26): warning CS0618: 'RebarHookOrientation' is obsolete: 'This enumeration is deprecated in Revit 2026 and may be removed in a later version of Revit. You can use RebarTerminationOrientation enumeration instead.' [C:\Users\DELL\source\repos\antiGGGravity\antiGGGravity_3wz5sewq_wpftmp.csproj]
C:\Users\DELL\source\repos\antiGGGravity\StructuralRebar\Core\Layout\StripFootingLayoutGenerator.cs(119,26): warning CS0618: 'RebarHookOrientation' is obsolete: 'This enumeration is deprecated in Revit 2026 and may be removed in a later version of Revit. You can use RebarTerminationOrientation enumeration instead.' [C:\Users\DELL\source\repos\antiGGGravity\antiGGGravity_3wz5sewq_wpftmp.csproj]
C:\Users\DELL\source\repos\antiGGGravity\StructuralRebar\Core\Layout\ColumnLayoutGenerator.cs(202,59): warning CS0618: 'RebarHookOrientation' is obsolete: 'This enumeration is deprecated in Revit 2026 and may be removed in a later version of Revit. You can use RebarTerminationOrientation enumeration instead.' [C:\Users\DELL\source\repos\antiGGGravity\antiGGGravity_3wz5sewq_wpftmp.csproj]
C:\Users\DELL\source\repos\antiGGGravity\StructuralRebar\Core\Layout\ColumnLayoutGenerator.cs(202,87): warning CS0618: 'RebarHookOrientation' is obsolete: 'This enumeration is deprecated in Revit 2026 and may be removed in a later version of Revit. You can use RebarTerminationOrientation enumeration instead.' [C:\Users\DELL\source\repos\antiGGGravity\antiGGGravity_3wz5sewq_wpftmp.csproj]
C:\Users\DELL\source\repos\antiGGGravity\StructuralRebar\Core\Layout\ColumnLayoutGenerator.cs(203,55): warning CS0618: 'RebarHookOrientation' is obsolete: 'This enumeration is deprecated in Revit 2026 and may be removed in a later version of Revit. You can use RebarTerminationOrientation enumeration instead.' [C:\Users\DELL\source\repos\antiGGGravity\antiGGGravity_3wz5sewq_wpftmp.csproj]
C:\Users\DELL\source\repos\antiGGGravity\StructuralRebar\Core\Layout\ColumnLayoutGenerator.cs(203,83): warning CS0618: 'RebarHookOrientation' is obsolete: 'This enumeration is deprecated in Revit 2026 and may be removed in a later version of Revit. You can use RebarTerminationOrientation enumeration instead.' [C:\Users\DELL\source\repos\antiGGGravity\antiGGGravity_3wz5sewq_wpftmp.csproj]
C:\Users\DELL\source\repos\antiGGGravity\StructuralRebar\Core\Calculators\DesignCodeCalculator.cs(71,20): warning CS0219: The variable 'endZoneFactor' is assigned but its value is never used [C:\Users\DELL\source\repos\antiGGGravity\antiGGGravity_3wz5sewq_wpftmp.csproj]
C:\Users\DELL\source\repos\antiGGGravity\Views\ProjectAudit\FamilyDuplicatorView.xaml.cs(657,20): warning CS8073: The result of the expression is always 'true' since a value of type 'DataGridCellInfo' is never equal to 'null' of type 'DataGridCellInfo?' [C:\Users\DELL\source\repos\antiGGGravity\antiGGGravity_3wz5sewq_wpftmp.csproj]
C:\Users\DELL\source\repos\antiGGGravity\StructuralRebar\Core\Layout\FootingPadLayoutGenerator.cs(108,48): warning CS0618: 'RebarHookOrientation' is obsolete: 'This enumeration is deprecated in Revit 2026 and may be removed in a later version of Revit. You can use RebarTerminationOrientation enumeration instead.' [C:\Users\DELL\source\repos\antiGGGravity\antiGGGravity_3wz5sewq_wpftmp.csproj]
C:\Users\DELL\source\repos\antiGGGravity\StructuralRebar\Core\Layout\FootingPadLayoutGenerator.cs(108,76): warning CS0618: 'RebarHookOrientation' is obsolete: 'This enumeration is deprecated in Revit 2026 and may be removed in a later version of Revit. You can use RebarTerminationOrientation enumeration instead.' [C:\Users\DELL\source\repos\antiGGGravity\antiGGGravity_3wz5sewq_wpftmp.csproj]
C:\Users\DELL\source\repos\antiGGGravity\StructuralRebar\Core\Layout\FootingPadLayoutGenerator.cs(109,46): warning CS0618: 'RebarHookOrientation' is obsolete: 'This enumeration is deprecated in Revit 2026 and may be removed in a later version of Revit. You can use RebarTerminationOrientation enumeration instead.' [C:\Users\DELL\source\repos\antiGGGravity\antiGGGravity_3wz5sewq_wpftmp.csproj]
C:\Users\DELL\source\repos\antiGGGravity\StructuralRebar\Core\Layout\FootingPadLayoutGenerator.cs(109,74): warning CS0618: 'RebarHookOrientation' is obsolete: 'This enumeration is deprecated in Revit 2026 and may be removed in a later version of Revit. You can use RebarTerminationOrientation enumeration instead.' [C:\Users\DELL\source\repos\antiGGGravity\antiGGGravity_3wz5sewq_wpftmp.csproj]
C:\Users\DELL\source\repos\antiGGGravity\StructuralRebar\Core\Layout\FootingPadLayoutGenerator.cs(148,48): warning CS0618: 'RebarHookOrientation' is obsolete: 'This enumeration is deprecated in Revit 2026 and may be removed in a later version of Revit. You can use RebarTerminationOrientation enumeration instead.' [C:\Users\DELL\source\repos\antiGGGravity\antiGGGravity_3wz5sewq_wpftmp.csproj]
C:\Users\DELL\source\repos\antiGGGravity\StructuralRebar\Core\Layout\FootingPadLayoutGenerator.cs(148,76): warning CS0618: 'RebarHookOrientation' is obsolete: 'This enumeration is deprecated in Revit 2026 and may be removed in a later version of Revit. You can use RebarTerminationOrientation enumeration instead.' [C:\Users\DELL\source\repos\antiGGGravity\antiGGGravity_3wz5sewq_wpftmp.csproj]
C:\Users\DELL\source\repos\antiGGGravity\StructuralRebar\Core\Layout\FootingPadLayoutGenerator.cs(149,46): warning CS0618: 'RebarHookOrientation' is obsolete: 'This enumeration is deprecated in Revit 2026 and may be removed in a later version of Revit. You can use RebarTerminationOrientation enumeration instead.' [C:\Users\DELL\source\repos\antiGGGravity\antiGGGravity_3wz5sewq_wpftmp.csproj]
C:\Users\DELL\source\repos\antiGGGravity\StructuralRebar\Core\Layout\FootingPadLayoutGenerator.cs(149,74): warning CS0618: 'RebarHookOrientation' is obsolete: 'This enumeration is deprecated in Revit 2026 and may be removed in a later version of Revit. You can use RebarTerminationOrientation enumeration instead.' [C:\Users\DELL\source\repos\antiGGGravity\antiGGGravity_3wz5sewq_wpftmp.csproj]
C:\Users\DELL\source\repos\antiGGGravity\StructuralRebar\Core\Layout\FootingPadLayoutGenerator.cs(117,17): warning CS0168: The variable 'p1_2' is declared but never used [C:\Users\DELL\source\repos\antiGGGravity\antiGGGravity_3wz5sewq_wpftmp.csproj]
C:\Users\DELL\source\repos\antiGGGravity\StructuralRebar\Core\Layout\FootingPadLayoutGenerator.cs(117,23): warning CS0168: The variable 'p2_2' is declared but never used [C:\Users\DELL\source\repos\antiGGGravity\antiGGGravity_3wz5sewq_wpftmp.csproj]
C:\Users\DELL\source\repos\antiGGGravity\StructuralRebar\Core\Layout\FootingPadLayoutGenerator.cs(117,29): warning CS0168: The variable 'distDir2' is declared but never used [C:\Users\DELL\source\repos\antiGGGravity\antiGGGravity_3wz5sewq_wpftmp.csproj]
C:\Users\DELL\source\repos\antiGGGravity\StructuralRebar\Core\Layout\FootingPadLayoutGenerator.cs(118,20): warning CS0168: The variable 'distLen2' is declared but never used [C:\Users\DELL\source\repos\antiGGGravity\antiGGGravity_3wz5sewq_wpftmp.csproj]
C:\Users\DELL\source\repos\antiGGGravity\Commands\Rebar\RebarSplitCommand.cs(196,13): warning CS0618: 'RebarHookOrientation' is obsolete: 'This enumeration is deprecated in Revit 2026 and may be removed in a later version of Revit. You can use RebarTerminationOrientation enumeration instead.' [C:\Users\DELL\source\repos\antiGGGravity\antiGGGravity_3wz5sewq_wpftmp.csproj]
C:\Users\DELL\source\repos\antiGGGravity\Commands\Rebar\RebarSplitCommand.cs(196,49): warning CS0618: 'RebarHookOrientation' is obsolete: 'This enumeration is deprecated in Revit 2026 and may be removed in a later version of Revit. You can use RebarTerminationOrientation enumeration instead.' [C:\Users\DELL\source\repos\antiGGGravity\antiGGGravity_3wz5sewq_wpftmp.csproj]
C:\Users\DELL\source\repos\antiGGGravity\Commands\Rebar\RebarSplitCommand.cs(208,27): warning CS0618: 'RebarHookOrientation' is obsolete: 'This enumeration is deprecated in Revit 2026 and may be removed in a later version of Revit. You can use RebarTerminationOrientation enumeration instead.' [C:\Users\DELL\source\repos\antiGGGravity\antiGGGravity_3wz5sewq_wpftmp.csproj]
C:\Users\DELL\source\repos\antiGGGravity\Commands\Rebar\RebarSplitCommand.cs(209,27): warning CS0618: 'RebarHookOrientation' is obsolete: 'This enumeration is deprecated in Revit 2026 and may be removed in a later version of Revit. You can use RebarTerminationOrientation enumeration instead.' [C:\Users\DELL\source\repos\antiGGGravity\antiGGGravity_3wz5sewq_wpftmp.csproj]
C:\Users\DELL\source\repos\antiGGGravity\Commands\Rebar\RebarSplitCommand.cs(259,34): warning CS0618: 'Rebar.CreateFromCurves(Document, RebarStyle, RebarBarType, RebarHookType, RebarHookType, Element, XYZ, IList<Curve>, RebarHookOrientation, RebarHookOrientation, bool, bool)' is obsolete: 'This method is deprecated in Revit 2026 and may be removed in a later version of Revit. Please use Rebar.CreateFromCurves(Document doc, RebarStyle style, RebarBarType barType, Element host, XYZ norm, IList<Curve> curves, BarTerminationsData barTerminationsData, bool useExistingShapeIfPossible, bool createNewShape) instead.' [C:\Users\DELL\source\repos\antiGGGravity\antiGGGravity_3wz5sewq_wpftmp.csproj]
C:\Users\DELL\source\repos\antiGGGravity\Commands\Rebar\RebarSplitCommand.cs(267,34): warning CS0618: 'Rebar.CreateFromCurves(Document, RebarStyle, RebarBarType, RebarHookType, RebarHookType, Element, XYZ, IList<Curve>, RebarHookOrientation, RebarHookOrientation, bool, bool)' is obsolete: 'This method is deprecated in Revit 2026 and may be removed in a later version of Revit. Please use Rebar.CreateFromCurves(Document doc, RebarStyle style, RebarBarType barType, Element host, XYZ norm, IList<Curve> curves, BarTerminationsData barTerminationsData, bool useExistingShapeIfPossible, bool createNewShape) instead.' [C:\Users\DELL\source\repos\antiGGGravity\antiGGGravity_3wz5sewq_wpftmp.csproj]
C:\Users\DELL\source\repos\antiGGGravity\StructuralRebar\Core\Engine\RebarEngine.cs(293,48): warning CS0618: 'RebarHookOrientation' is obsolete: 'This enumeration is deprecated in Revit 2026 and may be removed in a later version of Revit. You can use RebarTerminationOrientation enumeration instead.' [C:\Users\DELL\source\repos\antiGGGravity\antiGGGravity_3wz5sewq_wpftmp.csproj]
C:\Users\DELL\source\repos\antiGGGravity\StructuralRebar\Core\Engine\RebarEngine.cs(294,46): warning CS0618: 'RebarHookOrientation' is obsolete: 'This enumeration is deprecated in Revit 2026 and may be removed in a later version of Revit. You can use RebarTerminationOrientation enumeration instead.' [C:\Users\DELL\source\repos\antiGGGravity\antiGGGravity_3wz5sewq_wpftmp.csproj]
C:\Users\DELL\source\repos\antiGGGravity\StructuralRebar\Core\Engine\RebarEngine.cs(377,48): warning CS0618: 'RebarHookOrientation' is obsolete: 'This enumeration is deprecated in Revit 2026 and may be removed in a later version of Revit. You can use RebarTerminationOrientation enumeration instead.' [C:\Users\DELL\source\repos\antiGGGravity\antiGGGravity_3wz5sewq_wpftmp.csproj]
C:\Users\DELL\source\repos\antiGGGravity\StructuralRebar\Core\Engine\RebarEngine.cs(378,46): warning CS0618: 'RebarHookOrientation' is obsolete: 'This enumeration is deprecated in Revit 2026 and may be removed in a later version of Revit. You can use RebarTerminationOrientation enumeration instead.' [C:\Users\DELL\source\repos\antiGGGravity\antiGGGravity_3wz5sewq_wpftmp.csproj]
C:\Users\DELL\source\repos\antiGGGravity\Commands\Rebar\RebarCrankCommand.cs(258,13): warning CS0618: 'RebarHookOrientation' is obsolete: 'This enumeration is deprecated in Revit 2026 and may be removed in a later version of Revit. You can use RebarTerminationOrientation enumeration instead.' [C:\Users\DELL\source\repos\antiGGGravity\antiGGGravity_3wz5sewq_wpftmp.csproj]
C:\Users\DELL\source\repos\antiGGGravity\Commands\Rebar\RebarCrankCommand.cs(258,49): warning CS0618: 'RebarHookOrientation' is obsolete: 'This enumeration is deprecated in Revit 2026 and may be removed in a later version of Revit. You can use RebarTerminationOrientation enumeration instead.' [C:\Users\DELL\source\repos\antiGGGravity\antiGGGravity_3wz5sewq_wpftmp.csproj]
C:\Users\DELL\source\repos\antiGGGravity\Commands\Rebar\RebarCrankCommand.cs(275,27): warning CS0618: 'RebarHookOrientation' is obsolete: 'This enumeration is deprecated in Revit 2026 and may be removed in a later version of Revit. You can use RebarTerminationOrientation enumeration instead.' [C:\Users\DELL\source\repos\antiGGGravity\antiGGGravity_3wz5sewq_wpftmp.csproj]
C:\Users\DELL\source\repos\antiGGGravity\Commands\Rebar\RebarCrankCommand.cs(276,27): warning CS0618: 'RebarHookOrientation' is obsolete: 'This enumeration is deprecated in Revit 2026 and may be removed in a later version of Revit. You can use RebarTerminationOrientation enumeration instead.' [C:\Users\DELL\source\repos\antiGGGravity\antiGGGravity_3wz5sewq_wpftmp.csproj]
C:\Users\DELL\source\repos\antiGGGravity\Commands\Rebar\RebarCrankCommand.cs(336,34): warning CS0618: 'Rebar.CreateFromCurves(Document, RebarStyle, RebarBarType, RebarHookType, RebarHookType, Element, XYZ, IList<Curve>, RebarHookOrientation, RebarHookOrientation, bool, bool)' is obsolete: 'This method is deprecated in Revit 2026 and may be removed in a later version of Revit. Please use Rebar.CreateFromCurves(Document doc, RebarStyle style, RebarBarType barType, Element host, XYZ norm, IList<Curve> curves, BarTerminationsData barTerminationsData, bool useExistingShapeIfPossible, bool createNewShape) instead.' [C:\Users\DELL\source\repos\antiGGGravity\antiGGGravity_3wz5sewq_wpftmp.csproj]
C:\Users\DELL\source\repos\antiGGGravity\Commands\Rebar\RebarCrankCommand.cs(344,34): warning CS0618: 'Rebar.CreateFromCurves(Document, RebarStyle, RebarBarType, RebarHookType, RebarHookType, Element, XYZ, IList<Curve>, RebarHookOrientation, RebarHookOrientation, bool, bool)' is obsolete: 'This method is deprecated in Revit 2026 and may be removed in a later version of Revit. Please use Rebar.CreateFromCurves(Document doc, RebarStyle style, RebarBarType barType, Element host, XYZ norm, IList<Curve> curves, BarTerminationsData barTerminationsData, bool useExistingShapeIfPossible, bool createNewShape) instead.' [C:\Users\DELL\source\repos\antiGGGravity\antiGGGravity_3wz5sewq_wpftmp.csproj]
C:\Users\DELL\source\repos\antiGGGravity\StructuralRebar\Core\Engine\RebarEngine.cs(1664,44): warning CS0618: 'RebarHookOrientation' is obsolete: 'This enumeration is deprecated in Revit 2026 and may be removed in a later version of Revit. You can use RebarTerminationOrientation enumeration instead.' [C:\Users\DELL\source\repos\antiGGGravity\antiGGGravity_3wz5sewq_wpftmp.csproj]
C:\Users\DELL\source\repos\antiGGGravity\StructuralRebar\Core\Engine\RebarEngine.cs(1665,42): warning CS0618: 'RebarHookOrientation' is obsolete: 'This enumeration is deprecated in Revit 2026 and may be removed in a later version of Revit. You can use RebarTerminationOrientation enumeration instead.' [C:\Users\DELL\source\repos\antiGGGravity\antiGGGravity_3wz5sewq_wpftmp.csproj]
C:\Users\DELL\source\repos\antiGGGravity\Views\Overrides\ColorSplasherView.xaml.cs(23,31): warning CS0169: The field 'ColorSplasherView._filtersEvent' is never used [C:\Users\DELL\source\repos\antiGGGravity\antiGGGravity_3wz5sewq_wpftmp.csproj]
C:\Users\DELL\source\repos\antiGGGravity\Views\Management\DuplicateSheetsView.xaml.cs(190,50): warning CS0067: The event 'DuplicateSheetItem.PropertyChanged' is never used [C:\Users\DELL\source\repos\antiGGGravity\antiGGGravity_3wz5sewq_wpftmp.csproj]
C:\Users\DELL\source\repos\antiGGGravity\Utilities\RibbonBuilder.cs(15,33): warning CS0169: The field 'RibbonBuilder._currentPanelName' is never used [C:\Users\DELL\source\repos\antiGGGravity\antiGGGravity_3wz5sewq_wpftmp.csproj]
C:\Users\DELL\source\repos\antiGGGravity\Utilities\RibbonBuilder.cs(16,33): warning CS0169: The field 'RibbonBuilder._currentPulldownName' is never used [C:\Users\DELL\source\repos\antiGGGravity\antiGGGravity_3wz5sewq_wpftmp.csproj]
C:\Users\DELL\source\repos\antiGGGravity\Views\Overrides\ColorSplasherView.xaml.cs(22,31): warning CS0169: The field 'ColorSplasherView._legendEvent' is never used [C:\Users\DELL\source\repos\antiGGGravity\antiGGGravity_3wz5sewq_wpftmp.csproj]
C:\Users\DELL\source\repos\antiGGGravity\Views\Overrides\ColorSplasherView.xaml.cs(21,31): warning CS0169: The field 'ColorSplasherView._resetEvent' is never used [C:\Users\DELL\source\repos\antiGGGravity\antiGGGravity_3wz5sewq_wpftmp.csproj]
C:\Users\DELL\source\repos\antiGGGravity\Utilities\HardwareIdGenerator.cs(46,41): warning CA1416: This call site is reachable on all platforms. 'ManagementObjectSearcher.Get()' is only supported on: 'windows'. (https://learn.microsoft.com/dotnet/fundamentals/code-analysis/quality-rules/ca1416) [C:\Users\DELL\source\repos\antiGGGravity\antiGGGravity_3wz5sewq_wpftmp.csproj]
C:\Users\DELL\source\repos\antiGGGravity\Utilities\HardwareIdGenerator.cs(48,37): warning CA1416: This call site is reachable on all platforms. 'ManagementBaseObject.this[string]' is only supported on: 'windows'. (https://learn.microsoft.com/dotnet/fundamentals/code-analysis/quality-rules/ca1416) [C:\Users\DELL\source\repos\antiGGGravity\antiGGGravity_3wz5sewq_wpftmp.csproj]
C:\Users\DELL\source\repos\antiGGGravity\Utilities\HardwareIdGenerator.cs(44,39): warning CA1416: This call site is reachable on all platforms. 'ManagementObjectSearcher' is only supported on: 'windows'. (https://learn.microsoft.com/dotnet/fundamentals/code-analysis/quality-rules/ca1416) [C:\Users\DELL\source\repos\antiGGGravity\antiGGGravity_3wz5sewq_wpftmp.csproj]
C:\Users\DELL\source\repos\antiGGGravity\Commands\General\AutoDimension\DimFailureSwallower.cs(30,61): error CS1503: Argument 1: cannot convert from 'System.Collections.Generic.ICollection<Autodesk.Revit.DB.ElementId>' to 'System.Collections.Generic.IList<Autodesk.Revit.DB.ElementId>' [C:\Users\DELL\source\repos\antiGGGravity\antiGGGravity_3wz5sewq_wpftmp.csproj]
    84 Warning(s)
    1 Error(s)

Time Elapsed 00:00:02.55
