  Determining projects to restore...
  All projects are up-to-date for restore.
C:\Program Files\dotnet\sdk\10.0.103\Microsoft.Common.CurrentVersion.targets(2437,5): warning MSB3277: Found conflicts between different versions of "Microsoft.VisualBasic" that could not be resolved. [C:\Users\DELL\source\repos\antiGGGravity\antiGGGravity.csproj]
C:\Program Files\dotnet\sdk\10.0.103\Microsoft.Common.CurrentVersion.targets(2437,5): warning MSB3277: There was a conflict between "Microsoft.VisualBasic, Version=10.0.0.0, Culture=neutral, PublicKeyToken=b03f5f7f11d50a3a" and "Microsoft.VisualBasic, Version=10.1.0.0, Culture=neutral, PublicKeyToken=b03f5f7f11d50a3a". [C:\Users\DELL\source\repos\antiGGGravity\antiGGGravity.csproj]
C:\Program Files\dotnet\sdk\10.0.103\Microsoft.Common.CurrentVersion.targets(2437,5): warning MSB3277:     "Microsoft.VisualBasic, Version=10.0.0.0, Culture=neutral, PublicKeyToken=b03f5f7f11d50a3a" was chosen because it was primary and "Microsoft.VisualBasic, Version=10.1.0.0, Culture=neutral, PublicKeyToken=b03f5f7f11d50a3a" was not. [C:\Users\DELL\source\repos\antiGGGravity\antiGGGravity.csproj]
C:\Program Files\dotnet\sdk\10.0.103\Microsoft.Common.CurrentVersion.targets(2437,5): warning MSB3277:     References which depend on "Microsoft.VisualBasic, Version=10.0.0.0, Culture=neutral, PublicKeyToken=b03f5f7f11d50a3a" [C:\Users\DELL\.nuget\packages\microsoft.netcore.app.ref\8.0.24\ref\net8.0\Microsoft.VisualBasic.dll]. [C:\Users\DELL\source\repos\antiGGGravity\antiGGGravity.csproj]
C:\Program Files\dotnet\sdk\10.0.103\Microsoft.Common.CurrentVersion.targets(2437,5): warning MSB3277:         C:\Users\DELL\.nuget\packages\microsoft.netcore.app.ref\8.0.24\ref\net8.0\Microsoft.VisualBasic.dll [C:\Users\DELL\source\repos\antiGGGravity\antiGGGravity.csproj]
C:\Program Files\dotnet\sdk\10.0.103\Microsoft.Common.CurrentVersion.targets(2437,5): warning MSB3277:           Project file item includes which caused reference "C:\Users\DELL\.nuget\packages\microsoft.netcore.app.ref\8.0.24\ref\net8.0\Microsoft.VisualBasic.dll". [C:\Users\DELL\source\repos\antiGGGravity\antiGGGravity.csproj]
C:\Program Files\dotnet\sdk\10.0.103\Microsoft.Common.CurrentVersion.targets(2437,5): warning MSB3277:             C:\Users\DELL\.nuget\packages\microsoft.netcore.app.ref\8.0.24\ref/net8.0/Microsoft.VisualBasic.dll [C:\Users\DELL\source\repos\antiGGGravity\antiGGGravity.csproj]
C:\Program Files\dotnet\sdk\10.0.103\Microsoft.Common.CurrentVersion.targets(2437,5): warning MSB3277:     References which depend on or have been unified to "Microsoft.VisualBasic, Version=10.1.0.0, Culture=neutral, PublicKeyToken=b03f5f7f11d50a3a" []. [C:\Users\DELL\source\repos\antiGGGravity\antiGGGravity.csproj]
C:\Program Files\dotnet\sdk\10.0.103\Microsoft.Common.CurrentVersion.targets(2437,5): warning MSB3277:         C:\Program Files\Autodesk\Revit 2026\RevitAPI.dll [C:\Users\DELL\source\repos\antiGGGravity\antiGGGravity.csproj]
C:\Program Files\dotnet\sdk\10.0.103\Microsoft.Common.CurrentVersion.targets(2437,5): warning MSB3277:           Project file item includes which caused reference "C:\Program Files\Autodesk\Revit 2026\RevitAPI.dll". [C:\Users\DELL\source\repos\antiGGGravity\antiGGGravity.csproj]
C:\Program Files\dotnet\sdk\10.0.103\Microsoft.Common.CurrentVersion.targets(2437,5): warning MSB3277:             RevitAPI [C:\Users\DELL\source\repos\antiGGGravity\antiGGGravity.csproj]
C:\Program Files\dotnet\sdk\10.0.103\Microsoft.Common.CurrentVersion.targets(2437,5): warning MSB3277:             RevitAPIUI [C:\Users\DELL\source\repos\antiGGGravity\antiGGGravity.csproj]
C:\Program Files\dotnet\sdk\10.0.103\Microsoft.Common.CurrentVersion.targets(2437,5): warning MSB3277:         C:\Program Files\Autodesk\Revit 2026\RevitAPIUI.dll [C:\Users\DELL\source\repos\antiGGGravity\antiGGGravity.csproj]
C:\Program Files\dotnet\sdk\10.0.103\Microsoft.Common.CurrentVersion.targets(2437,5): warning MSB3277:           Project file item includes which caused reference "C:\Program Files\Autodesk\Revit 2026\RevitAPIUI.dll". [C:\Users\DELL\source\repos\antiGGGravity\antiGGGravity.csproj]
C:\Program Files\dotnet\sdk\10.0.103\Microsoft.Common.CurrentVersion.targets(2437,5): warning MSB3277:             RevitAPIUI [C:\Users\DELL\source\repos\antiGGGravity\antiGGGravity.csproj]
C:\Program Files\dotnet\sdk\10.0.103\Microsoft.Common.CurrentVersion.targets(2437,5): warning MSB3277:         C:\Program Files\Autodesk\Revit 2026\StructuralDBAPI.dll [C:\Users\DELL\source\repos\antiGGGravity\antiGGGravity.csproj]
C:\Program Files\dotnet\sdk\10.0.103\Microsoft.Common.CurrentVersion.targets(2437,5): warning MSB3277:           Project file item includes which caused reference "C:\Program Files\Autodesk\Revit 2026\StructuralDBAPI.dll". [C:\Users\DELL\source\repos\antiGGGravity\antiGGGravity.csproj]
C:\Program Files\dotnet\sdk\10.0.103\Microsoft.Common.CurrentVersion.targets(2437,5): warning MSB3277:             StructuralDBAPI [C:\Users\DELL\source\repos\antiGGGravity\antiGGGravity.csproj]
C:\Program Files\dotnet\sdk\10.0.103\Microsoft.Common.CurrentVersion.targets(2437,5): warning MSB3277:             RevitAPI [C:\Users\DELL\source\repos\antiGGGravity\antiGGGravity.csproj]
C:\Program Files\dotnet\sdk\10.0.103\Microsoft.Common.CurrentVersion.targets(2437,5): warning MSB3277:             RevitAPIUI [C:\Users\DELL\source\repos\antiGGGravity\antiGGGravity.csproj]
C:\Program Files\dotnet\sdk\10.0.103\Microsoft.Common.CurrentVersion.targets(2437,5): warning MSB3277:         C:\Program Files\Autodesk\Revit 2026\AdskRcManaged.dll [C:\Users\DELL\source\repos\antiGGGravity\antiGGGravity.csproj]
C:\Program Files\dotnet\sdk\10.0.103\Microsoft.Common.CurrentVersion.targets(2437,5): warning MSB3277:           Project file item includes which caused reference "C:\Program Files\Autodesk\Revit 2026\AdskRcManaged.dll". [C:\Users\DELL\source\repos\antiGGGravity\antiGGGravity.csproj]
C:\Program Files\dotnet\sdk\10.0.103\Microsoft.Common.CurrentVersion.targets(2437,5): warning MSB3277:             RevitAPI [C:\Users\DELL\source\repos\antiGGGravity\antiGGGravity.csproj]
C:\Program Files\dotnet\sdk\10.0.103\Microsoft.Common.CurrentVersion.targets(2437,5): warning MSB3277:             RevitAPIUI [C:\Users\DELL\source\repos\antiGGGravity\antiGGGravity.csproj]
C:\Program Files\dotnet\sdk\10.0.103\Microsoft.Common.CurrentVersion.targets(2437,5): warning MSB3277:         C:\Program Files\Autodesk\Revit 2026\RevitAPIFoundation.dll [C:\Users\DELL\source\repos\antiGGGravity\antiGGGravity.csproj]
C:\Program Files\dotnet\sdk\10.0.103\Microsoft.Common.CurrentVersion.targets(2437,5): warning MSB3277:           Project file item includes which caused reference "C:\Program Files\Autodesk\Revit 2026\RevitAPIFoundation.dll". [C:\Users\DELL\source\repos\antiGGGravity\antiGGGravity.csproj]
C:\Program Files\dotnet\sdk\10.0.103\Microsoft.Common.CurrentVersion.targets(2437,5): warning MSB3277:             RevitAPI [C:\Users\DELL\source\repos\antiGGGravity\antiGGGravity.csproj]
C:\Program Files\dotnet\sdk\10.0.103\Microsoft.Common.CurrentVersion.targets(2437,5): warning MSB3277:             RevitAPIUI [C:\Users\DELL\source\repos\antiGGGravity\antiGGGravity.csproj]
C:\Program Files\dotnet\sdk\10.0.103\Microsoft.Common.CurrentVersion.targets(2437,5): warning MSB3277:             StructuralDBAPI [C:\Users\DELL\source\repos\antiGGGravity\antiGGGravity.csproj]
C:\Program Files\dotnet\sdk\10.0.103\Microsoft.Common.CurrentVersion.targets(2437,5): warning MSB3277:         C:\Program Files\Autodesk\Revit 2026\RevitDBAPI.dll [C:\Users\DELL\source\repos\antiGGGravity\antiGGGravity.csproj]
C:\Program Files\dotnet\sdk\10.0.103\Microsoft.Common.CurrentVersion.targets(2437,5): warning MSB3277:           Project file item includes which caused reference "C:\Program Files\Autodesk\Revit 2026\RevitDBAPI.dll". [C:\Users\DELL\source\repos\antiGGGravity\antiGGGravity.csproj]
C:\Program Files\dotnet\sdk\10.0.103\Microsoft.Common.CurrentVersion.targets(2437,5): warning MSB3277:             RevitAPI [C:\Users\DELL\source\repos\antiGGGravity\antiGGGravity.csproj]
C:\Program Files\dotnet\sdk\10.0.103\Microsoft.Common.CurrentVersion.targets(2437,5): warning MSB3277:             RevitAPIUI [C:\Users\DELL\source\repos\antiGGGravity\antiGGGravity.csproj]
C:\Program Files\dotnet\sdk\10.0.103\Microsoft.Common.CurrentVersion.targets(2437,5): warning MSB3277:             StructuralDBAPI [C:\Users\DELL\source\repos\antiGGGravity\antiGGGravity.csproj]
C:\Program Files\dotnet\sdk\10.0.103\Microsoft.Common.CurrentVersion.targets(2437,5): warning MSB3277:         C:\Program Files\Autodesk\Revit 2026\RevitDBCoreAPI.dll [C:\Users\DELL\source\repos\antiGGGravity\antiGGGravity.csproj]
C:\Program Files\dotnet\sdk\10.0.103\Microsoft.Common.CurrentVersion.targets(2437,5): warning MSB3277:           Project file item includes which caused reference "C:\Program Files\Autodesk\Revit 2026\RevitDBCoreAPI.dll". [C:\Users\DELL\source\repos\antiGGGravity\antiGGGravity.csproj]
C:\Program Files\dotnet\sdk\10.0.103\Microsoft.Common.CurrentVersion.targets(2437,5): warning MSB3277:             RevitAPI [C:\Users\DELL\source\repos\antiGGGravity\antiGGGravity.csproj]
C:\Program Files\dotnet\sdk\10.0.103\Microsoft.Common.CurrentVersion.targets(2437,5): warning MSB3277:             RevitAPIUI [C:\Users\DELL\source\repos\antiGGGravity\antiGGGravity.csproj]
C:\Program Files\dotnet\sdk\10.0.103\Microsoft.Common.CurrentVersion.targets(2437,5): warning MSB3277:             StructuralDBAPI [C:\Users\DELL\source\repos\antiGGGravity\antiGGGravity.csproj]
C:\Program Files\dotnet\sdk\10.0.103\Microsoft.Common.CurrentVersion.targets(2437,5): warning MSB3277:         C:\Program Files\Autodesk\Revit 2026\PersistenceDBAPI.dll [C:\Users\DELL\source\repos\antiGGGravity\antiGGGravity.csproj]
C:\Program Files\dotnet\sdk\10.0.103\Microsoft.Common.CurrentVersion.targets(2437,5): warning MSB3277:           Project file item includes which caused reference "C:\Program Files\Autodesk\Revit 2026\PersistenceDBAPI.dll". [C:\Users\DELL\source\repos\antiGGGravity\antiGGGravity.csproj]
C:\Program Files\dotnet\sdk\10.0.103\Microsoft.Common.CurrentVersion.targets(2437,5): warning MSB3277:             RevitAPI [C:\Users\DELL\source\repos\antiGGGravity\antiGGGravity.csproj]
C:\Program Files\dotnet\sdk\10.0.103\Microsoft.Common.CurrentVersion.targets(2437,5): warning MSB3277:             RevitAPIUI [C:\Users\DELL\source\repos\antiGGGravity\antiGGGravity.csproj]
C:\Program Files\dotnet\sdk\10.0.103\Microsoft.Common.CurrentVersion.targets(2437,5): warning MSB3277:         C:\Program Files\Autodesk\Revit 2026\UtilityAPI.dll [C:\Users\DELL\source\repos\antiGGGravity\antiGGGravity.csproj]
C:\Program Files\dotnet\sdk\10.0.103\Microsoft.Common.CurrentVersion.targets(2437,5): warning MSB3277:           Project file item includes which caused reference "C:\Program Files\Autodesk\Revit 2026\UtilityAPI.dll". [C:\Users\DELL\source\repos\antiGGGravity\antiGGGravity.csproj]
C:\Program Files\dotnet\sdk\10.0.103\Microsoft.Common.CurrentVersion.targets(2437,5): warning MSB3277:             RevitAPI [C:\Users\DELL\source\repos\antiGGGravity\antiGGGravity.csproj]
C:\Program Files\dotnet\sdk\10.0.103\Microsoft.Common.CurrentVersion.targets(2437,5): warning MSB3277:             RevitAPIUI [C:\Users\DELL\source\repos\antiGGGravity\antiGGGravity.csproj]
C:\Program Files\dotnet\sdk\10.0.103\Microsoft.Common.CurrentVersion.targets(2437,5): warning MSB3277:             StructuralDBAPI [C:\Users\DELL\source\repos\antiGGGravity\antiGGGravity.csproj]
C:\Program Files\dotnet\sdk\10.0.103\Microsoft.Common.CurrentVersion.targets(2437,5): warning MSB3277:         C:\Program Files\Autodesk\Revit 2026\APIDBAPI.dll [C:\Users\DELL\source\repos\antiGGGravity\antiGGGravity.csproj]
C:\Program Files\dotnet\sdk\10.0.103\Microsoft.Common.CurrentVersion.targets(2437,5): warning MSB3277:           Project file item includes which caused reference "C:\Program Files\Autodesk\Revit 2026\APIDBAPI.dll". [C:\Users\DELL\source\repos\antiGGGravity\antiGGGravity.csproj]
C:\Program Files\dotnet\sdk\10.0.103\Microsoft.Common.CurrentVersion.targets(2437,5): warning MSB3277:             RevitAPI [C:\Users\DELL\source\repos\antiGGGravity\antiGGGravity.csproj]
C:\Program Files\dotnet\sdk\10.0.103\Microsoft.Common.CurrentVersion.targets(2437,5): warning MSB3277:             RevitAPIUI [C:\Users\DELL\source\repos\antiGGGravity\antiGGGravity.csproj]
C:\Program Files\dotnet\sdk\10.0.103\Microsoft.Common.CurrentVersion.targets(2437,5): warning MSB3277:         C:\Program Files\Autodesk\Revit 2026\GraphicsAPI.dll [C:\Users\DELL\source\repos\antiGGGravity\antiGGGravity.csproj]
C:\Program Files\dotnet\sdk\10.0.103\Microsoft.Common.CurrentVersion.targets(2437,5): warning MSB3277:           Project file item includes which caused reference "C:\Program Files\Autodesk\Revit 2026\GraphicsAPI.dll". [C:\Users\DELL\source\repos\antiGGGravity\antiGGGravity.csproj]
C:\Program Files\dotnet\sdk\10.0.103\Microsoft.Common.CurrentVersion.targets(2437,5): warning MSB3277:             RevitAPI [C:\Users\DELL\source\repos\antiGGGravity\antiGGGravity.csproj]
C:\Program Files\dotnet\sdk\10.0.103\Microsoft.Common.CurrentVersion.targets(2437,5): warning MSB3277:             RevitAPIUI [C:\Users\DELL\source\repos\antiGGGravity\antiGGGravity.csproj]
C:\Program Files\dotnet\sdk\10.0.103\Microsoft.Common.CurrentVersion.targets(2437,5): warning MSB3277:             StructuralDBAPI [C:\Users\DELL\source\repos\antiGGGravity\antiGGGravity.csproj]
C:\Program Files\dotnet\sdk\10.0.103\Microsoft.Common.CurrentVersion.targets(2437,5): warning MSB3277:         C:\Program Files\Autodesk\Revit 2026\ElementGroupDBAPI.dll [C:\Users\DELL\source\repos\antiGGGravity\antiGGGravity.csproj]
C:\Program Files\dotnet\sdk\10.0.103\Microsoft.Common.CurrentVersion.targets(2437,5): warning MSB3277:           Project file item includes which caused reference "C:\Program Files\Autodesk\Revit 2026\ElementGroupDBAPI.dll". [C:\Users\DELL\source\repos\antiGGGravity\antiGGGravity.csproj]
C:\Program Files\dotnet\sdk\10.0.103\Microsoft.Common.CurrentVersion.targets(2437,5): warning MSB3277:             RevitAPI [C:\Users\DELL\source\repos\antiGGGravity\antiGGGravity.csproj]
C:\Program Files\dotnet\sdk\10.0.103\Microsoft.Common.CurrentVersion.targets(2437,5): warning MSB3277:             RevitAPIUI [C:\Users\DELL\source\repos\antiGGGravity\antiGGGravity.csproj]
C:\Program Files\dotnet\sdk\10.0.103\Microsoft.Common.CurrentVersion.targets(2437,5): warning MSB3277:         C:\Program Files\Autodesk\Revit 2026\EssentialsDBAPI.dll [C:\Users\DELL\source\repos\antiGGGravity\antiGGGravity.csproj]
C:\Program Files\dotnet\sdk\10.0.103\Microsoft.Common.CurrentVersion.targets(2437,5): warning MSB3277:           Project file item includes which caused reference "C:\Program Files\Autodesk\Revit 2026\EssentialsDBAPI.dll". [C:\Users\DELL\source\repos\antiGGGravity\antiGGGravity.csproj]
C:\Program Files\dotnet\sdk\10.0.103\Microsoft.Common.CurrentVersion.targets(2437,5): warning MSB3277:             RevitAPI [C:\Users\DELL\source\repos\antiGGGravity\antiGGGravity.csproj]
C:\Program Files\dotnet\sdk\10.0.103\Microsoft.Common.CurrentVersion.targets(2437,5): warning MSB3277:             RevitAPIUI [C:\Users\DELL\source\repos\antiGGGravity\antiGGGravity.csproj]
C:\Program Files\dotnet\sdk\10.0.103\Microsoft.Common.CurrentVersion.targets(2437,5): warning MSB3277:             StructuralDBAPI [C:\Users\DELL\source\repos\antiGGGravity\antiGGGravity.csproj]
C:\Program Files\dotnet\sdk\10.0.103\Microsoft.Common.CurrentVersion.targets(2437,5): warning MSB3277:         C:\Program Files\Autodesk\Revit 2026\GeomUtilAPI.dll [C:\Users\DELL\source\repos\antiGGGravity\antiGGGravity.csproj]
C:\Program Files\dotnet\sdk\10.0.103\Microsoft.Common.CurrentVersion.targets(2437,5): warning MSB3277:           Project file item includes which caused reference "C:\Program Files\Autodesk\Revit 2026\GeomUtilAPI.dll". [C:\Users\DELL\source\repos\antiGGGravity\antiGGGravity.csproj]
C:\Program Files\dotnet\sdk\10.0.103\Microsoft.Common.CurrentVersion.targets(2437,5): warning MSB3277:             RevitAPI [C:\Users\DELL\source\repos\antiGGGravity\antiGGGravity.csproj]
C:\Program Files\dotnet\sdk\10.0.103\Microsoft.Common.CurrentVersion.targets(2437,5): warning MSB3277:             RevitAPIUI [C:\Users\DELL\source\repos\antiGGGravity\antiGGGravity.csproj]
C:\Program Files\dotnet\sdk\10.0.103\Microsoft.Common.CurrentVersion.targets(2437,5): warning MSB3277:             StructuralDBAPI [C:\Users\DELL\source\repos\antiGGGravity\antiGGGravity.csproj]
C:\Program Files\dotnet\sdk\10.0.103\Microsoft.Common.CurrentVersion.targets(2437,5): warning MSB3277:         C:\Program Files\Autodesk\Revit 2026\FamilyDBAPI.dll [C:\Users\DELL\source\repos\antiGGGravity\antiGGGravity.csproj]
C:\Program Files\dotnet\sdk\10.0.103\Microsoft.Common.CurrentVersion.targets(2437,5): warning MSB3277:           Project file item includes which caused reference "C:\Program Files\Autodesk\Revit 2026\FamilyDBAPI.dll". [C:\Users\DELL\source\repos\antiGGGravity\antiGGGravity.csproj]
C:\Program Files\dotnet\sdk\10.0.103\Microsoft.Common.CurrentVersion.targets(2437,5): warning MSB3277:             RevitAPI [C:\Users\DELL\source\repos\antiGGGravity\antiGGGravity.csproj]
C:\Program Files\dotnet\sdk\10.0.103\Microsoft.Common.CurrentVersion.targets(2437,5): warning MSB3277:             RevitAPIUI [C:\Users\DELL\source\repos\antiGGGravity\antiGGGravity.csproj]
C:\Program Files\dotnet\sdk\10.0.103\Microsoft.Common.CurrentVersion.targets(2437,5): warning MSB3277:             StructuralDBAPI [C:\Users\DELL\source\repos\antiGGGravity\antiGGGravity.csproj]
C:\Program Files\dotnet\sdk\10.0.103\Microsoft.Common.CurrentVersion.targets(2437,5): warning MSB3277:         C:\Program Files\Autodesk\Revit 2026\DetailDBAPI.dll [C:\Users\DELL\source\repos\antiGGGravity\antiGGGravity.csproj]
C:\Program Files\dotnet\sdk\10.0.103\Microsoft.Common.CurrentVersion.targets(2437,5): warning MSB3277:           Project file item includes which caused reference "C:\Program Files\Autodesk\Revit 2026\DetailDBAPI.dll". [C:\Users\DELL\source\repos\antiGGGravity\antiGGGravity.csproj]
C:\Program Files\dotnet\sdk\10.0.103\Microsoft.Common.CurrentVersion.targets(2437,5): warning MSB3277:             RevitAPI [C:\Users\DELL\source\repos\antiGGGravity\antiGGGravity.csproj]
C:\Program Files\dotnet\sdk\10.0.103\Microsoft.Common.CurrentVersion.targets(2437,5): warning MSB3277:             RevitAPIUI [C:\Users\DELL\source\repos\antiGGGravity\antiGGGravity.csproj]
C:\Program Files\dotnet\sdk\10.0.103\Microsoft.Common.CurrentVersion.targets(2437,5): warning MSB3277:         C:\Program Files\Autodesk\Revit 2026\CurtainGridFamilyDBAPI.dll [C:\Users\DELL\source\repos\antiGGGravity\antiGGGravity.csproj]
C:\Program Files\dotnet\sdk\10.0.103\Microsoft.Common.CurrentVersion.targets(2437,5): warning MSB3277:           Project file item includes which caused reference "C:\Program Files\Autodesk\Revit 2026\CurtainGridFamilyDBAPI.dll". [C:\Users\DELL\source\repos\antiGGGravity\antiGGGravity.csproj]
C:\Program Files\dotnet\sdk\10.0.103\Microsoft.Common.CurrentVersion.targets(2437,5): warning MSB3277:             RevitAPI [C:\Users\DELL\source\repos\antiGGGravity\antiGGGravity.csproj]
C:\Program Files\dotnet\sdk\10.0.103\Microsoft.Common.CurrentVersion.targets(2437,5): warning MSB3277:             RevitAPIUI [C:\Users\DELL\source\repos\antiGGGravity\antiGGGravity.csproj]
C:\Program Files\dotnet\sdk\10.0.103\Microsoft.Common.CurrentVersion.targets(2437,5): warning MSB3277:         C:\Program Files\Autodesk\Revit 2026\ArrayElemsDBAPI.dll [C:\Users\DELL\source\repos\antiGGGravity\antiGGGravity.csproj]
C:\Program Files\dotnet\sdk\10.0.103\Microsoft.Common.CurrentVersion.targets(2437,5): warning MSB3277:           Project file item includes which caused reference "C:\Program Files\Autodesk\Revit 2026\ArrayElemsDBAPI.dll". [C:\Users\DELL\source\repos\antiGGGravity\antiGGGravity.csproj]
C:\Program Files\dotnet\sdk\10.0.103\Microsoft.Common.CurrentVersion.targets(2437,5): warning MSB3277:             RevitAPI [C:\Users\DELL\source\repos\antiGGGravity\antiGGGravity.csproj]
C:\Program Files\dotnet\sdk\10.0.103\Microsoft.Common.CurrentVersion.targets(2437,5): warning MSB3277:             RevitAPIUI [C:\Users\DELL\source\repos\antiGGGravity\antiGGGravity.csproj]
C:\Program Files\dotnet\sdk\10.0.103\Microsoft.Common.CurrentVersion.targets(2437,5): warning MSB3277:         C:\Program Files\Autodesk\Revit 2026\EnergyAnalysisDBAPI.dll [C:\Users\DELL\source\repos\antiGGGravity\antiGGGravity.csproj]
C:\Program Files\dotnet\sdk\10.0.103\Microsoft.Common.CurrentVersion.targets(2437,5): warning MSB3277:           Project file item includes which caused reference "C:\Program Files\Autodesk\Revit 2026\EnergyAnalysisDBAPI.dll". [C:\Users\DELL\source\repos\antiGGGravity\antiGGGravity.csproj]
C:\Program Files\dotnet\sdk\10.0.103\Microsoft.Common.CurrentVersion.targets(2437,5): warning MSB3277:             RevitAPI [C:\Users\DELL\source\repos\antiGGGravity\antiGGGravity.csproj]
C:\Program Files\dotnet\sdk\10.0.103\Microsoft.Common.CurrentVersion.targets(2437,5): warning MSB3277:             RevitAPIUI [C:\Users\DELL\source\repos\antiGGGravity\antiGGGravity.csproj]
C:\Program Files\dotnet\sdk\10.0.103\Microsoft.Common.CurrentVersion.targets(2437,5): warning MSB3277:         C:\Program Files\Autodesk\Revit 2026\BuildingSystemsDBAPI.dll [C:\Users\DELL\source\repos\antiGGGravity\antiGGGravity.csproj]
C:\Program Files\dotnet\sdk\10.0.103\Microsoft.Common.CurrentVersion.targets(2437,5): warning MSB3277:           Project file item includes which caused reference "C:\Program Files\Autodesk\Revit 2026\BuildingSystemsDBAPI.dll". [C:\Users\DELL\source\repos\antiGGGravity\antiGGGravity.csproj]
C:\Program Files\dotnet\sdk\10.0.103\Microsoft.Common.CurrentVersion.targets(2437,5): warning MSB3277:             RevitAPI [C:\Users\DELL\source\repos\antiGGGravity\antiGGGravity.csproj]
C:\Program Files\dotnet\sdk\10.0.103\Microsoft.Common.CurrentVersion.targets(2437,5): warning MSB3277:             RevitAPIUI [C:\Users\DELL\source\repos\antiGGGravity\antiGGGravity.csproj]
C:\Program Files\dotnet\sdk\10.0.103\Microsoft.Common.CurrentVersion.targets(2437,5): warning MSB3277:         C:\Program Files\Autodesk\Revit 2026\HostObjDBAPI.dll [C:\Users\DELL\source\repos\antiGGGravity\antiGGGravity.csproj]
C:\Program Files\dotnet\sdk\10.0.103\Microsoft.Common.CurrentVersion.targets(2437,5): warning MSB3277:           Project file item includes which caused reference "C:\Program Files\Autodesk\Revit 2026\HostObjDBAPI.dll". [C:\Users\DELL\source\repos\antiGGGravity\antiGGGravity.csproj]
C:\Program Files\dotnet\sdk\10.0.103\Microsoft.Common.CurrentVersion.targets(2437,5): warning MSB3277:             RevitAPI [C:\Users\DELL\source\repos\antiGGGravity\antiGGGravity.csproj]
C:\Program Files\dotnet\sdk\10.0.103\Microsoft.Common.CurrentVersion.targets(2437,5): warning MSB3277:             RevitAPIUI [C:\Users\DELL\source\repos\antiGGGravity\antiGGGravity.csproj]
C:\Program Files\dotnet\sdk\10.0.103\Microsoft.Common.CurrentVersion.targets(2437,5): warning MSB3277:         C:\Program Files\Autodesk\Revit 2026\RoomAreaPlanDBAPI.dll [C:\Users\DELL\source\repos\antiGGGravity\antiGGGravity.csproj]
C:\Program Files\dotnet\sdk\10.0.103\Microsoft.Common.CurrentVersion.targets(2437,5): warning MSB3277:           Project file item includes which caused reference "C:\Program Files\Autodesk\Revit 2026\RoomAreaPlanDBAPI.dll". [C:\Users\DELL\source\repos\antiGGGravity\antiGGGravity.csproj]
C:\Program Files\dotnet\sdk\10.0.103\Microsoft.Common.CurrentVersion.targets(2437,5): warning MSB3277:             RevitAPI [C:\Users\DELL\source\repos\antiGGGravity\antiGGGravity.csproj]
C:\Program Files\dotnet\sdk\10.0.103\Microsoft.Common.CurrentVersion.targets(2437,5): warning MSB3277:             RevitAPIUI [C:\Users\DELL\source\repos\antiGGGravity\antiGGGravity.csproj]
C:\Program Files\dotnet\sdk\10.0.103\Microsoft.Common.CurrentVersion.targets(2437,5): warning MSB3277:         C:\Program Files\Autodesk\Revit 2026\SiteDBAPI.dll [C:\Users\DELL\source\repos\antiGGGravity\antiGGGravity.csproj]
C:\Program Files\dotnet\sdk\10.0.103\Microsoft.Common.CurrentVersion.targets(2437,5): warning MSB3277:           Project file item includes which caused reference "C:\Program Files\Autodesk\Revit 2026\SiteDBAPI.dll". [C:\Users\DELL\source\repos\antiGGGravity\antiGGGravity.csproj]
C:\Program Files\dotnet\sdk\10.0.103\Microsoft.Common.CurrentVersion.targets(2437,5): warning MSB3277:             RevitAPI [C:\Users\DELL\source\repos\antiGGGravity\antiGGGravity.csproj]
C:\Program Files\dotnet\sdk\10.0.103\Microsoft.Common.CurrentVersion.targets(2437,5): warning MSB3277:             RevitAPIUI [C:\Users\DELL\source\repos\antiGGGravity\antiGGGravity.csproj]
C:\Program Files\dotnet\sdk\10.0.103\Microsoft.Common.CurrentVersion.targets(2437,5): warning MSB3277:         C:\Program Files\Autodesk\Revit 2026\SculptingDBAPI.dll [C:\Users\DELL\source\repos\antiGGGravity\antiGGGravity.csproj]
C:\Program Files\dotnet\sdk\10.0.103\Microsoft.Common.CurrentVersion.targets(2437,5): warning MSB3277:           Project file item includes which caused reference "C:\Program Files\Autodesk\Revit 2026\SculptingDBAPI.dll". [C:\Users\DELL\source\repos\antiGGGravity\antiGGGravity.csproj]
C:\Program Files\dotnet\sdk\10.0.103\Microsoft.Common.CurrentVersion.targets(2437,5): warning MSB3277:             RevitAPI [C:\Users\DELL\source\repos\antiGGGravity\antiGGGravity.csproj]
C:\Program Files\dotnet\sdk\10.0.103\Microsoft.Common.CurrentVersion.targets(2437,5): warning MSB3277:             RevitAPIUI [C:\Users\DELL\source\repos\antiGGGravity\antiGGGravity.csproj]
C:\Program Files\dotnet\sdk\10.0.103\Microsoft.Common.CurrentVersion.targets(2437,5): warning MSB3277:         C:\Program Files\Autodesk\Revit 2026\InterfaceAPI.dll [C:\Users\DELL\source\repos\antiGGGravity\antiGGGravity.csproj]
C:\Program Files\dotnet\sdk\10.0.103\Microsoft.Common.CurrentVersion.targets(2437,5): warning MSB3277:           Project file item includes which caused reference "C:\Program Files\Autodesk\Revit 2026\InterfaceAPI.dll". [C:\Users\DELL\source\repos\antiGGGravity\antiGGGravity.csproj]
C:\Program Files\dotnet\sdk\10.0.103\Microsoft.Common.CurrentVersion.targets(2437,5): warning MSB3277:             RevitAPI [C:\Users\DELL\source\repos\antiGGGravity\antiGGGravity.csproj]
C:\Program Files\dotnet\sdk\10.0.103\Microsoft.Common.CurrentVersion.targets(2437,5): warning MSB3277:             RevitAPIUI [C:\Users\DELL\source\repos\antiGGGravity\antiGGGravity.csproj]
C:\Program Files\dotnet\sdk\10.0.103\Microsoft.Common.CurrentVersion.targets(2437,5): warning MSB3277:             StructuralDBAPI [C:\Users\DELL\source\repos\antiGGGravity\antiGGGravity.csproj]
C:\Program Files\dotnet\sdk\10.0.103\Microsoft.Common.CurrentVersion.targets(2437,5): warning MSB3277:         C:\Program Files\Autodesk\Revit 2026\InterfaceUtilAPI.dll [C:\Users\DELL\source\repos\antiGGGravity\antiGGGravity.csproj]
C:\Program Files\dotnet\sdk\10.0.103\Microsoft.Common.CurrentVersion.targets(2437,5): warning MSB3277:           Project file item includes which caused reference "C:\Program Files\Autodesk\Revit 2026\InterfaceUtilAPI.dll". [C:\Users\DELL\source\repos\antiGGGravity\antiGGGravity.csproj]
C:\Program Files\dotnet\sdk\10.0.103\Microsoft.Common.CurrentVersion.targets(2437,5): warning MSB3277:             RevitAPI [C:\Users\DELL\source\repos\antiGGGravity\antiGGGravity.csproj]
C:\Program Files\dotnet\sdk\10.0.103\Microsoft.Common.CurrentVersion.targets(2437,5): warning MSB3277:             RevitAPIUI [C:\Users\DELL\source\repos\antiGGGravity\antiGGGravity.csproj]
C:\Program Files\dotnet\sdk\10.0.103\Microsoft.Common.CurrentVersion.targets(2437,5): warning MSB3277:         C:\Program Files\Autodesk\Revit 2026\RebarDBAPI.dll [C:\Users\DELL\source\repos\antiGGGravity\antiGGGravity.csproj]
C:\Program Files\dotnet\sdk\10.0.103\Microsoft.Common.CurrentVersion.targets(2437,5): warning MSB3277:           Project file item includes which caused reference "C:\Program Files\Autodesk\Revit 2026\RebarDBAPI.dll". [C:\Users\DELL\source\repos\antiGGGravity\antiGGGravity.csproj]
C:\Program Files\dotnet\sdk\10.0.103\Microsoft.Common.CurrentVersion.targets(2437,5): warning MSB3277:             RevitAPI [C:\Users\DELL\source\repos\antiGGGravity\antiGGGravity.csproj]
C:\Program Files\dotnet\sdk\10.0.103\Microsoft.Common.CurrentVersion.targets(2437,5): warning MSB3277:             RevitAPIUI [C:\Users\DELL\source\repos\antiGGGravity\antiGGGravity.csproj]
C:\Program Files\dotnet\sdk\10.0.103\Microsoft.Common.CurrentVersion.targets(2437,5): warning MSB3277:         C:\Program Files\Autodesk\Revit 2026\StructuralAnalysisDBAPI.dll [C:\Users\DELL\source\repos\antiGGGravity\antiGGGravity.csproj]
C:\Program Files\dotnet\sdk\10.0.103\Microsoft.Common.CurrentVersion.targets(2437,5): warning MSB3277:           Project file item includes which caused reference "C:\Program Files\Autodesk\Revit 2026\StructuralAnalysisDBAPI.dll". [C:\Users\DELL\source\repos\antiGGGravity\antiGGGravity.csproj]
C:\Program Files\dotnet\sdk\10.0.103\Microsoft.Common.CurrentVersion.targets(2437,5): warning MSB3277:             RevitAPI [C:\Users\DELL\source\repos\antiGGGravity\antiGGGravity.csproj]
C:\Program Files\dotnet\sdk\10.0.103\Microsoft.Common.CurrentVersion.targets(2437,5): warning MSB3277:             RevitAPIUI [C:\Users\DELL\source\repos\antiGGGravity\antiGGGravity.csproj]
C:\Program Files\dotnet\sdk\10.0.103\Microsoft.Common.CurrentVersion.targets(2437,5): warning MSB3277:         C:\Program Files\Autodesk\Revit 2026\MassingDBAPI.dll [C:\Users\DELL\source\repos\antiGGGravity\antiGGGravity.csproj]
C:\Program Files\dotnet\sdk\10.0.103\Microsoft.Common.CurrentVersion.targets(2437,5): warning MSB3277:           Project file item includes which caused reference "C:\Program Files\Autodesk\Revit 2026\MassingDBAPI.dll". [C:\Users\DELL\source\repos\antiGGGravity\antiGGGravity.csproj]
C:\Program Files\dotnet\sdk\10.0.103\Microsoft.Common.CurrentVersion.targets(2437,5): warning MSB3277:             RevitAPI [C:\Users\DELL\source\repos\antiGGGravity\antiGGGravity.csproj]
C:\Program Files\dotnet\sdk\10.0.103\Microsoft.Common.CurrentVersion.targets(2437,5): warning MSB3277:             RevitAPIUI [C:\Users\DELL\source\repos\antiGGGravity\antiGGGravity.csproj]
C:\Program Files\dotnet\sdk\10.0.103\Microsoft.Common.CurrentVersion.targets(2437,5): warning MSB3277:         C:\Program Files\Autodesk\Revit 2026\AssemblyDBAPI.dll [C:\Users\DELL\source\repos\antiGGGravity\antiGGGravity.csproj]
C:\Program Files\dotnet\sdk\10.0.103\Microsoft.Common.CurrentVersion.targets(2437,5): warning MSB3277:           Project file item includes which caused reference "C:\Program Files\Autodesk\Revit 2026\AssemblyDBAPI.dll". [C:\Users\DELL\source\repos\antiGGGravity\antiGGGravity.csproj]
C:\Program Files\dotnet\sdk\10.0.103\Microsoft.Common.CurrentVersion.targets(2437,5): warning MSB3277:             RevitAPI [C:\Users\DELL\source\repos\antiGGGravity\antiGGGravity.csproj]
C:\Program Files\dotnet\sdk\10.0.103\Microsoft.Common.CurrentVersion.targets(2437,5): warning MSB3277:             RevitAPIUI [C:\Users\DELL\source\repos\antiGGGravity\antiGGGravity.csproj]
C:\Program Files\dotnet\sdk\10.0.103\Microsoft.Common.CurrentVersion.targets(2437,5): warning MSB3277:         C:\Program Files\Autodesk\Revit 2026\DPartDBAPI.dll [C:\Users\DELL\source\repos\antiGGGravity\antiGGGravity.csproj]
C:\Program Files\dotnet\sdk\10.0.103\Microsoft.Common.CurrentVersion.targets(2437,5): warning MSB3277:           Project file item includes which caused reference "C:\Program Files\Autodesk\Revit 2026\DPartDBAPI.dll". [C:\Users\DELL\source\repos\antiGGGravity\antiGGGravity.csproj]
C:\Program Files\dotnet\sdk\10.0.103\Microsoft.Common.CurrentVersion.targets(2437,5): warning MSB3277:             RevitAPI [C:\Users\DELL\source\repos\antiGGGravity\antiGGGravity.csproj]
C:\Program Files\dotnet\sdk\10.0.103\Microsoft.Common.CurrentVersion.targets(2437,5): warning MSB3277:             RevitAPIUI [C:\Users\DELL\source\repos\antiGGGravity\antiGGGravity.csproj]
C:\Program Files\dotnet\sdk\10.0.103\Microsoft.Common.CurrentVersion.targets(2437,5): warning MSB3277:         C:\Program Files\Autodesk\Revit 2026\NumberingDBAPI.dll [C:\Users\DELL\source\repos\antiGGGravity\antiGGGravity.csproj]
C:\Program Files\dotnet\sdk\10.0.103\Microsoft.Common.CurrentVersion.targets(2437,5): warning MSB3277:           Project file item includes which caused reference "C:\Program Files\Autodesk\Revit 2026\NumberingDBAPI.dll". [C:\Users\DELL\source\repos\antiGGGravity\antiGGGravity.csproj]
C:\Program Files\dotnet\sdk\10.0.103\Microsoft.Common.CurrentVersion.targets(2437,5): warning MSB3277:             RevitAPI [C:\Users\DELL\source\repos\antiGGGravity\antiGGGravity.csproj]
C:\Program Files\dotnet\sdk\10.0.103\Microsoft.Common.CurrentVersion.targets(2437,5): warning MSB3277:             RevitAPIUI [C:\Users\DELL\source\repos\antiGGGravity\antiGGGravity.csproj]
C:\Program Files\dotnet\sdk\10.0.103\Microsoft.Common.CurrentVersion.targets(2437,5): warning MSB3277:         C:\Program Files\Autodesk\Revit 2026\PointCloudAccessAPI.dll [C:\Users\DELL\source\repos\antiGGGravity\antiGGGravity.csproj]
C:\Program Files\dotnet\sdk\10.0.103\Microsoft.Common.CurrentVersion.targets(2437,5): warning MSB3277:           Project file item includes which caused reference "C:\Program Files\Autodesk\Revit 2026\PointCloudAccessAPI.dll". [C:\Users\DELL\source\repos\antiGGGravity\antiGGGravity.csproj]
C:\Program Files\dotnet\sdk\10.0.103\Microsoft.Common.CurrentVersion.targets(2437,5): warning MSB3277:             RevitAPI [C:\Users\DELL\source\repos\antiGGGravity\antiGGGravity.csproj]
C:\Program Files\dotnet\sdk\10.0.103\Microsoft.Common.CurrentVersion.targets(2437,5): warning MSB3277:             RevitAPIUI [C:\Users\DELL\source\repos\antiGGGravity\antiGGGravity.csproj]
C:\Program Files\dotnet\sdk\10.0.103\Microsoft.Common.CurrentVersion.targets(2437,5): warning MSB3277:             StructuralDBAPI [C:\Users\DELL\source\repos\antiGGGravity\antiGGGravity.csproj]
C:\Program Files\dotnet\sdk\10.0.103\Microsoft.Common.CurrentVersion.targets(2437,5): warning MSB3277:         C:\Program Files\Autodesk\Revit 2026\StairRampDBAPI.dll [C:\Users\DELL\source\repos\antiGGGravity\antiGGGravity.csproj]
C:\Program Files\dotnet\sdk\10.0.103\Microsoft.Common.CurrentVersion.targets(2437,5): warning MSB3277:           Project file item includes which caused reference "C:\Program Files\Autodesk\Revit 2026\StairRampDBAPI.dll". [C:\Users\DELL\source\repos\antiGGGravity\antiGGGravity.csproj]
C:\Program Files\dotnet\sdk\10.0.103\Microsoft.Common.CurrentVersion.targets(2437,5): warning MSB3277:             RevitAPI [C:\Users\DELL\source\repos\antiGGGravity\antiGGGravity.csproj]
C:\Program Files\dotnet\sdk\10.0.103\Microsoft.Common.CurrentVersion.targets(2437,5): warning MSB3277:             RevitAPIUI [C:\Users\DELL\source\repos\antiGGGravity\antiGGGravity.csproj]
C:\Program Files\dotnet\sdk\10.0.103\Microsoft.Common.CurrentVersion.targets(2437,5): warning MSB3277:         C:\Program Files\Autodesk\Revit 2026\AnalysisAppsDBAPI.dll [C:\Users\DELL\source\repos\antiGGGravity\antiGGGravity.csproj]
C:\Program Files\dotnet\sdk\10.0.103\Microsoft.Common.CurrentVersion.targets(2437,5): warning MSB3277:           Project file item includes which caused reference "C:\Program Files\Autodesk\Revit 2026\AnalysisAppsDBAPI.dll". [C:\Users\DELL\source\repos\antiGGGravity\antiGGGravity.csproj]
C:\Program Files\dotnet\sdk\10.0.103\Microsoft.Common.CurrentVersion.targets(2437,5): warning MSB3277:             RevitAPI [C:\Users\DELL\source\repos\antiGGGravity\antiGGGravity.csproj]
C:\Program Files\dotnet\sdk\10.0.103\Microsoft.Common.CurrentVersion.targets(2437,5): warning MSB3277:             RevitAPIUI [C:\Users\DELL\source\repos\antiGGGravity\antiGGGravity.csproj]
C:\Program Files\dotnet\sdk\10.0.103\Microsoft.Common.CurrentVersion.targets(2437,5): warning MSB3277:         C:\Program Files\Autodesk\Revit 2026\MaterialDBAPI.dll [C:\Users\DELL\source\repos\antiGGGravity\antiGGGravity.csproj]
C:\Program Files\dotnet\sdk\10.0.103\Microsoft.Common.CurrentVersion.targets(2437,5): warning MSB3277:           Project file item includes which caused reference "C:\Program Files\Autodesk\Revit 2026\MaterialDBAPI.dll". [C:\Users\DELL\source\repos\antiGGGravity\antiGGGravity.csproj]
C:\Program Files\dotnet\sdk\10.0.103\Microsoft.Common.CurrentVersion.targets(2437,5): warning MSB3277:             RevitAPI [C:\Users\DELL\source\repos\antiGGGravity\antiGGGravity.csproj]
C:\Program Files\dotnet\sdk\10.0.103\Microsoft.Common.CurrentVersion.targets(2437,5): warning MSB3277:             RevitAPIUI [C:\Users\DELL\source\repos\antiGGGravity\antiGGGravity.csproj]
C:\Program Files\dotnet\sdk\10.0.103\Microsoft.Common.CurrentVersion.targets(2437,5): warning MSB3277:         C:\Program Files\Autodesk\Revit 2026\IntfATFAPI.dll [C:\Users\DELL\source\repos\antiGGGravity\antiGGGravity.csproj]
C:\Program Files\dotnet\sdk\10.0.103\Microsoft.Common.CurrentVersion.targets(2437,5): warning MSB3277:           Project file item includes which caused reference "C:\Program Files\Autodesk\Revit 2026\IntfATFAPI.dll". [C:\Users\DELL\source\repos\antiGGGravity\antiGGGravity.csproj]
C:\Program Files\dotnet\sdk\10.0.103\Microsoft.Common.CurrentVersion.targets(2437,5): warning MSB3277:             RevitAPI [C:\Users\DELL\source\repos\antiGGGravity\antiGGGravity.csproj]
C:\Program Files\dotnet\sdk\10.0.103\Microsoft.Common.CurrentVersion.targets(2437,5): warning MSB3277:             RevitAPIUI [C:\Users\DELL\source\repos\antiGGGravity\antiGGGravity.csproj]
C:\Program Files\dotnet\sdk\10.0.103\Microsoft.Common.CurrentVersion.targets(2437,5): warning MSB3277:         C:\Program Files\Autodesk\Revit 2026\TextEngineAPI.dll [C:\Users\DELL\source\repos\antiGGGravity\antiGGGravity.csproj]
C:\Program Files\dotnet\sdk\10.0.103\Microsoft.Common.CurrentVersion.targets(2437,5): warning MSB3277:           Project file item includes which caused reference "C:\Program Files\Autodesk\Revit 2026\TextEngineAPI.dll". [C:\Users\DELL\source\repos\antiGGGravity\antiGGGravity.csproj]
C:\Program Files\dotnet\sdk\10.0.103\Microsoft.Common.CurrentVersion.targets(2437,5): warning MSB3277:             RevitAPI [C:\Users\DELL\source\repos\antiGGGravity\antiGGGravity.csproj]
C:\Program Files\dotnet\sdk\10.0.103\Microsoft.Common.CurrentVersion.targets(2437,5): warning MSB3277:             RevitAPIUI [C:\Users\DELL\source\repos\antiGGGravity\antiGGGravity.csproj]
C:\Program Files\dotnet\sdk\10.0.103\Microsoft.Common.CurrentVersion.targets(2437,5): warning MSB3277:         C:\Program Files\Autodesk\Revit 2026\InfrastructureDBAPI.dll [C:\Users\DELL\source\repos\antiGGGravity\antiGGGravity.csproj]
C:\Program Files\dotnet\sdk\10.0.103\Microsoft.Common.CurrentVersion.targets(2437,5): warning MSB3277:           Project file item includes which caused reference "C:\Program Files\Autodesk\Revit 2026\InfrastructureDBAPI.dll". [C:\Users\DELL\source\repos\antiGGGravity\antiGGGravity.csproj]
C:\Program Files\dotnet\sdk\10.0.103\Microsoft.Common.CurrentVersion.targets(2437,5): warning MSB3277:             RevitAPI [C:\Users\DELL\source\repos\antiGGGravity\antiGGGravity.csproj]
C:\Program Files\dotnet\sdk\10.0.103\Microsoft.Common.CurrentVersion.targets(2437,5): warning MSB3277:             RevitAPIUI [C:\Users\DELL\source\repos\antiGGGravity\antiGGGravity.csproj]
C:\Program Files\dotnet\sdk\10.0.103\Microsoft.Common.CurrentVersion.targets(2437,5): warning MSB3277:         C:\Program Files\Autodesk\Revit 2026\ATFRevitCoreAPI.dll [C:\Users\DELL\source\repos\antiGGGravity\antiGGGravity.csproj]
C:\Program Files\dotnet\sdk\10.0.103\Microsoft.Common.CurrentVersion.targets(2437,5): warning MSB3277:           Project file item includes which caused reference "C:\Program Files\Autodesk\Revit 2026\ATFRevitCoreAPI.dll". [C:\Users\DELL\source\repos\antiGGGravity\antiGGGravity.csproj]
C:\Program Files\dotnet\sdk\10.0.103\Microsoft.Common.CurrentVersion.targets(2437,5): warning MSB3277:             RevitAPI [C:\Users\DELL\source\repos\antiGGGravity\antiGGGravity.csproj]
C:\Program Files\dotnet\sdk\10.0.103\Microsoft.Common.CurrentVersion.targets(2437,5): warning MSB3277:             RevitAPIUI [C:\Users\DELL\source\repos\antiGGGravity\antiGGGravity.csproj]
C:\Program Files\dotnet\sdk\10.0.103\Microsoft.Common.CurrentVersion.targets(2437,5): warning MSB3277:             StructuralDBAPI [C:\Users\DELL\source\repos\antiGGGravity\antiGGGravity.csproj]
C:\Program Files\dotnet\sdk\10.0.103\Microsoft.Common.CurrentVersion.targets(2437,5): warning MSB3277:         C:\Program Files\Autodesk\Revit 2026\DBManagedServices.dll [C:\Users\DELL\source\repos\antiGGGravity\antiGGGravity.csproj]
C:\Program Files\dotnet\sdk\10.0.103\Microsoft.Common.CurrentVersion.targets(2437,5): warning MSB3277:           Project file item includes which caused reference "C:\Program Files\Autodesk\Revit 2026\DBManagedServices.dll". [C:\Users\DELL\source\repos\antiGGGravity\antiGGGravity.csproj]
C:\Program Files\dotnet\sdk\10.0.103\Microsoft.Common.CurrentVersion.targets(2437,5): warning MSB3277:             RevitAPI [C:\Users\DELL\source\repos\antiGGGravity\antiGGGravity.csproj]
C:\Program Files\dotnet\sdk\10.0.103\Microsoft.Common.CurrentVersion.targets(2437,5): warning MSB3277:             RevitAPIUI [C:\Users\DELL\source\repos\antiGGGravity\antiGGGravity.csproj]
C:\Program Files\dotnet\sdk\10.0.103\Microsoft.Common.CurrentVersion.targets(2437,5): warning MSB3277:         C:\Program Files\Autodesk\Revit 2026\APIInterop.dll [C:\Users\DELL\source\repos\antiGGGravity\antiGGGravity.csproj]
C:\Program Files\dotnet\sdk\10.0.103\Microsoft.Common.CurrentVersion.targets(2437,5): warning MSB3277:           Project file item includes which caused reference "C:\Program Files\Autodesk\Revit 2026\APIInterop.dll". [C:\Users\DELL\source\repos\antiGGGravity\antiGGGravity.csproj]
C:\Program Files\dotnet\sdk\10.0.103\Microsoft.Common.CurrentVersion.targets(2437,5): warning MSB3277:             RevitAPIUI [C:\Users\DELL\source\repos\antiGGGravity\antiGGGravity.csproj]
C:\Program Files\dotnet\sdk\10.0.103\Microsoft.Common.CurrentVersion.targets(2437,5): warning MSB3277:         C:\Program Files\Autodesk\Revit 2026\AddInManager.dll [C:\Users\DELL\source\repos\antiGGGravity\antiGGGravity.csproj]
C:\Program Files\dotnet\sdk\10.0.103\Microsoft.Common.CurrentVersion.targets(2437,5): warning MSB3277:           Project file item includes which caused reference "C:\Program Files\Autodesk\Revit 2026\AddInManager.dll". [C:\Users\DELL\source\repos\antiGGGravity\antiGGGravity.csproj]
C:\Program Files\dotnet\sdk\10.0.103\Microsoft.Common.CurrentVersion.targets(2437,5): warning MSB3277:             RevitAPIUI [C:\Users\DELL\source\repos\antiGGGravity\antiGGGravity.csproj]
C:\Program Files\dotnet\sdk\10.0.103\Microsoft.Common.CurrentVersion.targets(2437,5): warning MSB3277:         C:\Program Files\Autodesk\Revit 2026\RevitUIAPI.dll [C:\Users\DELL\source\repos\antiGGGravity\antiGGGravity.csproj]
C:\Program Files\dotnet\sdk\10.0.103\Microsoft.Common.CurrentVersion.targets(2437,5): warning MSB3277:           Project file item includes which caused reference "C:\Program Files\Autodesk\Revit 2026\RevitUIAPI.dll". [C:\Users\DELL\source\repos\antiGGGravity\antiGGGravity.csproj]
C:\Program Files\dotnet\sdk\10.0.103\Microsoft.Common.CurrentVersion.targets(2437,5): warning MSB3277:             RevitAPIUI [C:\Users\DELL\source\repos\antiGGGravity\antiGGGravity.csproj]
C:\Program Files\dotnet\sdk\10.0.103\Microsoft.Common.CurrentVersion.targets(2437,5): warning MSB3277:         C:\Program Files\Autodesk\Revit 2026\BuildingSystemsUIAPI.dll [C:\Users\DELL\source\repos\antiGGGravity\antiGGGravity.csproj]
C:\Program Files\dotnet\sdk\10.0.103\Microsoft.Common.CurrentVersion.targets(2437,5): warning MSB3277:           Project file item includes which caused reference "C:\Program Files\Autodesk\Revit 2026\BuildingSystemsUIAPI.dll". [C:\Users\DELL\source\repos\antiGGGravity\antiGGGravity.csproj]
C:\Program Files\dotnet\sdk\10.0.103\Microsoft.Common.CurrentVersion.targets(2437,5): warning MSB3277:             RevitAPIUI [C:\Users\DELL\source\repos\antiGGGravity\antiGGGravity.csproj]
C:\Program Files\dotnet\sdk\10.0.103\Microsoft.Common.CurrentVersion.targets(2437,5): warning MSB3277:         C:\Program Files\Autodesk\Revit 2026\DesktopMFCAPI.dll [C:\Users\DELL\source\repos\antiGGGravity\antiGGGravity.csproj]
C:\Program Files\dotnet\sdk\10.0.103\Microsoft.Common.CurrentVersion.targets(2437,5): warning MSB3277:           Project file item includes which caused reference "C:\Program Files\Autodesk\Revit 2026\DesktopMFCAPI.dll". [C:\Users\DELL\source\repos\antiGGGravity\antiGGGravity.csproj]
C:\Program Files\dotnet\sdk\10.0.103\Microsoft.Common.CurrentVersion.targets(2437,5): warning MSB3277:             RevitAPIUI [C:\Users\DELL\source\repos\antiGGGravity\antiGGGravity.csproj]
C:\Program Files\dotnet\sdk\10.0.103\Microsoft.Common.CurrentVersion.targets(2437,5): warning MSB3277:         C:\Program Files\Autodesk\Revit 2026\APIUIAPI.dll [C:\Users\DELL\source\repos\antiGGGravity\antiGGGravity.csproj]
C:\Program Files\dotnet\sdk\10.0.103\Microsoft.Common.CurrentVersion.targets(2437,5): warning MSB3277:           Project file item includes which caused reference "C:\Program Files\Autodesk\Revit 2026\APIUIAPI.dll". [C:\Users\DELL\source\repos\antiGGGravity\antiGGGravity.csproj]
C:\Program Files\dotnet\sdk\10.0.103\Microsoft.Common.CurrentVersion.targets(2437,5): warning MSB3277:             RevitAPIUI [C:\Users\DELL\source\repos\antiGGGravity\antiGGGravity.csproj]
C:\Program Files\dotnet\sdk\10.0.103\Microsoft.Common.CurrentVersion.targets(2437,5): warning MSB3277:         C:\Program Files\Autodesk\Revit 2026\RevitMFCAPI.dll [C:\Users\DELL\source\repos\antiGGGravity\antiGGGravity.csproj]
C:\Program Files\dotnet\sdk\10.0.103\Microsoft.Common.CurrentVersion.targets(2437,5): warning MSB3277:           Project file item includes which caused reference "C:\Program Files\Autodesk\Revit 2026\RevitMFCAPI.dll". [C:\Users\DELL\source\repos\antiGGGravity\antiGGGravity.csproj]
C:\Program Files\dotnet\sdk\10.0.103\Microsoft.Common.CurrentVersion.targets(2437,5): warning MSB3277:             RevitAPIUI [C:\Users\DELL\source\repos\antiGGGravity\antiGGGravity.csproj]
C:\Program Files\dotnet\sdk\10.0.103\Microsoft.Common.CurrentVersion.targets(2437,5): warning MSB3277:         C:\Program Files\Autodesk\Revit 2026\EssentialsUIAPI.dll [C:\Users\DELL\source\repos\antiGGGravity\antiGGGravity.csproj]
C:\Program Files\dotnet\sdk\10.0.103\Microsoft.Common.CurrentVersion.targets(2437,5): warning MSB3277:           Project file item includes which caused reference "C:\Program Files\Autodesk\Revit 2026\EssentialsUIAPI.dll". [C:\Users\DELL\source\repos\antiGGGravity\antiGGGravity.csproj]
C:\Program Files\dotnet\sdk\10.0.103\Microsoft.Common.CurrentVersion.targets(2437,5): warning MSB3277:             RevitAPIUI [C:\Users\DELL\source\repos\antiGGGravity\antiGGGravity.csproj]
C:\Program Files\dotnet\sdk\10.0.103\Microsoft.Common.CurrentVersion.targets(2437,5): warning MSB3277:         C:\Program Files\Autodesk\Revit 2026\DetailUIAPI.dll [C:\Users\DELL\source\repos\antiGGGravity\antiGGGravity.csproj]
C:\Program Files\dotnet\sdk\10.0.103\Microsoft.Common.CurrentVersion.targets(2437,5): warning MSB3277:           Project file item includes which caused reference "C:\Program Files\Autodesk\Revit 2026\DetailUIAPI.dll". [C:\Users\DELL\source\repos\antiGGGravity\antiGGGravity.csproj]
C:\Program Files\dotnet\sdk\10.0.103\Microsoft.Common.CurrentVersion.targets(2437,5): warning MSB3277:             RevitAPIUI [C:\Users\DELL\source\repos\antiGGGravity\antiGGGravity.csproj]
C:\Program Files\dotnet\sdk\10.0.103\Microsoft.Common.CurrentVersion.targets(2437,5): warning MSB3277:         C:\Program Files\Autodesk\Revit 2026\UIFrameworkServices.dll [C:\Users\DELL\source\repos\antiGGGravity\antiGGGravity.csproj]
C:\Program Files\dotnet\sdk\10.0.103\Microsoft.Common.CurrentVersion.targets(2437,5): warning MSB3277:           Project file item includes which caused reference "C:\Program Files\Autodesk\Revit 2026\UIFrameworkServices.dll". [C:\Users\DELL\source\repos\antiGGGravity\antiGGGravity.csproj]
C:\Program Files\dotnet\sdk\10.0.103\Microsoft.Common.CurrentVersion.targets(2437,5): warning MSB3277:             RevitAPIUI [C:\Users\DELL\source\repos\antiGGGravity\antiGGGravity.csproj]
C:\Program Files\dotnet\sdk\10.0.103\Microsoft.Common.CurrentVersion.targets(2437,5): warning MSB3277:         C:\Program Files\Autodesk\Revit 2026\SSONET.dll [C:\Users\DELL\source\repos\antiGGGravity\antiGGGravity.csproj]
C:\Program Files\dotnet\sdk\10.0.103\Microsoft.Common.CurrentVersion.targets(2437,5): warning MSB3277:           Project file item includes which caused reference "C:\Program Files\Autodesk\Revit 2026\SSONET.dll". [C:\Users\DELL\source\repos\antiGGGravity\antiGGGravity.csproj]
C:\Program Files\dotnet\sdk\10.0.103\Microsoft.Common.CurrentVersion.targets(2437,5): warning MSB3277:             RevitAPIUI [C:\Users\DELL\source\repos\antiGGGravity\antiGGGravity.csproj]
C:\Program Files\dotnet\sdk\10.0.103\Microsoft.Common.CurrentVersion.targets(2437,5): warning MSB3277: Found conflicts between different versions of "System.Drawing" that could not be resolved. [C:\Users\DELL\source\repos\antiGGGravity\antiGGGravity.csproj]
C:\Program Files\dotnet\sdk\10.0.103\Microsoft.Common.CurrentVersion.targets(2437,5): warning MSB3277: There was a conflict between "System.Drawing, Version=4.0.0.0, Culture=neutral, PublicKeyToken=b03f5f7f11d50a3a" and "System.Drawing, Version=8.0.0.0, Culture=neutral, PublicKeyToken=b03f5f7f11d50a3a". [C:\Users\DELL\source\repos\antiGGGravity\antiGGGravity.csproj]
C:\Program Files\dotnet\sdk\10.0.103\Microsoft.Common.CurrentVersion.targets(2437,5): warning MSB3277:     "System.Drawing, Version=4.0.0.0, Culture=neutral, PublicKeyToken=b03f5f7f11d50a3a" was chosen because it was primary and "System.Drawing, Version=8.0.0.0, Culture=neutral, PublicKeyToken=b03f5f7f11d50a3a" was not. [C:\Users\DELL\source\repos\antiGGGravity\antiGGGravity.csproj]
C:\Program Files\dotnet\sdk\10.0.103\Microsoft.Common.CurrentVersion.targets(2437,5): warning MSB3277:     References which depend on "System.Drawing, Version=4.0.0.0, Culture=neutral, PublicKeyToken=b03f5f7f11d50a3a" [C:\Users\DELL\.nuget\packages\microsoft.netcore.app.ref\8.0.24\ref\net8.0\System.Drawing.dll]. [C:\Users\DELL\source\repos\antiGGGravity\antiGGGravity.csproj]
C:\Program Files\dotnet\sdk\10.0.103\Microsoft.Common.CurrentVersion.targets(2437,5): warning MSB3277:         C:\Users\DELL\.nuget\packages\microsoft.netcore.app.ref\8.0.24\ref\net8.0\System.Drawing.dll [C:\Users\DELL\source\repos\antiGGGravity\antiGGGravity.csproj]
C:\Program Files\dotnet\sdk\10.0.103\Microsoft.Common.CurrentVersion.targets(2437,5): warning MSB3277:           Project file item includes which caused reference "C:\Users\DELL\.nuget\packages\microsoft.netcore.app.ref\8.0.24\ref\net8.0\System.Drawing.dll". [C:\Users\DELL\source\repos\antiGGGravity\antiGGGravity.csproj]
C:\Program Files\dotnet\sdk\10.0.103\Microsoft.Common.CurrentVersion.targets(2437,5): warning MSB3277:             C:\Users\DELL\.nuget\packages\microsoft.netcore.app.ref\8.0.24\ref/net8.0/System.Drawing.dll [C:\Users\DELL\source\repos\antiGGGravity\antiGGGravity.csproj]
C:\Program Files\dotnet\sdk\10.0.103\Microsoft.Common.CurrentVersion.targets(2437,5): warning MSB3277:     References which depend on or have been unified to "System.Drawing, Version=8.0.0.0, Culture=neutral, PublicKeyToken=b03f5f7f11d50a3a" []. [C:\Users\DELL\source\repos\antiGGGravity\antiGGGravity.csproj]
C:\Program Files\dotnet\sdk\10.0.103\Microsoft.Common.CurrentVersion.targets(2437,5): warning MSB3277:         C:\Program Files\Autodesk\Revit 2026\RevitAPI.dll [C:\Users\DELL\source\repos\antiGGGravity\antiGGGravity.csproj]
C:\Program Files\dotnet\sdk\10.0.103\Microsoft.Common.CurrentVersion.targets(2437,5): warning MSB3277:           Project file item includes which caused reference "C:\Program Files\Autodesk\Revit 2026\RevitAPI.dll". [C:\Users\DELL\source\repos\antiGGGravity\antiGGGravity.csproj]
C:\Program Files\dotnet\sdk\10.0.103\Microsoft.Common.CurrentVersion.targets(2437,5): warning MSB3277:             RevitAPI [C:\Users\DELL\source\repos\antiGGGravity\antiGGGravity.csproj]
C:\Program Files\dotnet\sdk\10.0.103\Microsoft.Common.CurrentVersion.targets(2437,5): warning MSB3277:             RevitAPIUI [C:\Users\DELL\source\repos\antiGGGravity\antiGGGravity.csproj]
C:\Program Files\dotnet\sdk\10.0.103\Microsoft.Common.CurrentVersion.targets(2437,5): warning MSB3277:         C:\Program Files\Autodesk\Revit 2026\RevitAPIUI.dll [C:\Users\DELL\source\repos\antiGGGravity\antiGGGravity.csproj]
C:\Program Files\dotnet\sdk\10.0.103\Microsoft.Common.CurrentVersion.targets(2437,5): warning MSB3277:           Project file item includes which caused reference "C:\Program Files\Autodesk\Revit 2026\RevitAPIUI.dll". [C:\Users\DELL\source\repos\antiGGGravity\antiGGGravity.csproj]
C:\Program Files\dotnet\sdk\10.0.103\Microsoft.Common.CurrentVersion.targets(2437,5): warning MSB3277:             RevitAPIUI [C:\Users\DELL\source\repos\antiGGGravity\antiGGGravity.csproj]
C:\Program Files\dotnet\sdk\10.0.103\Microsoft.Common.CurrentVersion.targets(2437,5): warning MSB3277:         C:\Program Files\Autodesk\Revit 2026\StructuralDBAPI.dll [C:\Users\DELL\source\repos\antiGGGravity\antiGGGravity.csproj]
C:\Program Files\dotnet\sdk\10.0.103\Microsoft.Common.CurrentVersion.targets(2437,5): warning MSB3277:           Project file item includes which caused reference "C:\Program Files\Autodesk\Revit 2026\StructuralDBAPI.dll". [C:\Users\DELL\source\repos\antiGGGravity\antiGGGravity.csproj]
C:\Program Files\dotnet\sdk\10.0.103\Microsoft.Common.CurrentVersion.targets(2437,5): warning MSB3277:             StructuralDBAPI [C:\Users\DELL\source\repos\antiGGGravity\antiGGGravity.csproj]
C:\Program Files\dotnet\sdk\10.0.103\Microsoft.Common.CurrentVersion.targets(2437,5): warning MSB3277:             RevitAPI [C:\Users\DELL\source\repos\antiGGGravity\antiGGGravity.csproj]
C:\Program Files\dotnet\sdk\10.0.103\Microsoft.Common.CurrentVersion.targets(2437,5): warning MSB3277:             RevitAPIUI [C:\Users\DELL\source\repos\antiGGGravity\antiGGGravity.csproj]
C:\Program Files\dotnet\sdk\10.0.103\Microsoft.Common.CurrentVersion.targets(2437,5): warning MSB3277:         C:\Program Files\Autodesk\Revit 2026\AdskRcManaged.dll [C:\Users\DELL\source\repos\antiGGGravity\antiGGGravity.csproj]
C:\Program Files\dotnet\sdk\10.0.103\Microsoft.Common.CurrentVersion.targets(2437,5): warning MSB3277:           Project file item includes which caused reference "C:\Program Files\Autodesk\Revit 2026\AdskRcManaged.dll". [C:\Users\DELL\source\repos\antiGGGravity\antiGGGravity.csproj]
C:\Program Files\dotnet\sdk\10.0.103\Microsoft.Common.CurrentVersion.targets(2437,5): warning MSB3277:             RevitAPI [C:\Users\DELL\source\repos\antiGGGravity\antiGGGravity.csproj]
C:\Program Files\dotnet\sdk\10.0.103\Microsoft.Common.CurrentVersion.targets(2437,5): warning MSB3277:             RevitAPIUI [C:\Users\DELL\source\repos\antiGGGravity\antiGGGravity.csproj]
C:\Program Files\dotnet\sdk\10.0.103\Microsoft.Common.CurrentVersion.targets(2437,5): warning MSB3277:         C:\Program Files\Autodesk\Revit 2026\RevitAPIFoundation.dll [C:\Users\DELL\source\repos\antiGGGravity\antiGGGravity.csproj]
C:\Program Files\dotnet\sdk\10.0.103\Microsoft.Common.CurrentVersion.targets(2437,5): warning MSB3277:           Project file item includes which caused reference "C:\Program Files\Autodesk\Revit 2026\RevitAPIFoundation.dll". [C:\Users\DELL\source\repos\antiGGGravity\antiGGGravity.csproj]
C:\Program Files\dotnet\sdk\10.0.103\Microsoft.Common.CurrentVersion.targets(2437,5): warning MSB3277:             RevitAPI [C:\Users\DELL\source\repos\antiGGGravity\antiGGGravity.csproj]
C:\Program Files\dotnet\sdk\10.0.103\Microsoft.Common.CurrentVersion.targets(2437,5): warning MSB3277:             RevitAPIUI [C:\Users\DELL\source\repos\antiGGGravity\antiGGGravity.csproj]
C:\Program Files\dotnet\sdk\10.0.103\Microsoft.Common.CurrentVersion.targets(2437,5): warning MSB3277:             StructuralDBAPI [C:\Users\DELL\source\repos\antiGGGravity\antiGGGravity.csproj]
C:\Program Files\dotnet\sdk\10.0.103\Microsoft.Common.CurrentVersion.targets(2437,5): warning MSB3277:         C:\Program Files\Autodesk\Revit 2026\RevitDBAPI.dll [C:\Users\DELL\source\repos\antiGGGravity\antiGGGravity.csproj]
C:\Program Files\dotnet\sdk\10.0.103\Microsoft.Common.CurrentVersion.targets(2437,5): warning MSB3277:           Project file item includes which caused reference "C:\Program Files\Autodesk\Revit 2026\RevitDBAPI.dll". [C:\Users\DELL\source\repos\antiGGGravity\antiGGGravity.csproj]
C:\Program Files\dotnet\sdk\10.0.103\Microsoft.Common.CurrentVersion.targets(2437,5): warning MSB3277:             RevitAPI [C:\Users\DELL\source\repos\antiGGGravity\antiGGGravity.csproj]
C:\Program Files\dotnet\sdk\10.0.103\Microsoft.Common.CurrentVersion.targets(2437,5): warning MSB3277:             RevitAPIUI [C:\Users\DELL\source\repos\antiGGGravity\antiGGGravity.csproj]
C:\Program Files\dotnet\sdk\10.0.103\Microsoft.Common.CurrentVersion.targets(2437,5): warning MSB3277:             StructuralDBAPI [C:\Users\DELL\source\repos\antiGGGravity\antiGGGravity.csproj]
C:\Program Files\dotnet\sdk\10.0.103\Microsoft.Common.CurrentVersion.targets(2437,5): warning MSB3277:         C:\Program Files\Autodesk\Revit 2026\RevitDBCoreAPI.dll [C:\Users\DELL\source\repos\antiGGGravity\antiGGGravity.csproj]
C:\Program Files\dotnet\sdk\10.0.103\Microsoft.Common.CurrentVersion.targets(2437,5): warning MSB3277:           Project file item includes which caused reference "C:\Program Files\Autodesk\Revit 2026\RevitDBCoreAPI.dll". [C:\Users\DELL\source\repos\antiGGGravity\antiGGGravity.csproj]
C:\Program Files\dotnet\sdk\10.0.103\Microsoft.Common.CurrentVersion.targets(2437,5): warning MSB3277:             RevitAPI [C:\Users\DELL\source\repos\antiGGGravity\antiGGGravity.csproj]
C:\Program Files\dotnet\sdk\10.0.103\Microsoft.Common.CurrentVersion.targets(2437,5): warning MSB3277:             RevitAPIUI [C:\Users\DELL\source\repos\antiGGGravity\antiGGGravity.csproj]
C:\Program Files\dotnet\sdk\10.0.103\Microsoft.Common.CurrentVersion.targets(2437,5): warning MSB3277:             StructuralDBAPI [C:\Users\DELL\source\repos\antiGGGravity\antiGGGravity.csproj]
C:\Program Files\dotnet\sdk\10.0.103\Microsoft.Common.CurrentVersion.targets(2437,5): warning MSB3277:         C:\Program Files\Autodesk\Revit 2026\PersistenceDBAPI.dll [C:\Users\DELL\source\repos\antiGGGravity\antiGGGravity.csproj]
C:\Program Files\dotnet\sdk\10.0.103\Microsoft.Common.CurrentVersion.targets(2437,5): warning MSB3277:           Project file item includes which caused reference "C:\Program Files\Autodesk\Revit 2026\PersistenceDBAPI.dll". [C:\Users\DELL\source\repos\antiGGGravity\antiGGGravity.csproj]
C:\Program Files\dotnet\sdk\10.0.103\Microsoft.Common.CurrentVersion.targets(2437,5): warning MSB3277:             RevitAPI [C:\Users\DELL\source\repos\antiGGGravity\antiGGGravity.csproj]
C:\Program Files\dotnet\sdk\10.0.103\Microsoft.Common.CurrentVersion.targets(2437,5): warning MSB3277:             RevitAPIUI [C:\Users\DELL\source\repos\antiGGGravity\antiGGGravity.csproj]
C:\Program Files\dotnet\sdk\10.0.103\Microsoft.Common.CurrentVersion.targets(2437,5): warning MSB3277:         C:\Program Files\Autodesk\Revit 2026\UtilityAPI.dll [C:\Users\DELL\source\repos\antiGGGravity\antiGGGravity.csproj]
C:\Program Files\dotnet\sdk\10.0.103\Microsoft.Common.CurrentVersion.targets(2437,5): warning MSB3277:           Project file item includes which caused reference "C:\Program Files\Autodesk\Revit 2026\UtilityAPI.dll". [C:\Users\DELL\source\repos\antiGGGravity\antiGGGravity.csproj]
C:\Program Files\dotnet\sdk\10.0.103\Microsoft.Common.CurrentVersion.targets(2437,5): warning MSB3277:             RevitAPI [C:\Users\DELL\source\repos\antiGGGravity\antiGGGravity.csproj]
C:\Program Files\dotnet\sdk\10.0.103\Microsoft.Common.CurrentVersion.targets(2437,5): warning MSB3277:             RevitAPIUI [C:\Users\DELL\source\repos\antiGGGravity\antiGGGravity.csproj]
C:\Program Files\dotnet\sdk\10.0.103\Microsoft.Common.CurrentVersion.targets(2437,5): warning MSB3277:             StructuralDBAPI [C:\Users\DELL\source\repos\antiGGGravity\antiGGGravity.csproj]
C:\Program Files\dotnet\sdk\10.0.103\Microsoft.Common.CurrentVersion.targets(2437,5): warning MSB3277:         C:\Program Files\Autodesk\Revit 2026\APIDBAPI.dll [C:\Users\DELL\source\repos\antiGGGravity\antiGGGravity.csproj]
C:\Program Files\dotnet\sdk\10.0.103\Microsoft.Common.CurrentVersion.targets(2437,5): warning MSB3277:           Project file item includes which caused reference "C:\Program Files\Autodesk\Revit 2026\APIDBAPI.dll". [C:\Users\DELL\source\repos\antiGGGravity\antiGGGravity.csproj]
C:\Program Files\dotnet\sdk\10.0.103\Microsoft.Common.CurrentVersion.targets(2437,5): warning MSB3277:             RevitAPI [C:\Users\DELL\source\repos\antiGGGravity\antiGGGravity.csproj]
C:\Program Files\dotnet\sdk\10.0.103\Microsoft.Common.CurrentVersion.targets(2437,5): warning MSB3277:             RevitAPIUI [C:\Users\DELL\source\repos\antiGGGravity\antiGGGravity.csproj]
C:\Program Files\dotnet\sdk\10.0.103\Microsoft.Common.CurrentVersion.targets(2437,5): warning MSB3277:         C:\Program Files\Autodesk\Revit 2026\GraphicsAPI.dll [C:\Users\DELL\source\repos\antiGGGravity\antiGGGravity.csproj]
C:\Program Files\dotnet\sdk\10.0.103\Microsoft.Common.CurrentVersion.targets(2437,5): warning MSB3277:           Project file item includes which caused reference "C:\Program Files\Autodesk\Revit 2026\GraphicsAPI.dll". [C:\Users\DELL\source\repos\antiGGGravity\antiGGGravity.csproj]
C:\Program Files\dotnet\sdk\10.0.103\Microsoft.Common.CurrentVersion.targets(2437,5): warning MSB3277:             RevitAPI [C:\Users\DELL\source\repos\antiGGGravity\antiGGGravity.csproj]
C:\Program Files\dotnet\sdk\10.0.103\Microsoft.Common.CurrentVersion.targets(2437,5): warning MSB3277:             RevitAPIUI [C:\Users\DELL\source\repos\antiGGGravity\antiGGGravity.csproj]
C:\Program Files\dotnet\sdk\10.0.103\Microsoft.Common.CurrentVersion.targets(2437,5): warning MSB3277:             StructuralDBAPI [C:\Users\DELL\source\repos\antiGGGravity\antiGGGravity.csproj]
C:\Program Files\dotnet\sdk\10.0.103\Microsoft.Common.CurrentVersion.targets(2437,5): warning MSB3277:         C:\Program Files\Autodesk\Revit 2026\ElementGroupDBAPI.dll [C:\Users\DELL\source\repos\antiGGGravity\antiGGGravity.csproj]
C:\Program Files\dotnet\sdk\10.0.103\Microsoft.Common.CurrentVersion.targets(2437,5): warning MSB3277:           Project file item includes which caused reference "C:\Program Files\Autodesk\Revit 2026\ElementGroupDBAPI.dll". [C:\Users\DELL\source\repos\antiGGGravity\antiGGGravity.csproj]
C:\Program Files\dotnet\sdk\10.0.103\Microsoft.Common.CurrentVersion.targets(2437,5): warning MSB3277:             RevitAPI [C:\Users\DELL\source\repos\antiGGGravity\antiGGGravity.csproj]
C:\Program Files\dotnet\sdk\10.0.103\Microsoft.Common.CurrentVersion.targets(2437,5): warning MSB3277:             RevitAPIUI [C:\Users\DELL\source\repos\antiGGGravity\antiGGGravity.csproj]
C:\Program Files\dotnet\sdk\10.0.103\Microsoft.Common.CurrentVersion.targets(2437,5): warning MSB3277:         C:\Program Files\Autodesk\Revit 2026\EssentialsDBAPI.dll [C:\Users\DELL\source\repos\antiGGGravity\antiGGGravity.csproj]
C:\Program Files\dotnet\sdk\10.0.103\Microsoft.Common.CurrentVersion.targets(2437,5): warning MSB3277:           Project file item includes which caused reference "C:\Program Files\Autodesk\Revit 2026\EssentialsDBAPI.dll". [C:\Users\DELL\source\repos\antiGGGravity\antiGGGravity.csproj]
C:\Program Files\dotnet\sdk\10.0.103\Microsoft.Common.CurrentVersion.targets(2437,5): warning MSB3277:             RevitAPI [C:\Users\DELL\source\repos\antiGGGravity\antiGGGravity.csproj]
C:\Program Files\dotnet\sdk\10.0.103\Microsoft.Common.CurrentVersion.targets(2437,5): warning MSB3277:             RevitAPIUI [C:\Users\DELL\source\repos\antiGGGravity\antiGGGravity.csproj]
C:\Program Files\dotnet\sdk\10.0.103\Microsoft.Common.CurrentVersion.targets(2437,5): warning MSB3277:             StructuralDBAPI [C:\Users\DELL\source\repos\antiGGGravity\antiGGGravity.csproj]
C:\Program Files\dotnet\sdk\10.0.103\Microsoft.Common.CurrentVersion.targets(2437,5): warning MSB3277:         C:\Program Files\Autodesk\Revit 2026\GeomUtilAPI.dll [C:\Users\DELL\source\repos\antiGGGravity\antiGGGravity.csproj]
C:\Program Files\dotnet\sdk\10.0.103\Microsoft.Common.CurrentVersion.targets(2437,5): warning MSB3277:           Project file item includes which caused reference "C:\Program Files\Autodesk\Revit 2026\GeomUtilAPI.dll". [C:\Users\DELL\source\repos\antiGGGravity\antiGGGravity.csproj]
C:\Program Files\dotnet\sdk\10.0.103\Microsoft.Common.CurrentVersion.targets(2437,5): warning MSB3277:             RevitAPI [C:\Users\DELL\source\repos\antiGGGravity\antiGGGravity.csproj]
C:\Program Files\dotnet\sdk\10.0.103\Microsoft.Common.CurrentVersion.targets(2437,5): warning MSB3277:             RevitAPIUI [C:\Users\DELL\source\repos\antiGGGravity\antiGGGravity.csproj]
C:\Program Files\dotnet\sdk\10.0.103\Microsoft.Common.CurrentVersion.targets(2437,5): warning MSB3277:             StructuralDBAPI [C:\Users\DELL\source\repos\antiGGGravity\antiGGGravity.csproj]
C:\Program Files\dotnet\sdk\10.0.103\Microsoft.Common.CurrentVersion.targets(2437,5): warning MSB3277:         C:\Program Files\Autodesk\Revit 2026\FamilyDBAPI.dll [C:\Users\DELL\source\repos\antiGGGravity\antiGGGravity.csproj]
C:\Program Files\dotnet\sdk\10.0.103\Microsoft.Common.CurrentVersion.targets(2437,5): warning MSB3277:           Project file item includes which caused reference "C:\Program Files\Autodesk\Revit 2026\FamilyDBAPI.dll". [C:\Users\DELL\source\repos\antiGGGravity\antiGGGravity.csproj]
C:\Program Files\dotnet\sdk\10.0.103\Microsoft.Common.CurrentVersion.targets(2437,5): warning MSB3277:             RevitAPI [C:\Users\DELL\source\repos\antiGGGravity\antiGGGravity.csproj]
C:\Program Files\dotnet\sdk\10.0.103\Microsoft.Common.CurrentVersion.targets(2437,5): warning MSB3277:             RevitAPIUI [C:\Users\DELL\source\repos\antiGGGravity\antiGGGravity.csproj]
C:\Program Files\dotnet\sdk\10.0.103\Microsoft.Common.CurrentVersion.targets(2437,5): warning MSB3277:             StructuralDBAPI [C:\Users\DELL\source\repos\antiGGGravity\antiGGGravity.csproj]
C:\Program Files\dotnet\sdk\10.0.103\Microsoft.Common.CurrentVersion.targets(2437,5): warning MSB3277:         C:\Program Files\Autodesk\Revit 2026\DetailDBAPI.dll [C:\Users\DELL\source\repos\antiGGGravity\antiGGGravity.csproj]
C:\Program Files\dotnet\sdk\10.0.103\Microsoft.Common.CurrentVersion.targets(2437,5): warning MSB3277:           Project file item includes which caused reference "C:\Program Files\Autodesk\Revit 2026\DetailDBAPI.dll". [C:\Users\DELL\source\repos\antiGGGravity\antiGGGravity.csproj]
C:\Program Files\dotnet\sdk\10.0.103\Microsoft.Common.CurrentVersion.targets(2437,5): warning MSB3277:             RevitAPI [C:\Users\DELL\source\repos\antiGGGravity\antiGGGravity.csproj]
C:\Program Files\dotnet\sdk\10.0.103\Microsoft.Common.CurrentVersion.targets(2437,5): warning MSB3277:             RevitAPIUI [C:\Users\DELL\source\repos\antiGGGravity\antiGGGravity.csproj]
C:\Program Files\dotnet\sdk\10.0.103\Microsoft.Common.CurrentVersion.targets(2437,5): warning MSB3277:         C:\Program Files\Autodesk\Revit 2026\CurtainGridFamilyDBAPI.dll [C:\Users\DELL\source\repos\antiGGGravity\antiGGGravity.csproj]
C:\Program Files\dotnet\sdk\10.0.103\Microsoft.Common.CurrentVersion.targets(2437,5): warning MSB3277:           Project file item includes which caused reference "C:\Program Files\Autodesk\Revit 2026\CurtainGridFamilyDBAPI.dll". [C:\Users\DELL\source\repos\antiGGGravity\antiGGGravity.csproj]
C:\Program Files\dotnet\sdk\10.0.103\Microsoft.Common.CurrentVersion.targets(2437,5): warning MSB3277:             RevitAPI [C:\Users\DELL\source\repos\antiGGGravity\antiGGGravity.csproj]
C:\Program Files\dotnet\sdk\10.0.103\Microsoft.Common.CurrentVersion.targets(2437,5): warning MSB3277:             RevitAPIUI [C:\Users\DELL\source\repos\antiGGGravity\antiGGGravity.csproj]
C:\Program Files\dotnet\sdk\10.0.103\Microsoft.Common.CurrentVersion.targets(2437,5): warning MSB3277:         C:\Program Files\Autodesk\Revit 2026\ArrayElemsDBAPI.dll [C:\Users\DELL\source\repos\antiGGGravity\antiGGGravity.csproj]
C:\Program Files\dotnet\sdk\10.0.103\Microsoft.Common.CurrentVersion.targets(2437,5): warning MSB3277:           Project file item includes which caused reference "C:\Program Files\Autodesk\Revit 2026\ArrayElemsDBAPI.dll". [C:\Users\DELL\source\repos\antiGGGravity\antiGGGravity.csproj]
C:\Program Files\dotnet\sdk\10.0.103\Microsoft.Common.CurrentVersion.targets(2437,5): warning MSB3277:             RevitAPI [C:\Users\DELL\source\repos\antiGGGravity\antiGGGravity.csproj]
C:\Program Files\dotnet\sdk\10.0.103\Microsoft.Common.CurrentVersion.targets(2437,5): warning MSB3277:             RevitAPIUI [C:\Users\DELL\source\repos\antiGGGravity\antiGGGravity.csproj]
C:\Program Files\dotnet\sdk\10.0.103\Microsoft.Common.CurrentVersion.targets(2437,5): warning MSB3277:         C:\Program Files\Autodesk\Revit 2026\EnergyAnalysisDBAPI.dll [C:\Users\DELL\source\repos\antiGGGravity\antiGGGravity.csproj]
C:\Program Files\dotnet\sdk\10.0.103\Microsoft.Common.CurrentVersion.targets(2437,5): warning MSB3277:           Project file item includes which caused reference "C:\Program Files\Autodesk\Revit 2026\EnergyAnalysisDBAPI.dll". [C:\Users\DELL\source\repos\antiGGGravity\antiGGGravity.csproj]
C:\Program Files\dotnet\sdk\10.0.103\Microsoft.Common.CurrentVersion.targets(2437,5): warning MSB3277:             RevitAPI [C:\Users\DELL\source\repos\antiGGGravity\antiGGGravity.csproj]
C:\Program Files\dotnet\sdk\10.0.103\Microsoft.Common.CurrentVersion.targets(2437,5): warning MSB3277:             RevitAPIUI [C:\Users\DELL\source\repos\antiGGGravity\antiGGGravity.csproj]
C:\Program Files\dotnet\sdk\10.0.103\Microsoft.Common.CurrentVersion.targets(2437,5): warning MSB3277:         C:\Program Files\Autodesk\Revit 2026\BuildingSystemsDBAPI.dll [C:\Users\DELL\source\repos\antiGGGravity\antiGGGravity.csproj]
C:\Program Files\dotnet\sdk\10.0.103\Microsoft.Common.CurrentVersion.targets(2437,5): warning MSB3277:           Project file item includes which caused reference "C:\Program Files\Autodesk\Revit 2026\BuildingSystemsDBAPI.dll". [C:\Users\DELL\source\repos\antiGGGravity\antiGGGravity.csproj]
C:\Program Files\dotnet\sdk\10.0.103\Microsoft.Common.CurrentVersion.targets(2437,5): warning MSB3277:             RevitAPI [C:\Users\DELL\source\repos\antiGGGravity\antiGGGravity.csproj]
C:\Program Files\dotnet\sdk\10.0.103\Microsoft.Common.CurrentVersion.targets(2437,5): warning MSB3277:             RevitAPIUI [C:\Users\DELL\source\repos\antiGGGravity\antiGGGravity.csproj]
C:\Program Files\dotnet\sdk\10.0.103\Microsoft.Common.CurrentVersion.targets(2437,5): warning MSB3277:         C:\Program Files\Autodesk\Revit 2026\HostObjDBAPI.dll [C:\Users\DELL\source\repos\antiGGGravity\antiGGGravity.csproj]
C:\Program Files\dotnet\sdk\10.0.103\Microsoft.Common.CurrentVersion.targets(2437,5): warning MSB3277:           Project file item includes which caused reference "C:\Program Files\Autodesk\Revit 2026\HostObjDBAPI.dll". [C:\Users\DELL\source\repos\antiGGGravity\antiGGGravity.csproj]
C:\Program Files\dotnet\sdk\10.0.103\Microsoft.Common.CurrentVersion.targets(2437,5): warning MSB3277:             RevitAPI [C:\Users\DELL\source\repos\antiGGGravity\antiGGGravity.csproj]
C:\Program Files\dotnet\sdk\10.0.103\Microsoft.Common.CurrentVersion.targets(2437,5): warning MSB3277:             RevitAPIUI [C:\Users\DELL\source\repos\antiGGGravity\antiGGGravity.csproj]
C:\Program Files\dotnet\sdk\10.0.103\Microsoft.Common.CurrentVersion.targets(2437,5): warning MSB3277:         C:\Program Files\Autodesk\Revit 2026\RoomAreaPlanDBAPI.dll [C:\Users\DELL\source\repos\antiGGGravity\antiGGGravity.csproj]
C:\Program Files\dotnet\sdk\10.0.103\Microsoft.Common.CurrentVersion.targets(2437,5): warning MSB3277:           Project file item includes which caused reference "C:\Program Files\Autodesk\Revit 2026\RoomAreaPlanDBAPI.dll". [C:\Users\DELL\source\repos\antiGGGravity\antiGGGravity.csproj]
C:\Program Files\dotnet\sdk\10.0.103\Microsoft.Common.CurrentVersion.targets(2437,5): warning MSB3277:             RevitAPI [C:\Users\DELL\source\repos\antiGGGravity\antiGGGravity.csproj]
C:\Program Files\dotnet\sdk\10.0.103\Microsoft.Common.CurrentVersion.targets(2437,5): warning MSB3277:             RevitAPIUI [C:\Users\DELL\source\repos\antiGGGravity\antiGGGravity.csproj]
C:\Program Files\dotnet\sdk\10.0.103\Microsoft.Common.CurrentVersion.targets(2437,5): warning MSB3277:         C:\Program Files\Autodesk\Revit 2026\SiteDBAPI.dll [C:\Users\DELL\source\repos\antiGGGravity\antiGGGravity.csproj]
C:\Program Files\dotnet\sdk\10.0.103\Microsoft.Common.CurrentVersion.targets(2437,5): warning MSB3277:           Project file item includes which caused reference "C:\Program Files\Autodesk\Revit 2026\SiteDBAPI.dll". [C:\Users\DELL\source\repos\antiGGGravity\antiGGGravity.csproj]
C:\Program Files\dotnet\sdk\10.0.103\Microsoft.Common.CurrentVersion.targets(2437,5): warning MSB3277:             RevitAPI [C:\Users\DELL\source\repos\antiGGGravity\antiGGGravity.csproj]
C:\Program Files\dotnet\sdk\10.0.103\Microsoft.Common.CurrentVersion.targets(2437,5): warning MSB3277:             RevitAPIUI [C:\Users\DELL\source\repos\antiGGGravity\antiGGGravity.csproj]
C:\Program Files\dotnet\sdk\10.0.103\Microsoft.Common.CurrentVersion.targets(2437,5): warning MSB3277:         C:\Program Files\Autodesk\Revit 2026\SculptingDBAPI.dll [C:\Users\DELL\source\repos\antiGGGravity\antiGGGravity.csproj]
C:\Program Files\dotnet\sdk\10.0.103\Microsoft.Common.CurrentVersion.targets(2437,5): warning MSB3277:           Project file item includes which caused reference "C:\Program Files\Autodesk\Revit 2026\SculptingDBAPI.dll". [C:\Users\DELL\source\repos\antiGGGravity\antiGGGravity.csproj]
C:\Program Files\dotnet\sdk\10.0.103\Microsoft.Common.CurrentVersion.targets(2437,5): warning MSB3277:             RevitAPI [C:\Users\DELL\source\repos\antiGGGravity\antiGGGravity.csproj]
C:\Program Files\dotnet\sdk\10.0.103\Microsoft.Common.CurrentVersion.targets(2437,5): warning MSB3277:             RevitAPIUI [C:\Users\DELL\source\repos\antiGGGravity\antiGGGravity.csproj]
C:\Program Files\dotnet\sdk\10.0.103\Microsoft.Common.CurrentVersion.targets(2437,5): warning MSB3277:         C:\Program Files\Autodesk\Revit 2026\InterfaceAPI.dll [C:\Users\DELL\source\repos\antiGGGravity\antiGGGravity.csproj]
C:\Program Files\dotnet\sdk\10.0.103\Microsoft.Common.CurrentVersion.targets(2437,5): warning MSB3277:           Project file item includes which caused reference "C:\Program Files\Autodesk\Revit 2026\InterfaceAPI.dll". [C:\Users\DELL\source\repos\antiGGGravity\antiGGGravity.csproj]
C:\Program Files\dotnet\sdk\10.0.103\Microsoft.Common.CurrentVersion.targets(2437,5): warning MSB3277:             RevitAPI [C:\Users\DELL\source\repos\antiGGGravity\antiGGGravity.csproj]
C:\Program Files\dotnet\sdk\10.0.103\Microsoft.Common.CurrentVersion.targets(2437,5): warning MSB3277:             RevitAPIUI [C:\Users\DELL\source\repos\antiGGGravity\antiGGGravity.csproj]
C:\Program Files\dotnet\sdk\10.0.103\Microsoft.Common.CurrentVersion.targets(2437,5): warning MSB3277:             StructuralDBAPI [C:\Users\DELL\source\repos\antiGGGravity\antiGGGravity.csproj]
C:\Program Files\dotnet\sdk\10.0.103\Microsoft.Common.CurrentVersion.targets(2437,5): warning MSB3277:         C:\Program Files\Autodesk\Revit 2026\InterfaceUtilAPI.dll [C:\Users\DELL\source\repos\antiGGGravity\antiGGGravity.csproj]
C:\Program Files\dotnet\sdk\10.0.103\Microsoft.Common.CurrentVersion.targets(2437,5): warning MSB3277:           Project file item includes which caused reference "C:\Program Files\Autodesk\Revit 2026\InterfaceUtilAPI.dll". [C:\Users\DELL\source\repos\antiGGGravity\antiGGGravity.csproj]
C:\Program Files\dotnet\sdk\10.0.103\Microsoft.Common.CurrentVersion.targets(2437,5): warning MSB3277:             RevitAPI [C:\Users\DELL\source\repos\antiGGGravity\antiGGGravity.csproj]
C:\Program Files\dotnet\sdk\10.0.103\Microsoft.Common.CurrentVersion.targets(2437,5): warning MSB3277:             RevitAPIUI [C:\Users\DELL\source\repos\antiGGGravity\antiGGGravity.csproj]
C:\Program Files\dotnet\sdk\10.0.103\Microsoft.Common.CurrentVersion.targets(2437,5): warning MSB3277:         C:\Program Files\Autodesk\Revit 2026\RebarDBAPI.dll [C:\Users\DELL\source\repos\antiGGGravity\antiGGGravity.csproj]
C:\Program Files\dotnet\sdk\10.0.103\Microsoft.Common.CurrentVersion.targets(2437,5): warning MSB3277:           Project file item includes which caused reference "C:\Program Files\Autodesk\Revit 2026\RebarDBAPI.dll". [C:\Users\DELL\source\repos\antiGGGravity\antiGGGravity.csproj]
C:\Program Files\dotnet\sdk\10.0.103\Microsoft.Common.CurrentVersion.targets(2437,5): warning MSB3277:             RevitAPI [C:\Users\DELL\source\repos\antiGGGravity\antiGGGravity.csproj]
C:\Program Files\dotnet\sdk\10.0.103\Microsoft.Common.CurrentVersion.targets(2437,5): warning MSB3277:             RevitAPIUI [C:\Users\DELL\source\repos\antiGGGravity\antiGGGravity.csproj]
C:\Program Files\dotnet\sdk\10.0.103\Microsoft.Common.CurrentVersion.targets(2437,5): warning MSB3277:         C:\Program Files\Autodesk\Revit 2026\StructuralAnalysisDBAPI.dll [C:\Users\DELL\source\repos\antiGGGravity\antiGGGravity.csproj]
C:\Program Files\dotnet\sdk\10.0.103\Microsoft.Common.CurrentVersion.targets(2437,5): warning MSB3277:           Project file item includes which caused reference "C:\Program Files\Autodesk\Revit 2026\StructuralAnalysisDBAPI.dll". [C:\Users\DELL\source\repos\antiGGGravity\antiGGGravity.csproj]
C:\Program Files\dotnet\sdk\10.0.103\Microsoft.Common.CurrentVersion.targets(2437,5): warning MSB3277:             RevitAPI [C:\Users\DELL\source\repos\antiGGGravity\antiGGGravity.csproj]
C:\Program Files\dotnet\sdk\10.0.103\Microsoft.Common.CurrentVersion.targets(2437,5): warning MSB3277:             RevitAPIUI [C:\Users\DELL\source\repos\antiGGGravity\antiGGGravity.csproj]
C:\Program Files\dotnet\sdk\10.0.103\Microsoft.Common.CurrentVersion.targets(2437,5): warning MSB3277:         C:\Program Files\Autodesk\Revit 2026\MassingDBAPI.dll [C:\Users\DELL\source\repos\antiGGGravity\antiGGGravity.csproj]
C:\Program Files\dotnet\sdk\10.0.103\Microsoft.Common.CurrentVersion.targets(2437,5): warning MSB3277:           Project file item includes which caused reference "C:\Program Files\Autodesk\Revit 2026\MassingDBAPI.dll". [C:\Users\DELL\source\repos\antiGGGravity\antiGGGravity.csproj]
C:\Program Files\dotnet\sdk\10.0.103\Microsoft.Common.CurrentVersion.targets(2437,5): warning MSB3277:             RevitAPI [C:\Users\DELL\source\repos\antiGGGravity\antiGGGravity.csproj]
C:\Program Files\dotnet\sdk\10.0.103\Microsoft.Common.CurrentVersion.targets(2437,5): warning MSB3277:             RevitAPIUI [C:\Users\DELL\source\repos\antiGGGravity\antiGGGravity.csproj]
C:\Program Files\dotnet\sdk\10.0.103\Microsoft.Common.CurrentVersion.targets(2437,5): warning MSB3277:         C:\Program Files\Autodesk\Revit 2026\AssemblyDBAPI.dll [C:\Users\DELL\source\repos\antiGGGravity\antiGGGravity.csproj]
C:\Program Files\dotnet\sdk\10.0.103\Microsoft.Common.CurrentVersion.targets(2437,5): warning MSB3277:           Project file item includes which caused reference "C:\Program Files\Autodesk\Revit 2026\AssemblyDBAPI.dll". [C:\Users\DELL\source\repos\antiGGGravity\antiGGGravity.csproj]
C:\Program Files\dotnet\sdk\10.0.103\Microsoft.Common.CurrentVersion.targets(2437,5): warning MSB3277:             RevitAPI [C:\Users\DELL\source\repos\antiGGGravity\antiGGGravity.csproj]
C:\Program Files\dotnet\sdk\10.0.103\Microsoft.Common.CurrentVersion.targets(2437,5): warning MSB3277:             RevitAPIUI [C:\Users\DELL\source\repos\antiGGGravity\antiGGGravity.csproj]
C:\Program Files\dotnet\sdk\10.0.103\Microsoft.Common.CurrentVersion.targets(2437,5): warning MSB3277:         C:\Program Files\Autodesk\Revit 2026\DPartDBAPI.dll [C:\Users\DELL\source\repos\antiGGGravity\antiGGGravity.csproj]
C:\Program Files\dotnet\sdk\10.0.103\Microsoft.Common.CurrentVersion.targets(2437,5): warning MSB3277:           Project file item includes which caused reference "C:\Program Files\Autodesk\Revit 2026\DPartDBAPI.dll". [C:\Users\DELL\source\repos\antiGGGravity\antiGGGravity.csproj]
C:\Program Files\dotnet\sdk\10.0.103\Microsoft.Common.CurrentVersion.targets(2437,5): warning MSB3277:             RevitAPI [C:\Users\DELL\source\repos\antiGGGravity\antiGGGravity.csproj]
C:\Program Files\dotnet\sdk\10.0.103\Microsoft.Common.CurrentVersion.targets(2437,5): warning MSB3277:             RevitAPIUI [C:\Users\DELL\source\repos\antiGGGravity\antiGGGravity.csproj]
C:\Program Files\dotnet\sdk\10.0.103\Microsoft.Common.CurrentVersion.targets(2437,5): warning MSB3277:         C:\Program Files\Autodesk\Revit 2026\NumberingDBAPI.dll [C:\Users\DELL\source\repos\antiGGGravity\antiGGGravity.csproj]
C:\Program Files\dotnet\sdk\10.0.103\Microsoft.Common.CurrentVersion.targets(2437,5): warning MSB3277:           Project file item includes which caused reference "C:\Program Files\Autodesk\Revit 2026\NumberingDBAPI.dll". [C:\Users\DELL\source\repos\antiGGGravity\antiGGGravity.csproj]
C:\Program Files\dotnet\sdk\10.0.103\Microsoft.Common.CurrentVersion.targets(2437,5): warning MSB3277:             RevitAPI [C:\Users\DELL\source\repos\antiGGGravity\antiGGGravity.csproj]
C:\Program Files\dotnet\sdk\10.0.103\Microsoft.Common.CurrentVersion.targets(2437,5): warning MSB3277:             RevitAPIUI [C:\Users\DELL\source\repos\antiGGGravity\antiGGGravity.csproj]
C:\Program Files\dotnet\sdk\10.0.103\Microsoft.Common.CurrentVersion.targets(2437,5): warning MSB3277:         C:\Program Files\Autodesk\Revit 2026\PointCloudAccessAPI.dll [C:\Users\DELL\source\repos\antiGGGravity\antiGGGravity.csproj]
C:\Program Files\dotnet\sdk\10.0.103\Microsoft.Common.CurrentVersion.targets(2437,5): warning MSB3277:           Project file item includes which caused reference "C:\Program Files\Autodesk\Revit 2026\PointCloudAccessAPI.dll". [C:\Users\DELL\source\repos\antiGGGravity\antiGGGravity.csproj]
C:\Program Files\dotnet\sdk\10.0.103\Microsoft.Common.CurrentVersion.targets(2437,5): warning MSB3277:             RevitAPI [C:\Users\DELL\source\repos\antiGGGravity\antiGGGravity.csproj]
C:\Program Files\dotnet\sdk\10.0.103\Microsoft.Common.CurrentVersion.targets(2437,5): warning MSB3277:             RevitAPIUI [C:\Users\DELL\source\repos\antiGGGravity\antiGGGravity.csproj]
C:\Program Files\dotnet\sdk\10.0.103\Microsoft.Common.CurrentVersion.targets(2437,5): warning MSB3277:             StructuralDBAPI [C:\Users\DELL\source\repos\antiGGGravity\antiGGGravity.csproj]
C:\Program Files\dotnet\sdk\10.0.103\Microsoft.Common.CurrentVersion.targets(2437,5): warning MSB3277:         C:\Program Files\Autodesk\Revit 2026\StairRampDBAPI.dll [C:\Users\DELL\source\repos\antiGGGravity\antiGGGravity.csproj]
C:\Program Files\dotnet\sdk\10.0.103\Microsoft.Common.CurrentVersion.targets(2437,5): warning MSB3277:           Project file item includes which caused reference "C:\Program Files\Autodesk\Revit 2026\StairRampDBAPI.dll". [C:\Users\DELL\source\repos\antiGGGravity\antiGGGravity.csproj]
C:\Program Files\dotnet\sdk\10.0.103\Microsoft.Common.CurrentVersion.targets(2437,5): warning MSB3277:             RevitAPI [C:\Users\DELL\source\repos\antiGGGravity\antiGGGravity.csproj]
C:\Program Files\dotnet\sdk\10.0.103\Microsoft.Common.CurrentVersion.targets(2437,5): warning MSB3277:             RevitAPIUI [C:\Users\DELL\source\repos\antiGGGravity\antiGGGravity.csproj]
C:\Program Files\dotnet\sdk\10.0.103\Microsoft.Common.CurrentVersion.targets(2437,5): warning MSB3277:         C:\Program Files\Autodesk\Revit 2026\AnalysisAppsDBAPI.dll [C:\Users\DELL\source\repos\antiGGGravity\antiGGGravity.csproj]
C:\Program Files\dotnet\sdk\10.0.103\Microsoft.Common.CurrentVersion.targets(2437,5): warning MSB3277:           Project file item includes which caused reference "C:\Program Files\Autodesk\Revit 2026\AnalysisAppsDBAPI.dll". [C:\Users\DELL\source\repos\antiGGGravity\antiGGGravity.csproj]
C:\Program Files\dotnet\sdk\10.0.103\Microsoft.Common.CurrentVersion.targets(2437,5): warning MSB3277:             RevitAPI [C:\Users\DELL\source\repos\antiGGGravity\antiGGGravity.csproj]
C:\Program Files\dotnet\sdk\10.0.103\Microsoft.Common.CurrentVersion.targets(2437,5): warning MSB3277:             RevitAPIUI [C:\Users\DELL\source\repos\antiGGGravity\antiGGGravity.csproj]
C:\Program Files\dotnet\sdk\10.0.103\Microsoft.Common.CurrentVersion.targets(2437,5): warning MSB3277:         C:\Program Files\Autodesk\Revit 2026\MaterialDBAPI.dll [C:\Users\DELL\source\repos\antiGGGravity\antiGGGravity.csproj]
C:\Program Files\dotnet\sdk\10.0.103\Microsoft.Common.CurrentVersion.targets(2437,5): warning MSB3277:           Project file item includes which caused reference "C:\Program Files\Autodesk\Revit 2026\MaterialDBAPI.dll". [C:\Users\DELL\source\repos\antiGGGravity\antiGGGravity.csproj]
C:\Program Files\dotnet\sdk\10.0.103\Microsoft.Common.CurrentVersion.targets(2437,5): warning MSB3277:             RevitAPI [C:\Users\DELL\source\repos\antiGGGravity\antiGGGravity.csproj]
C:\Program Files\dotnet\sdk\10.0.103\Microsoft.Common.CurrentVersion.targets(2437,5): warning MSB3277:             RevitAPIUI [C:\Users\DELL\source\repos\antiGGGravity\antiGGGravity.csproj]
C:\Program Files\dotnet\sdk\10.0.103\Microsoft.Common.CurrentVersion.targets(2437,5): warning MSB3277:         C:\Program Files\Autodesk\Revit 2026\IntfATFAPI.dll [C:\Users\DELL\source\repos\antiGGGravity\antiGGGravity.csproj]
C:\Program Files\dotnet\sdk\10.0.103\Microsoft.Common.CurrentVersion.targets(2437,5): warning MSB3277:           Project file item includes which caused reference "C:\Program Files\Autodesk\Revit 2026\IntfATFAPI.dll". [C:\Users\DELL\source\repos\antiGGGravity\antiGGGravity.csproj]
C:\Program Files\dotnet\sdk\10.0.103\Microsoft.Common.CurrentVersion.targets(2437,5): warning MSB3277:             RevitAPI [C:\Users\DELL\source\repos\antiGGGravity\antiGGGravity.csproj]
C:\Program Files\dotnet\sdk\10.0.103\Microsoft.Common.CurrentVersion.targets(2437,5): warning MSB3277:             RevitAPIUI [C:\Users\DELL\source\repos\antiGGGravity\antiGGGravity.csproj]
C:\Program Files\dotnet\sdk\10.0.103\Microsoft.Common.CurrentVersion.targets(2437,5): warning MSB3277:         C:\Program Files\Autodesk\Revit 2026\TextEngineAPI.dll [C:\Users\DELL\source\repos\antiGGGravity\antiGGGravity.csproj]
C:\Program Files\dotnet\sdk\10.0.103\Microsoft.Common.CurrentVersion.targets(2437,5): warning MSB3277:           Project file item includes which caused reference "C:\Program Files\Autodesk\Revit 2026\TextEngineAPI.dll". [C:\Users\DELL\source\repos\antiGGGravity\antiGGGravity.csproj]
C:\Program Files\dotnet\sdk\10.0.103\Microsoft.Common.CurrentVersion.targets(2437,5): warning MSB3277:             RevitAPI [C:\Users\DELL\source\repos\antiGGGravity\antiGGGravity.csproj]
C:\Program Files\dotnet\sdk\10.0.103\Microsoft.Common.CurrentVersion.targets(2437,5): warning MSB3277:             RevitAPIUI [C:\Users\DELL\source\repos\antiGGGravity\antiGGGravity.csproj]
C:\Program Files\dotnet\sdk\10.0.103\Microsoft.Common.CurrentVersion.targets(2437,5): warning MSB3277:         C:\Program Files\Autodesk\Revit 2026\InfrastructureDBAPI.dll [C:\Users\DELL\source\repos\antiGGGravity\antiGGGravity.csproj]
C:\Program Files\dotnet\sdk\10.0.103\Microsoft.Common.CurrentVersion.targets(2437,5): warning MSB3277:           Project file item includes which caused reference "C:\Program Files\Autodesk\Revit 2026\InfrastructureDBAPI.dll". [C:\Users\DELL\source\repos\antiGGGravity\antiGGGravity.csproj]
C:\Program Files\dotnet\sdk\10.0.103\Microsoft.Common.CurrentVersion.targets(2437,5): warning MSB3277:             RevitAPI [C:\Users\DELL\source\repos\antiGGGravity\antiGGGravity.csproj]
C:\Program Files\dotnet\sdk\10.0.103\Microsoft.Common.CurrentVersion.targets(2437,5): warning MSB3277:             RevitAPIUI [C:\Users\DELL\source\repos\antiGGGravity\antiGGGravity.csproj]
C:\Program Files\dotnet\sdk\10.0.103\Microsoft.Common.CurrentVersion.targets(2437,5): warning MSB3277:         C:\Program Files\Autodesk\Revit 2026\ATFRevitCoreAPI.dll [C:\Users\DELL\source\repos\antiGGGravity\antiGGGravity.csproj]
C:\Program Files\dotnet\sdk\10.0.103\Microsoft.Common.CurrentVersion.targets(2437,5): warning MSB3277:           Project file item includes which caused reference "C:\Program Files\Autodesk\Revit 2026\ATFRevitCoreAPI.dll". [C:\Users\DELL\source\repos\antiGGGravity\antiGGGravity.csproj]
C:\Program Files\dotnet\sdk\10.0.103\Microsoft.Common.CurrentVersion.targets(2437,5): warning MSB3277:             RevitAPI [C:\Users\DELL\source\repos\antiGGGravity\antiGGGravity.csproj]
C:\Program Files\dotnet\sdk\10.0.103\Microsoft.Common.CurrentVersion.targets(2437,5): warning MSB3277:             RevitAPIUI [C:\Users\DELL\source\repos\antiGGGravity\antiGGGravity.csproj]
C:\Program Files\dotnet\sdk\10.0.103\Microsoft.Common.CurrentVersion.targets(2437,5): warning MSB3277:             StructuralDBAPI [C:\Users\DELL\source\repos\antiGGGravity\antiGGGravity.csproj]
C:\Program Files\dotnet\sdk\10.0.103\Microsoft.Common.CurrentVersion.targets(2437,5): warning MSB3277:         C:\Program Files\Autodesk\Revit 2026\DBManagedServices.dll [C:\Users\DELL\source\repos\antiGGGravity\antiGGGravity.csproj]
C:\Program Files\dotnet\sdk\10.0.103\Microsoft.Common.CurrentVersion.targets(2437,5): warning MSB3277:           Project file item includes which caused reference "C:\Program Files\Autodesk\Revit 2026\DBManagedServices.dll". [C:\Users\DELL\source\repos\antiGGGravity\antiGGGravity.csproj]
C:\Program Files\dotnet\sdk\10.0.103\Microsoft.Common.CurrentVersion.targets(2437,5): warning MSB3277:             RevitAPI [C:\Users\DELL\source\repos\antiGGGravity\antiGGGravity.csproj]
C:\Program Files\dotnet\sdk\10.0.103\Microsoft.Common.CurrentVersion.targets(2437,5): warning MSB3277:             RevitAPIUI [C:\Users\DELL\source\repos\antiGGGravity\antiGGGravity.csproj]
C:\Program Files\dotnet\sdk\10.0.103\Microsoft.Common.CurrentVersion.targets(2437,5): warning MSB3277:         C:\Program Files\Autodesk\Revit 2026\APIInterop.dll [C:\Users\DELL\source\repos\antiGGGravity\antiGGGravity.csproj]
C:\Program Files\dotnet\sdk\10.0.103\Microsoft.Common.CurrentVersion.targets(2437,5): warning MSB3277:           Project file item includes which caused reference "C:\Program Files\Autodesk\Revit 2026\APIInterop.dll". [C:\Users\DELL\source\repos\antiGGGravity\antiGGGravity.csproj]
C:\Program Files\dotnet\sdk\10.0.103\Microsoft.Common.CurrentVersion.targets(2437,5): warning MSB3277:             RevitAPIUI [C:\Users\DELL\source\repos\antiGGGravity\antiGGGravity.csproj]
C:\Program Files\dotnet\sdk\10.0.103\Microsoft.Common.CurrentVersion.targets(2437,5): warning MSB3277:         C:\Program Files\Autodesk\Revit 2026\AddInManager.dll [C:\Users\DELL\source\repos\antiGGGravity\antiGGGravity.csproj]
C:\Program Files\dotnet\sdk\10.0.103\Microsoft.Common.CurrentVersion.targets(2437,5): warning MSB3277:           Project file item includes which caused reference "C:\Program Files\Autodesk\Revit 2026\AddInManager.dll". [C:\Users\DELL\source\repos\antiGGGravity\antiGGGravity.csproj]
C:\Program Files\dotnet\sdk\10.0.103\Microsoft.Common.CurrentVersion.targets(2437,5): warning MSB3277:             RevitAPIUI [C:\Users\DELL\source\repos\antiGGGravity\antiGGGravity.csproj]
C:\Program Files\dotnet\sdk\10.0.103\Microsoft.Common.CurrentVersion.targets(2437,5): warning MSB3277:         C:\Program Files\Autodesk\Revit 2026\RevitUIAPI.dll [C:\Users\DELL\source\repos\antiGGGravity\antiGGGravity.csproj]
C:\Program Files\dotnet\sdk\10.0.103\Microsoft.Common.CurrentVersion.targets(2437,5): warning MSB3277:           Project file item includes which caused reference "C:\Program Files\Autodesk\Revit 2026\RevitUIAPI.dll". [C:\Users\DELL\source\repos\antiGGGravity\antiGGGravity.csproj]
C:\Program Files\dotnet\sdk\10.0.103\Microsoft.Common.CurrentVersion.targets(2437,5): warning MSB3277:             RevitAPIUI [C:\Users\DELL\source\repos\antiGGGravity\antiGGGravity.csproj]
C:\Program Files\dotnet\sdk\10.0.103\Microsoft.Common.CurrentVersion.targets(2437,5): warning MSB3277:         C:\Program Files\Autodesk\Revit 2026\BuildingSystemsUIAPI.dll [C:\Users\DELL\source\repos\antiGGGravity\antiGGGravity.csproj]
C:\Program Files\dotnet\sdk\10.0.103\Microsoft.Common.CurrentVersion.targets(2437,5): warning MSB3277:           Project file item includes which caused reference "C:\Program Files\Autodesk\Revit 2026\BuildingSystemsUIAPI.dll". [C:\Users\DELL\source\repos\antiGGGravity\antiGGGravity.csproj]
C:\Program Files\dotnet\sdk\10.0.103\Microsoft.Common.CurrentVersion.targets(2437,5): warning MSB3277:             RevitAPIUI [C:\Users\DELL\source\repos\antiGGGravity\antiGGGravity.csproj]
C:\Program Files\dotnet\sdk\10.0.103\Microsoft.Common.CurrentVersion.targets(2437,5): warning MSB3277:         C:\Program Files\Autodesk\Revit 2026\DesktopMFCAPI.dll [C:\Users\DELL\source\repos\antiGGGravity\antiGGGravity.csproj]
C:\Program Files\dotnet\sdk\10.0.103\Microsoft.Common.CurrentVersion.targets(2437,5): warning MSB3277:           Project file item includes which caused reference "C:\Program Files\Autodesk\Revit 2026\DesktopMFCAPI.dll". [C:\Users\DELL\source\repos\antiGGGravity\antiGGGravity.csproj]
C:\Program Files\dotnet\sdk\10.0.103\Microsoft.Common.CurrentVersion.targets(2437,5): warning MSB3277:             RevitAPIUI [C:\Users\DELL\source\repos\antiGGGravity\antiGGGravity.csproj]
C:\Program Files\dotnet\sdk\10.0.103\Microsoft.Common.CurrentVersion.targets(2437,5): warning MSB3277:         C:\Program Files\Autodesk\Revit 2026\APIUIAPI.dll [C:\Users\DELL\source\repos\antiGGGravity\antiGGGravity.csproj]
C:\Program Files\dotnet\sdk\10.0.103\Microsoft.Common.CurrentVersion.targets(2437,5): warning MSB3277:           Project file item includes which caused reference "C:\Program Files\Autodesk\Revit 2026\APIUIAPI.dll". [C:\Users\DELL\source\repos\antiGGGravity\antiGGGravity.csproj]
C:\Program Files\dotnet\sdk\10.0.103\Microsoft.Common.CurrentVersion.targets(2437,5): warning MSB3277:             RevitAPIUI [C:\Users\DELL\source\repos\antiGGGravity\antiGGGravity.csproj]
C:\Program Files\dotnet\sdk\10.0.103\Microsoft.Common.CurrentVersion.targets(2437,5): warning MSB3277:         C:\Program Files\Autodesk\Revit 2026\RevitMFCAPI.dll [C:\Users\DELL\source\repos\antiGGGravity\antiGGGravity.csproj]
C:\Program Files\dotnet\sdk\10.0.103\Microsoft.Common.CurrentVersion.targets(2437,5): warning MSB3277:           Project file item includes which caused reference "C:\Program Files\Autodesk\Revit 2026\RevitMFCAPI.dll". [C:\Users\DELL\source\repos\antiGGGravity\antiGGGravity.csproj]
C:\Program Files\dotnet\sdk\10.0.103\Microsoft.Common.CurrentVersion.targets(2437,5): warning MSB3277:             RevitAPIUI [C:\Users\DELL\source\repos\antiGGGravity\antiGGGravity.csproj]
C:\Program Files\dotnet\sdk\10.0.103\Microsoft.Common.CurrentVersion.targets(2437,5): warning MSB3277:         C:\Program Files\Autodesk\Revit 2026\EssentialsUIAPI.dll [C:\Users\DELL\source\repos\antiGGGravity\antiGGGravity.csproj]
C:\Program Files\dotnet\sdk\10.0.103\Microsoft.Common.CurrentVersion.targets(2437,5): warning MSB3277:           Project file item includes which caused reference "C:\Program Files\Autodesk\Revit 2026\EssentialsUIAPI.dll". [C:\Users\DELL\source\repos\antiGGGravity\antiGGGravity.csproj]
C:\Program Files\dotnet\sdk\10.0.103\Microsoft.Common.CurrentVersion.targets(2437,5): warning MSB3277:             RevitAPIUI [C:\Users\DELL\source\repos\antiGGGravity\antiGGGravity.csproj]
C:\Program Files\dotnet\sdk\10.0.103\Microsoft.Common.CurrentVersion.targets(2437,5): warning MSB3277:         C:\Program Files\Autodesk\Revit 2026\DetailUIAPI.dll [C:\Users\DELL\source\repos\antiGGGravity\antiGGGravity.csproj]
C:\Program Files\dotnet\sdk\10.0.103\Microsoft.Common.CurrentVersion.targets(2437,5): warning MSB3277:           Project file item includes which caused reference "C:\Program Files\Autodesk\Revit 2026\DetailUIAPI.dll". [C:\Users\DELL\source\repos\antiGGGravity\antiGGGravity.csproj]
C:\Program Files\dotnet\sdk\10.0.103\Microsoft.Common.CurrentVersion.targets(2437,5): warning MSB3277:             RevitAPIUI [C:\Users\DELL\source\repos\antiGGGravity\antiGGGravity.csproj]
C:\Program Files\dotnet\sdk\10.0.103\Microsoft.Common.CurrentVersion.targets(2437,5): warning MSB3277:         C:\Program Files\Autodesk\Revit 2026\UIFrameworkServices.dll [C:\Users\DELL\source\repos\antiGGGravity\antiGGGravity.csproj]
C:\Program Files\dotnet\sdk\10.0.103\Microsoft.Common.CurrentVersion.targets(2437,5): warning MSB3277:           Project file item includes which caused reference "C:\Program Files\Autodesk\Revit 2026\UIFrameworkServices.dll". [C:\Users\DELL\source\repos\antiGGGravity\antiGGGravity.csproj]
C:\Program Files\dotnet\sdk\10.0.103\Microsoft.Common.CurrentVersion.targets(2437,5): warning MSB3277:             RevitAPIUI [C:\Users\DELL\source\repos\antiGGGravity\antiGGGravity.csproj]
C:\Program Files\dotnet\sdk\10.0.103\Microsoft.Common.CurrentVersion.targets(2437,5): warning MSB3277:         C:\Program Files\Autodesk\Revit 2026\SSONET.dll [C:\Users\DELL\source\repos\antiGGGravity\antiGGGravity.csproj]
C:\Program Files\dotnet\sdk\10.0.103\Microsoft.Common.CurrentVersion.targets(2437,5): warning MSB3277:           Project file item includes which caused reference "C:\Program Files\Autodesk\Revit 2026\SSONET.dll". [C:\Users\DELL\source\repos\antiGGGravity\antiGGGravity.csproj]
C:\Program Files\dotnet\sdk\10.0.103\Microsoft.Common.CurrentVersion.targets(2437,5): warning MSB3277:             RevitAPIUI [C:\Users\DELL\source\repos\antiGGGravity\antiGGGravity.csproj]
C:\Users\DELL\source\repos\antiGGGravity\Views\Management\DuplicateSheetsView.xaml.cs(80,38): warning CS0168: The variable 'ex' is declared but never used [C:\Users\DELL\source\repos\antiGGGravity\antiGGGravity.csproj]
C:\Users\DELL\source\repos\antiGGGravity\Views\Overrides\ColorSplashHandler.cs(203,28): warning CS0219: The variable 'rowHeight' is assigned but its value is never used [C:\Users\DELL\source\repos\antiGGGravity\antiGGGravity.csproj]
C:\Users\DELL\source\repos\antiGGGravity\Commands\Rebar\WallRebarCommand.cs(218,13): warning CS0618: 'RebarHookOrientation' is obsolete: 'This enumeration is deprecated in Revit 2026 and may be removed in a later version of Revit. You can use RebarTerminationOrientation enumeration instead.' [C:\Users\DELL\source\repos\antiGGGravity\antiGGGravity.csproj]
C:\Users\DELL\source\repos\antiGGGravity\Commands\Rebar\WallRebarCommand.cs(221,38): warning CS0618: 'RebarHookOrientation' is obsolete: 'This enumeration is deprecated in Revit 2026 and may be removed in a later version of Revit. You can use RebarTerminationOrientation enumeration instead.' [C:\Users\DELL\source\repos\antiGGGravity\antiGGGravity.csproj]
C:\Users\DELL\source\repos\antiGGGravity\Commands\Rebar\WallRebarCommand.cs(221,67): warning CS0618: 'RebarHookOrientation' is obsolete: 'This enumeration is deprecated in Revit 2026 and may be removed in a later version of Revit. You can use RebarTerminationOrientation enumeration instead.' [C:\Users\DELL\source\repos\antiGGGravity\antiGGGravity.csproj]
C:\Users\DELL\source\repos\antiGGGravity\Commands\Rebar\WallRebarCommand.cs(222,38): warning CS0618: 'RebarHookOrientation' is obsolete: 'This enumeration is deprecated in Revit 2026 and may be removed in a later version of Revit. You can use RebarTerminationOrientation enumeration instead.' [C:\Users\DELL\source\repos\antiGGGravity\antiGGGravity.csproj]
C:\Users\DELL\source\repos\antiGGGravity\Commands\Rebar\WallRebarCommand.cs(222,67): warning CS0618: 'RebarHookOrientation' is obsolete: 'This enumeration is deprecated in Revit 2026 and may be removed in a later version of Revit. You can use RebarTerminationOrientation enumeration instead.' [C:\Users\DELL\source\repos\antiGGGravity\antiGGGravity.csproj]
C:\Users\DELL\source\repos\antiGGGravity\Commands\Rebar\WallRebarCommand.cs(226,38): warning CS0618: 'RebarHookOrientation' is obsolete: 'This enumeration is deprecated in Revit 2026 and may be removed in a later version of Revit. You can use RebarTerminationOrientation enumeration instead.' [C:\Users\DELL\source\repos\antiGGGravity\antiGGGravity.csproj]
C:\Users\DELL\source\repos\antiGGGravity\Commands\Rebar\WallRebarCommand.cs(226,66): warning CS0618: 'RebarHookOrientation' is obsolete: 'This enumeration is deprecated in Revit 2026 and may be removed in a later version of Revit. You can use RebarTerminationOrientation enumeration instead.' [C:\Users\DELL\source\repos\antiGGGravity\antiGGGravity.csproj]
C:\Users\DELL\source\repos\antiGGGravity\Commands\Rebar\WallRebarCommand.cs(227,38): warning CS0618: 'RebarHookOrientation' is obsolete: 'This enumeration is deprecated in Revit 2026 and may be removed in a later version of Revit. You can use RebarTerminationOrientation enumeration instead.' [C:\Users\DELL\source\repos\antiGGGravity\antiGGGravity.csproj]
C:\Users\DELL\source\repos\antiGGGravity\Commands\Rebar\WallRebarCommand.cs(227,66): warning CS0618: 'RebarHookOrientation' is obsolete: 'This enumeration is deprecated in Revit 2026 and may be removed in a later version of Revit. You can use RebarTerminationOrientation enumeration instead.' [C:\Users\DELL\source\repos\antiGGGravity\antiGGGravity.csproj]
C:\Users\DELL\source\repos\antiGGGravity\Commands\Rebar\WallRebarCommand.cs(251,33): warning CS0618: 'Rebar.CreateFromCurves(Document, RebarStyle, RebarBarType, RebarHookType, RebarHookType, Element, XYZ, IList<Curve>, RebarHookOrientation, RebarHookOrientation, bool, bool)' is obsolete: 'This method is deprecated in Revit 2026 and may be removed in a later version of Revit. Please use Rebar.CreateFromCurves(Document doc, RebarStyle style, RebarBarType barType, Element host, XYZ norm, IList<Curve> curves, BarTerminationsData barTerminationsData, bool useExistingShapeIfPossible, bool createNewShape) instead.' [C:\Users\DELL\source\repos\antiGGGravity\antiGGGravity.csproj]
C:\Users\DELL\source\repos\antiGGGravity\Commands\Rebar\WallRebarCommand.cs(279,13): warning CS0618: 'RebarHookOrientation' is obsolete: 'This enumeration is deprecated in Revit 2026 and may be removed in a later version of Revit. You can use RebarTerminationOrientation enumeration instead.' [C:\Users\DELL\source\repos\antiGGGravity\antiGGGravity.csproj]
C:\Users\DELL\source\repos\antiGGGravity\Commands\Rebar\WallRebarCommand.cs(282,38): warning CS0618: 'RebarHookOrientation' is obsolete: 'This enumeration is deprecated in Revit 2026 and may be removed in a later version of Revit. You can use RebarTerminationOrientation enumeration instead.' [C:\Users\DELL\source\repos\antiGGGravity\antiGGGravity.csproj]
C:\Users\DELL\source\repos\antiGGGravity\Commands\Rebar\WallRebarCommand.cs(282,66): warning CS0618: 'RebarHookOrientation' is obsolete: 'This enumeration is deprecated in Revit 2026 and may be removed in a later version of Revit. You can use RebarTerminationOrientation enumeration instead.' [C:\Users\DELL\source\repos\antiGGGravity\antiGGGravity.csproj]
C:\Users\DELL\source\repos\antiGGGravity\Commands\Rebar\WallRebarCommand.cs(283,38): warning CS0618: 'RebarHookOrientation' is obsolete: 'This enumeration is deprecated in Revit 2026 and may be removed in a later version of Revit. You can use RebarTerminationOrientation enumeration instead.' [C:\Users\DELL\source\repos\antiGGGravity\antiGGGravity.csproj]
C:\Users\DELL\source\repos\antiGGGravity\Commands\Rebar\WallRebarCommand.cs(283,66): warning CS0618: 'RebarHookOrientation' is obsolete: 'This enumeration is deprecated in Revit 2026 and may be removed in a later version of Revit. You can use RebarTerminationOrientation enumeration instead.' [C:\Users\DELL\source\repos\antiGGGravity\antiGGGravity.csproj]
C:\Users\DELL\source\repos\antiGGGravity\Commands\Rebar\WallRebarCommand.cs(287,38): warning CS0618: 'RebarHookOrientation' is obsolete: 'This enumeration is deprecated in Revit 2026 and may be removed in a later version of Revit. You can use RebarTerminationOrientation enumeration instead.' [C:\Users\DELL\source\repos\antiGGGravity\antiGGGravity.csproj]
C:\Users\DELL\source\repos\antiGGGravity\Commands\Rebar\WallRebarCommand.cs(287,67): warning CS0618: 'RebarHookOrientation' is obsolete: 'This enumeration is deprecated in Revit 2026 and may be removed in a later version of Revit. You can use RebarTerminationOrientation enumeration instead.' [C:\Users\DELL\source\repos\antiGGGravity\antiGGGravity.csproj]
C:\Users\DELL\source\repos\antiGGGravity\Commands\Rebar\WallRebarCommand.cs(288,38): warning CS0618: 'RebarHookOrientation' is obsolete: 'This enumeration is deprecated in Revit 2026 and may be removed in a later version of Revit. You can use RebarTerminationOrientation enumeration instead.' [C:\Users\DELL\source\repos\antiGGGravity\antiGGGravity.csproj]
C:\Users\DELL\source\repos\antiGGGravity\Commands\Rebar\WallRebarCommand.cs(288,67): warning CS0618: 'RebarHookOrientation' is obsolete: 'This enumeration is deprecated in Revit 2026 and may be removed in a later version of Revit. You can use RebarTerminationOrientation enumeration instead.' [C:\Users\DELL\source\repos\antiGGGravity\antiGGGravity.csproj]
C:\Users\DELL\source\repos\antiGGGravity\Commands\Rebar\WallRebarCommand.cs(310,33): warning CS0618: 'Rebar.CreateFromCurves(Document, RebarStyle, RebarBarType, RebarHookType, RebarHookType, Element, XYZ, IList<Curve>, RebarHookOrientation, RebarHookOrientation, bool, bool)' is obsolete: 'This method is deprecated in Revit 2026 and may be removed in a later version of Revit. Please use Rebar.CreateFromCurves(Document doc, RebarStyle style, RebarBarType barType, Element host, XYZ norm, IList<Curve> curves, BarTerminationsData barTerminationsData, bool useExistingShapeIfPossible, bool createNewShape) instead.' [C:\Users\DELL\source\repos\antiGGGravity\antiGGGravity.csproj]
C:\Users\DELL\source\repos\antiGGGravity\Commands\Rebar\BeamRebarCommand.cs(180,51): warning CS0618: 'RebarHookOrientation' is obsolete: 'This enumeration is deprecated in Revit 2026 and may be removed in a later version of Revit. You can use RebarTerminationOrientation enumeration instead.' [C:\Users\DELL\source\repos\antiGGGravity\antiGGGravity.csproj]
C:\Users\DELL\source\repos\antiGGGravity\Commands\Rebar\BeamRebarCommand.cs(180,78): warning CS0618: 'RebarHookOrientation' is obsolete: 'This enumeration is deprecated in Revit 2026 and may be removed in a later version of Revit. You can use RebarTerminationOrientation enumeration instead.' [C:\Users\DELL\source\repos\antiGGGravity\antiGGGravity.csproj]
C:\Users\DELL\source\repos\antiGGGravity\Commands\Rebar\BeamRebarCommand.cs(179,35): warning CS0618: 'Rebar.CreateFromCurves(Document, RebarStyle, RebarBarType, RebarHookType, RebarHookType, Element, XYZ, IList<Curve>, RebarHookOrientation, RebarHookOrientation, bool, bool)' is obsolete: 'This method is deprecated in Revit 2026 and may be removed in a later version of Revit. Please use Rebar.CreateFromCurves(Document doc, RebarStyle style, RebarBarType barType, Element host, XYZ norm, IList<Curve> curves, BarTerminationsData barTerminationsData, bool useExistingShapeIfPossible, bool createNewShape) instead.' [C:\Users\DELL\source\repos\antiGGGravity\antiGGGravity.csproj]
C:\Users\DELL\source\repos\antiGGGravity\Commands\ProjectAudit\LoadFamilyTypesHandler.cs(43,68): error CS1620: Argument 3 must be passed with the 'out' keyword [C:\Users\DELL\source\repos\antiGGGravity\antiGGGravity.csproj]
C:\Users\DELL\source\repos\antiGGGravity\Commands\Rebar\BeamRebarCommand.cs(277,13): warning CS0618: 'RebarHookOrientation' is obsolete: 'This enumeration is deprecated in Revit 2026 and may be removed in a later version of Revit. You can use RebarTerminationOrientation enumeration instead.' [C:\Users\DELL\source\repos\antiGGGravity\antiGGGravity.csproj]
C:\Users\DELL\source\repos\antiGGGravity\Commands\Rebar\BeamRebarCommand.cs(277,51): warning CS0618: 'RebarHookOrientation' is obsolete: 'This enumeration is deprecated in Revit 2026 and may be removed in a later version of Revit. You can use RebarTerminationOrientation enumeration instead.' [C:\Users\DELL\source\repos\antiGGGravity\antiGGGravity.csproj]
C:\Users\DELL\source\repos\antiGGGravity\Commands\Rebar\BeamRebarCommand.cs(277,79): warning CS0618: 'RebarHookOrientation' is obsolete: 'This enumeration is deprecated in Revit 2026 and may be removed in a later version of Revit. You can use RebarTerminationOrientation enumeration instead.' [C:\Users\DELL\source\repos\antiGGGravity\antiGGGravity.csproj]
C:\Users\DELL\source\repos\antiGGGravity\Commands\Rebar\BeamRebarCommand.cs(281,30): warning CS0618: 'Rebar.CreateFromCurves(Document, RebarStyle, RebarBarType, RebarHookType, RebarHookType, Element, XYZ, IList<Curve>, RebarHookOrientation, RebarHookOrientation, bool, bool)' is obsolete: 'This method is deprecated in Revit 2026 and may be removed in a later version of Revit. Please use Rebar.CreateFromCurves(Document doc, RebarStyle style, RebarBarType barType, Element host, XYZ norm, IList<Curve> curves, BarTerminationsData barTerminationsData, bool useExistingShapeIfPossible, bool createNewShape) instead.' [C:\Users\DELL\source\repos\antiGGGravity\antiGGGravity.csproj]
C:\Users\DELL\source\repos\antiGGGravity\Commands\Rebar\WallCornerUCommand.cs(242,13): warning CS0618: 'RebarHookOrientation' is obsolete: 'This enumeration is deprecated in Revit 2026 and may be removed in a later version of Revit. You can use RebarTerminationOrientation enumeration instead.' [C:\Users\DELL\source\repos\antiGGGravity\antiGGGravity.csproj]
C:\Users\DELL\source\repos\antiGGGravity\Commands\Rebar\WallCornerUCommand.cs(242,55): warning CS0618: 'RebarHookOrientation' is obsolete: 'This enumeration is deprecated in Revit 2026 and may be removed in a later version of Revit. You can use RebarTerminationOrientation enumeration instead.' [C:\Users\DELL\source\repos\antiGGGravity\antiGGGravity.csproj]
C:\Users\DELL\source\repos\antiGGGravity\Commands\Rebar\WallCornerUCommand.cs(242,83): warning CS0618: 'RebarHookOrientation' is obsolete: 'This enumeration is deprecated in Revit 2026 and may be removed in a later version of Revit. You can use RebarTerminationOrientation enumeration instead.' [C:\Users\DELL\source\repos\antiGGGravity\antiGGGravity.csproj]
C:\Users\DELL\source\repos\antiGGGravity\Commands\Rebar\WallCornerUCommand.cs(243,13): warning CS0618: 'RebarHookOrientation' is obsolete: 'This enumeration is deprecated in Revit 2026 and may be removed in a later version of Revit. You can use RebarTerminationOrientation enumeration instead.' [C:\Users\DELL\source\repos\antiGGGravity\antiGGGravity.csproj]
C:\Users\DELL\source\repos\antiGGGravity\Commands\Rebar\WallCornerUCommand.cs(243,55): warning CS0618: 'RebarHookOrientation' is obsolete: 'This enumeration is deprecated in Revit 2026 and may be removed in a later version of Revit. You can use RebarTerminationOrientation enumeration instead.' [C:\Users\DELL\source\repos\antiGGGravity\antiGGGravity.csproj]
C:\Users\DELL\source\repos\antiGGGravity\Commands\Rebar\WallCornerUCommand.cs(243,83): warning CS0618: 'RebarHookOrientation' is obsolete: 'This enumeration is deprecated in Revit 2026 and may be removed in a later version of Revit. You can use RebarTerminationOrientation enumeration instead.' [C:\Users\DELL\source\repos\antiGGGravity\antiGGGravity.csproj]
C:\Users\DELL\source\repos\antiGGGravity\Commands\Rebar\WallCornerUCommand.cs(246,33): warning CS0618: 'Rebar.CreateFromCurves(Document, RebarStyle, RebarBarType, RebarHookType, RebarHookType, Element, XYZ, IList<Curve>, RebarHookOrientation, RebarHookOrientation, bool, bool)' is obsolete: 'This method is deprecated in Revit 2026 and may be removed in a later version of Revit. Please use Rebar.CreateFromCurves(Document doc, RebarStyle style, RebarBarType barType, Element host, XYZ norm, IList<Curve> curves, BarTerminationsData barTerminationsData, bool useExistingShapeIfPossible, bool createNewShape) instead.' [C:\Users\DELL\source\repos\antiGGGravity\antiGGGravity.csproj]
C:\Users\DELL\source\repos\antiGGGravity\Commands\Rebar\ColumnRebarCommand.cs(182,17): warning CS0618: 'RebarHookOrientation' is obsolete: 'This enumeration is deprecated in Revit 2026 and may be removed in a later version of Revit. You can use RebarTerminationOrientation enumeration instead.' [C:\Users\DELL\source\repos\antiGGGravity\antiGGGravity.csproj]
C:\Users\DELL\source\repos\antiGGGravity\Commands\Rebar\ColumnRebarCommand.cs(182,44): warning CS0618: 'RebarHookOrientation' is obsolete: 'This enumeration is deprecated in Revit 2026 and may be removed in a later version of Revit. You can use RebarTerminationOrientation enumeration instead.' [C:\Users\DELL\source\repos\antiGGGravity\antiGGGravity.csproj]
C:\Users\DELL\source\repos\antiGGGravity\Commands\Rebar\ColumnRebarCommand.cs(179,32): warning CS0618: 'Rebar.CreateFromCurves(Document, RebarStyle, RebarBarType, RebarHookType, RebarHookType, Element, XYZ, IList<Curve>, RebarHookOrientation, RebarHookOrientation, bool, bool)' is obsolete: 'This method is deprecated in Revit 2026 and may be removed in a later version of Revit. Please use Rebar.CreateFromCurves(Document doc, RebarStyle style, RebarBarType barType, Element host, XYZ norm, IList<Curve> curves, BarTerminationsData barTerminationsData, bool useExistingShapeIfPossible, bool createNewShape) instead.' [C:\Users\DELL\source\repos\antiGGGravity\antiGGGravity.csproj]
C:\Users\DELL\source\repos\antiGGGravity\Commands\Rebar\ColumnRebarCommand.cs(266,25): warning CS0618: 'RebarHookOrientation' is obsolete: 'This enumeration is deprecated in Revit 2026 and may be removed in a later version of Revit. You can use RebarTerminationOrientation enumeration instead.' [C:\Users\DELL\source\repos\antiGGGravity\antiGGGravity.csproj]
C:\Users\DELL\source\repos\antiGGGravity\Commands\Rebar\ColumnRebarCommand.cs(266,75): warning CS0618: 'RebarHookOrientation' is obsolete: 'This enumeration is deprecated in Revit 2026 and may be removed in a later version of Revit. You can use RebarTerminationOrientation enumeration instead.' [C:\Users\DELL\source\repos\antiGGGravity\antiGGGravity.csproj]
C:\Users\DELL\source\repos\antiGGGravity\Commands\Rebar\ColumnRebarCommand.cs(266,103): warning CS0618: 'RebarHookOrientation' is obsolete: 'This enumeration is deprecated in Revit 2026 and may be removed in a later version of Revit. You can use RebarTerminationOrientation enumeration instead.' [C:\Users\DELL\source\repos\antiGGGravity\antiGGGravity.csproj]
C:\Users\DELL\source\repos\antiGGGravity\Commands\Rebar\ColumnRebarCommand.cs(267,25): warning CS0618: 'RebarHookOrientation' is obsolete: 'This enumeration is deprecated in Revit 2026 and may be removed in a later version of Revit. You can use RebarTerminationOrientation enumeration instead.' [C:\Users\DELL\source\repos\antiGGGravity\antiGGGravity.csproj]
C:\Users\DELL\source\repos\antiGGGravity\Commands\Rebar\ColumnRebarCommand.cs(267,75): warning CS0618: 'RebarHookOrientation' is obsolete: 'This enumeration is deprecated in Revit 2026 and may be removed in a later version of Revit. You can use RebarTerminationOrientation enumeration instead.' [C:\Users\DELL\source\repos\antiGGGravity\antiGGGravity.csproj]
C:\Users\DELL\source\repos\antiGGGravity\Commands\Rebar\ColumnRebarCommand.cs(267,103): warning CS0618: 'RebarHookOrientation' is obsolete: 'This enumeration is deprecated in Revit 2026 and may be removed in a later version of Revit. You can use RebarTerminationOrientation enumeration instead.' [C:\Users\DELL\source\repos\antiGGGravity\antiGGGravity.csproj]
C:\Users\DELL\source\repos\antiGGGravity\Commands\Rebar\ColumnRebarCommand.cs(269,42): warning CS0618: 'Rebar.CreateFromCurves(Document, RebarStyle, RebarBarType, RebarHookType, RebarHookType, Element, XYZ, IList<Curve>, RebarHookOrientation, RebarHookOrientation, bool, bool)' is obsolete: 'This method is deprecated in Revit 2026 and may be removed in a later version of Revit. Please use Rebar.CreateFromCurves(Document doc, RebarStyle style, RebarBarType barType, Element host, XYZ norm, IList<Curve> curves, BarTerminationsData barTerminationsData, bool useExistingShapeIfPossible, bool createNewShape) instead.' [C:\Users\DELL\source\repos\antiGGGravity\antiGGGravity.csproj]
C:\Users\DELL\source\repos\antiGGGravity\Commands\Rebar\FootingPadRebarCommand.cs(219,17): warning CS0618: 'RebarHookOrientation' is obsolete: 'This enumeration is deprecated in Revit 2026 and may be removed in a later version of Revit. You can use RebarTerminationOrientation enumeration instead.' [C:\Users\DELL\source\repos\antiGGGravity\antiGGGravity.csproj]
C:\Users\DELL\source\repos\antiGGGravity\Commands\Rebar\FootingPadRebarCommand.cs(219,45): warning CS0618: 'RebarHookOrientation' is obsolete: 'This enumeration is deprecated in Revit 2026 and may be removed in a later version of Revit. You can use RebarTerminationOrientation enumeration instead.' [C:\Users\DELL\source\repos\antiGGGravity\antiGGGravity.csproj]
C:\Users\DELL\source\repos\antiGGGravity\Commands\Rebar\FootingPadRebarCommand.cs(216,29): warning CS0618: 'Rebar.CreateFromCurves(Document, RebarStyle, RebarBarType, RebarHookType, RebarHookType, Element, XYZ, IList<Curve>, RebarHookOrientation, RebarHookOrientation, bool, bool)' is obsolete: 'This method is deprecated in Revit 2026 and may be removed in a later version of Revit. Please use Rebar.CreateFromCurves(Document doc, RebarStyle style, RebarBarType barType, Element host, XYZ norm, IList<Curve> curves, BarTerminationsData barTerminationsData, bool useExistingShapeIfPossible, bool createNewShape) instead.' [C:\Users\DELL\source\repos\antiGGGravity\antiGGGravity.csproj]
C:\Users\DELL\source\repos\antiGGGravity\Commands\Rebar\WallCornerUCommand.cs(325,48): warning CS0618: 'RebarHookOrientation' is obsolete: 'This enumeration is deprecated in Revit 2026 and may be removed in a later version of Revit. You can use RebarTerminationOrientation enumeration instead.' [C:\Users\DELL\source\repos\antiGGGravity\antiGGGravity.csproj]
C:\Users\DELL\source\repos\antiGGGravity\Commands\Rebar\WallCornerUCommand.cs(325,75): warning CS0618: 'RebarHookOrientation' is obsolete: 'This enumeration is deprecated in Revit 2026 and may be removed in a later version of Revit. You can use RebarTerminationOrientation enumeration instead.' [C:\Users\DELL\source\repos\antiGGGravity\antiGGGravity.csproj]
C:\Users\DELL\source\repos\antiGGGravity\Commands\Rebar\WallCornerUCommand.cs(324,21): warning CS0618: 'Rebar.CreateFromCurves(Document, RebarStyle, RebarBarType, RebarHookType, RebarHookType, Element, XYZ, IList<Curve>, RebarHookOrientation, RebarHookOrientation, bool, bool)' is obsolete: 'This method is deprecated in Revit 2026 and may be removed in a later version of Revit. Please use Rebar.CreateFromCurves(Document doc, RebarStyle style, RebarBarType barType, Element host, XYZ norm, IList<Curve> curves, BarTerminationsData barTerminationsData, bool useExistingShapeIfPossible, bool createNewShape) instead.' [C:\Users\DELL\source\repos\antiGGGravity\antiGGGravity.csproj]
C:\Users\DELL\source\repos\antiGGGravity\Commands\Rebar\StripFootingRebarCommand.cs(286,47): warning CS0618: 'RebarHookOrientation' is obsolete: 'This enumeration is deprecated in Revit 2026 and may be removed in a later version of Revit. You can use RebarTerminationOrientation enumeration instead.' [C:\Users\DELL\source\repos\antiGGGravity\antiGGGravity.csproj]
C:\Users\DELL\source\repos\antiGGGravity\Commands\Rebar\StripFootingRebarCommand.cs(286,74): warning CS0618: 'RebarHookOrientation' is obsolete: 'This enumeration is deprecated in Revit 2026 and may be removed in a later version of Revit. You can use RebarTerminationOrientation enumeration instead.' [C:\Users\DELL\source\repos\antiGGGravity\antiGGGravity.csproj]
C:\Users\DELL\source\repos\antiGGGravity\Commands\Rebar\StripFootingRebarCommand.cs(285,32): warning CS0618: 'Rebar.CreateFromCurves(Document, RebarStyle, RebarBarType, RebarHookType, RebarHookType, Element, XYZ, IList<Curve>, RebarHookOrientation, RebarHookOrientation, bool, bool)' is obsolete: 'This method is deprecated in Revit 2026 and may be removed in a later version of Revit. Please use Rebar.CreateFromCurves(Document doc, RebarStyle style, RebarBarType barType, Element host, XYZ norm, IList<Curve> curves, BarTerminationsData barTerminationsData, bool useExistingShapeIfPossible, bool createNewShape) instead.' [C:\Users\DELL\source\repos\antiGGGravity\antiGGGravity.csproj]
C:\Users\DELL\source\repos\antiGGGravity\Commands\Rebar\StripFootingRebarCommand.cs(361,13): warning CS0618: 'RebarHookOrientation' is obsolete: 'This enumeration is deprecated in Revit 2026 and may be removed in a later version of Revit. You can use RebarTerminationOrientation enumeration instead.' [C:\Users\DELL\source\repos\antiGGGravity\antiGGGravity.csproj]
C:\Users\DELL\source\repos\antiGGGravity\Commands\Rebar\StripFootingRebarCommand.cs(361,51): warning CS0618: 'RebarHookOrientation' is obsolete: 'This enumeration is deprecated in Revit 2026 and may be removed in a later version of Revit. You can use RebarTerminationOrientation enumeration instead.' [C:\Users\DELL\source\repos\antiGGGravity\antiGGGravity.csproj]
C:\Users\DELL\source\repos\antiGGGravity\Commands\Rebar\StripFootingRebarCommand.cs(361,79): warning CS0618: 'RebarHookOrientation' is obsolete: 'This enumeration is deprecated in Revit 2026 and may be removed in a later version of Revit. You can use RebarTerminationOrientation enumeration instead.' [C:\Users\DELL\source\repos\antiGGGravity\antiGGGravity.csproj]
C:\Users\DELL\source\repos\antiGGGravity\Commands\Rebar\StripFootingRebarCommand.cs(364,29): warning CS0618: 'Rebar.CreateFromCurves(Document, RebarStyle, RebarBarType, RebarHookType, RebarHookType, Element, XYZ, IList<Curve>, RebarHookOrientation, RebarHookOrientation, bool, bool)' is obsolete: 'This method is deprecated in Revit 2026 and may be removed in a later version of Revit. Please use Rebar.CreateFromCurves(Document doc, RebarStyle style, RebarBarType barType, Element host, XYZ norm, IList<Curve> curves, BarTerminationsData barTerminationsData, bool useExistingShapeIfPossible, bool createNewShape) instead.' [C:\Users\DELL\source\repos\antiGGGravity\antiGGGravity.csproj]
C:\Users\DELL\source\repos\antiGGGravity\Commands\Rebar\WallCornerLCommand.cs(251,13): warning CS0618: 'RebarHookOrientation' is obsolete: 'This enumeration is deprecated in Revit 2026 and may be removed in a later version of Revit. You can use RebarTerminationOrientation enumeration instead.' [C:\Users\DELL\source\repos\antiGGGravity\antiGGGravity.csproj]
C:\Users\DELL\source\repos\antiGGGravity\Commands\Rebar\WallCornerLCommand.cs(253,38): warning CS0618: 'RebarHookOrientation' is obsolete: 'This enumeration is deprecated in Revit 2026 and may be removed in a later version of Revit. You can use RebarTerminationOrientation enumeration instead.' [C:\Users\DELL\source\repos\antiGGGravity\antiGGGravity.csproj]
C:\Users\DELL\source\repos\antiGGGravity\Commands\Rebar\WallCornerLCommand.cs(253,66): warning CS0618: 'RebarHookOrientation' is obsolete: 'This enumeration is deprecated in Revit 2026 and may be removed in a later version of Revit. You can use RebarTerminationOrientation enumeration instead.' [C:\Users\DELL\source\repos\antiGGGravity\antiGGGravity.csproj]
C:\Users\DELL\source\repos\antiGGGravity\Commands\Rebar\WallCornerLCommand.cs(254,38): warning CS0618: 'RebarHookOrientation' is obsolete: 'This enumeration is deprecated in Revit 2026 and may be removed in a later version of Revit. You can use RebarTerminationOrientation enumeration instead.' [C:\Users\DELL\source\repos\antiGGGravity\antiGGGravity.csproj]
C:\Users\DELL\source\repos\antiGGGravity\Commands\Rebar\WallCornerLCommand.cs(254,66): warning CS0618: 'RebarHookOrientation' is obsolete: 'This enumeration is deprecated in Revit 2026 and may be removed in a later version of Revit. You can use RebarTerminationOrientation enumeration instead.' [C:\Users\DELL\source\repos\antiGGGravity\antiGGGravity.csproj]
C:\Users\DELL\source\repos\antiGGGravity\Commands\Rebar\WallCornerLCommand.cs(256,38): warning CS0618: 'RebarHookOrientation' is obsolete: 'This enumeration is deprecated in Revit 2026 and may be removed in a later version of Revit. You can use RebarTerminationOrientation enumeration instead.' [C:\Users\DELL\source\repos\antiGGGravity\antiGGGravity.csproj]
C:\Users\DELL\source\repos\antiGGGravity\Commands\Rebar\WallCornerLCommand.cs(256,67): warning CS0618: 'RebarHookOrientation' is obsolete: 'This enumeration is deprecated in Revit 2026 and may be removed in a later version of Revit. You can use RebarTerminationOrientation enumeration instead.' [C:\Users\DELL\source\repos\antiGGGravity\antiGGGravity.csproj]
C:\Users\DELL\source\repos\antiGGGravity\Commands\Rebar\WallCornerLCommand.cs(257,38): warning CS0618: 'RebarHookOrientation' is obsolete: 'This enumeration is deprecated in Revit 2026 and may be removed in a later version of Revit. You can use RebarTerminationOrientation enumeration instead.' [C:\Users\DELL\source\repos\antiGGGravity\antiGGGravity.csproj]
C:\Users\DELL\source\repos\antiGGGravity\Commands\Rebar\WallCornerLCommand.cs(257,67): warning CS0618: 'RebarHookOrientation' is obsolete: 'This enumeration is deprecated in Revit 2026 and may be removed in a later version of Revit. You can use RebarTerminationOrientation enumeration instead.' [C:\Users\DELL\source\repos\antiGGGravity\antiGGGravity.csproj]
C:\Users\DELL\source\repos\antiGGGravity\Commands\Rebar\WallCornerLCommand.cs(261,33): warning CS0618: 'Rebar.CreateFromCurves(Document, RebarStyle, RebarBarType, RebarHookType, RebarHookType, Element, XYZ, IList<Curve>, RebarHookOrientation, RebarHookOrientation, bool, bool)' is obsolete: 'This method is deprecated in Revit 2026 and may be removed in a later version of Revit. Please use Rebar.CreateFromCurves(Document doc, RebarStyle style, RebarBarType barType, Element host, XYZ norm, IList<Curve> curves, BarTerminationsData barTerminationsData, bool useExistingShapeIfPossible, bool createNewShape) instead.' [C:\Users\DELL\source\repos\antiGGGravity\antiGGGravity.csproj]
C:\Users\DELL\source\repos\antiGGGravity\Commands\Rebar\WallCornerLCommand.cs(285,47): warning CS0618: 'RebarHookOrientation' is obsolete: 'This enumeration is deprecated in Revit 2026 and may be removed in a later version of Revit. You can use RebarTerminationOrientation enumeration instead.' [C:\Users\DELL\source\repos\antiGGGravity\antiGGGravity.csproj]
C:\Users\DELL\source\repos\antiGGGravity\Commands\Rebar\WallCornerLCommand.cs(285,74): warning CS0618: 'RebarHookOrientation' is obsolete: 'This enumeration is deprecated in Revit 2026 and may be removed in a later version of Revit. You can use RebarTerminationOrientation enumeration instead.' [C:\Users\DELL\source\repos\antiGGGravity\antiGGGravity.csproj]
C:\Users\DELL\source\repos\antiGGGravity\Commands\Rebar\WallCornerLCommand.cs(284,17): warning CS0618: 'Rebar.CreateFromCurves(Document, RebarStyle, RebarBarType, RebarHookType, RebarHookType, Element, XYZ, IList<Curve>, RebarHookOrientation, RebarHookOrientation, bool, bool)' is obsolete: 'This method is deprecated in Revit 2026 and may be removed in a later version of Revit. Please use Rebar.CreateFromCurves(Document doc, RebarStyle style, RebarBarType barType, Element host, XYZ norm, IList<Curve> curves, BarTerminationsData barTerminationsData, bool useExistingShapeIfPossible, bool createNewShape) instead.' [C:\Users\DELL\source\repos\antiGGGravity\antiGGGravity.csproj]
C:\Users\DELL\source\repos\antiGGGravity\Views\Overrides\ColorSplasherView.xaml.cs(22,31): warning CS0169: The field 'ColorSplasherView._legendEvent' is never used [C:\Users\DELL\source\repos\antiGGGravity\antiGGGravity.csproj]
C:\Users\DELL\source\repos\antiGGGravity\Utilities\RibbonBuilder.cs(15,33): warning CS0169: The field 'RibbonBuilder._currentPanelName' is never used [C:\Users\DELL\source\repos\antiGGGravity\antiGGGravity.csproj]
C:\Users\DELL\source\repos\antiGGGravity\Views\Management\DuplicateSheetsView.xaml.cs(190,50): warning CS0067: The event 'DuplicateSheetItem.PropertyChanged' is never used [C:\Users\DELL\source\repos\antiGGGravity\antiGGGravity.csproj]
C:\Users\DELL\source\repos\antiGGGravity\Views\Overrides\ColorSplasherView.xaml.cs(21,31): warning CS0169: The field 'ColorSplasherView._resetEvent' is never used [C:\Users\DELL\source\repos\antiGGGravity\antiGGGravity.csproj]
C:\Users\DELL\source\repos\antiGGGravity\Utilities\RibbonBuilder.cs(16,33): warning CS0169: The field 'RibbonBuilder._currentPulldownName' is never used [C:\Users\DELL\source\repos\antiGGGravity\antiGGGravity.csproj]
C:\Users\DELL\source\repos\antiGGGravity\Views\Overrides\ColorSplasherView.xaml.cs(23,31): warning CS0169: The field 'ColorSplasherView._filtersEvent' is never used [C:\Users\DELL\source\repos\antiGGGravity\antiGGGravity.csproj]

Build FAILED.

C:\Program Files\dotnet\sdk\10.0.103\Microsoft.Common.CurrentVersion.targets(2437,5): warning MSB3277: Found conflicts between different versions of "Microsoft.VisualBasic" that could not be resolved. [C:\Users\DELL\source\repos\antiGGGravity\antiGGGravity.csproj]
C:\Program Files\dotnet\sdk\10.0.103\Microsoft.Common.CurrentVersion.targets(2437,5): warning MSB3277: There was a conflict between "Microsoft.VisualBasic, Version=10.0.0.0, Culture=neutral, PublicKeyToken=b03f5f7f11d50a3a" and "Microsoft.VisualBasic, Version=10.1.0.0, Culture=neutral, PublicKeyToken=b03f5f7f11d50a3a". [C:\Users\DELL\source\repos\antiGGGravity\antiGGGravity.csproj]
C:\Program Files\dotnet\sdk\10.0.103\Microsoft.Common.CurrentVersion.targets(2437,5): warning MSB3277:     "Microsoft.VisualBasic, Version=10.0.0.0, Culture=neutral, PublicKeyToken=b03f5f7f11d50a3a" was chosen because it was primary and "Microsoft.VisualBasic, Version=10.1.0.0, Culture=neutral, PublicKeyToken=b03f5f7f11d50a3a" was not. [C:\Users\DELL\source\repos\antiGGGravity\antiGGGravity.csproj]
C:\Program Files\dotnet\sdk\10.0.103\Microsoft.Common.CurrentVersion.targets(2437,5): warning MSB3277:     References which depend on "Microsoft.VisualBasic, Version=10.0.0.0, Culture=neutral, PublicKeyToken=b03f5f7f11d50a3a" [C:\Users\DELL\.nuget\packages\microsoft.netcore.app.ref\8.0.24\ref\net8.0\Microsoft.VisualBasic.dll]. [C:\Users\DELL\source\repos\antiGGGravity\antiGGGravity.csproj]
C:\Program Files\dotnet\sdk\10.0.103\Microsoft.Common.CurrentVersion.targets(2437,5): warning MSB3277:         C:\Users\DELL\.nuget\packages\microsoft.netcore.app.ref\8.0.24\ref\net8.0\Microsoft.VisualBasic.dll [C:\Users\DELL\source\repos\antiGGGravity\antiGGGravity.csproj]
C:\Program Files\dotnet\sdk\10.0.103\Microsoft.Common.CurrentVersion.targets(2437,5): warning MSB3277:           Project file item includes which caused reference "C:\Users\DELL\.nuget\packages\microsoft.netcore.app.ref\8.0.24\ref\net8.0\Microsoft.VisualBasic.dll". [C:\Users\DELL\source\repos\antiGGGravity\antiGGGravity.csproj]
C:\Program Files\dotnet\sdk\10.0.103\Microsoft.Common.CurrentVersion.targets(2437,5): warning MSB3277:             C:\Users\DELL\.nuget\packages\microsoft.netcore.app.ref\8.0.24\ref/net8.0/Microsoft.VisualBasic.dll [C:\Users\DELL\source\repos\antiGGGravity\antiGGGravity.csproj]
C:\Program Files\dotnet\sdk\10.0.103\Microsoft.Common.CurrentVersion.targets(2437,5): warning MSB3277:     References which depend on or have been unified to "Microsoft.VisualBasic, Version=10.1.0.0, Culture=neutral, PublicKeyToken=b03f5f7f11d50a3a" []. [C:\Users\DELL\source\repos\antiGGGravity\antiGGGravity.csproj]
C:\Program Files\dotnet\sdk\10.0.103\Microsoft.Common.CurrentVersion.targets(2437,5): warning MSB3277:         C:\Program Files\Autodesk\Revit 2026\RevitAPI.dll [C:\Users\DELL\source\repos\antiGGGravity\antiGGGravity.csproj]
C:\Program Files\dotnet\sdk\10.0.103\Microsoft.Common.CurrentVersion.targets(2437,5): warning MSB3277:           Project file item includes which caused reference "C:\Program Files\Autodesk\Revit 2026\RevitAPI.dll". [C:\Users\DELL\source\repos\antiGGGravity\antiGGGravity.csproj]
C:\Program Files\dotnet\sdk\10.0.103\Microsoft.Common.CurrentVersion.targets(2437,5): warning MSB3277:             RevitAPI [C:\Users\DELL\source\repos\antiGGGravity\antiGGGravity.csproj]
C:\Program Files\dotnet\sdk\10.0.103\Microsoft.Common.CurrentVersion.targets(2437,5): warning MSB3277:             RevitAPIUI [C:\Users\DELL\source\repos\antiGGGravity\antiGGGravity.csproj]
C:\Program Files\dotnet\sdk\10.0.103\Microsoft.Common.CurrentVersion.targets(2437,5): warning MSB3277:         C:\Program Files\Autodesk\Revit 2026\RevitAPIUI.dll [C:\Users\DELL\source\repos\antiGGGravity\antiGGGravity.csproj]
C:\Program Files\dotnet\sdk\10.0.103\Microsoft.Common.CurrentVersion.targets(2437,5): warning MSB3277:           Project file item includes which caused reference "C:\Program Files\Autodesk\Revit 2026\RevitAPIUI.dll". [C:\Users\DELL\source\repos\antiGGGravity\antiGGGravity.csproj]
C:\Program Files\dotnet\sdk\10.0.103\Microsoft.Common.CurrentVersion.targets(2437,5): warning MSB3277:             RevitAPIUI [C:\Users\DELL\source\repos\antiGGGravity\antiGGGravity.csproj]
C:\Program Files\dotnet\sdk\10.0.103\Microsoft.Common.CurrentVersion.targets(2437,5): warning MSB3277:         C:\Program Files\Autodesk\Revit 2026\StructuralDBAPI.dll [C:\Users\DELL\source\repos\antiGGGravity\antiGGGravity.csproj]
C:\Program Files\dotnet\sdk\10.0.103\Microsoft.Common.CurrentVersion.targets(2437,5): warning MSB3277:           Project file item includes which caused reference "C:\Program Files\Autodesk\Revit 2026\StructuralDBAPI.dll". [C:\Users\DELL\source\repos\antiGGGravity\antiGGGravity.csproj]
C:\Program Files\dotnet\sdk\10.0.103\Microsoft.Common.CurrentVersion.targets(2437,5): warning MSB3277:             StructuralDBAPI [C:\Users\DELL\source\repos\antiGGGravity\antiGGGravity.csproj]
C:\Program Files\dotnet\sdk\10.0.103\Microsoft.Common.CurrentVersion.targets(2437,5): warning MSB3277:             RevitAPI [C:\Users\DELL\source\repos\antiGGGravity\antiGGGravity.csproj]
C:\Program Files\dotnet\sdk\10.0.103\Microsoft.Common.CurrentVersion.targets(2437,5): warning MSB3277:             RevitAPIUI [C:\Users\DELL\source\repos\antiGGGravity\antiGGGravity.csproj]
C:\Program Files\dotnet\sdk\10.0.103\Microsoft.Common.CurrentVersion.targets(2437,5): warning MSB3277:         C:\Program Files\Autodesk\Revit 2026\AdskRcManaged.dll [C:\Users\DELL\source\repos\antiGGGravity\antiGGGravity.csproj]
C:\Program Files\dotnet\sdk\10.0.103\Microsoft.Common.CurrentVersion.targets(2437,5): warning MSB3277:           Project file item includes which caused reference "C:\Program Files\Autodesk\Revit 2026\AdskRcManaged.dll". [C:\Users\DELL\source\repos\antiGGGravity\antiGGGravity.csproj]
C:\Program Files\dotnet\sdk\10.0.103\Microsoft.Common.CurrentVersion.targets(2437,5): warning MSB3277:             RevitAPI [C:\Users\DELL\source\repos\antiGGGravity\antiGGGravity.csproj]
C:\Program Files\dotnet\sdk\10.0.103\Microsoft.Common.CurrentVersion.targets(2437,5): warning MSB3277:             RevitAPIUI [C:\Users\DELL\source\repos\antiGGGravity\antiGGGravity.csproj]
C:\Program Files\dotnet\sdk\10.0.103\Microsoft.Common.CurrentVersion.targets(2437,5): warning MSB3277:         C:\Program Files\Autodesk\Revit 2026\RevitAPIFoundation.dll [C:\Users\DELL\source\repos\antiGGGravity\antiGGGravity.csproj]
C:\Program Files\dotnet\sdk\10.0.103\Microsoft.Common.CurrentVersion.targets(2437,5): warning MSB3277:           Project file item includes which caused reference "C:\Program Files\Autodesk\Revit 2026\RevitAPIFoundation.dll". [C:\Users\DELL\source\repos\antiGGGravity\antiGGGravity.csproj]
C:\Program Files\dotnet\sdk\10.0.103\Microsoft.Common.CurrentVersion.targets(2437,5): warning MSB3277:             RevitAPI [C:\Users\DELL\source\repos\antiGGGravity\antiGGGravity.csproj]
C:\Program Files\dotnet\sdk\10.0.103\Microsoft.Common.CurrentVersion.targets(2437,5): warning MSB3277:             RevitAPIUI [C:\Users\DELL\source\repos\antiGGGravity\antiGGGravity.csproj]
C:\Program Files\dotnet\sdk\10.0.103\Microsoft.Common.CurrentVersion.targets(2437,5): warning MSB3277:             StructuralDBAPI [C:\Users\DELL\source\repos\antiGGGravity\antiGGGravity.csproj]
C:\Program Files\dotnet\sdk\10.0.103\Microsoft.Common.CurrentVersion.targets(2437,5): warning MSB3277:         C:\Program Files\Autodesk\Revit 2026\RevitDBAPI.dll [C:\Users\DELL\source\repos\antiGGGravity\antiGGGravity.csproj]
C:\Program Files\dotnet\sdk\10.0.103\Microsoft.Common.CurrentVersion.targets(2437,5): warning MSB3277:           Project file item includes which caused reference "C:\Program Files\Autodesk\Revit 2026\RevitDBAPI.dll". [C:\Users\DELL\source\repos\antiGGGravity\antiGGGravity.csproj]
C:\Program Files\dotnet\sdk\10.0.103\Microsoft.Common.CurrentVersion.targets(2437,5): warning MSB3277:             RevitAPI [C:\Users\DELL\source\repos\antiGGGravity\antiGGGravity.csproj]
C:\Program Files\dotnet\sdk\10.0.103\Microsoft.Common.CurrentVersion.targets(2437,5): warning MSB3277:             RevitAPIUI [C:\Users\DELL\source\repos\antiGGGravity\antiGGGravity.csproj]
C:\Program Files\dotnet\sdk\10.0.103\Microsoft.Common.CurrentVersion.targets(2437,5): warning MSB3277:             StructuralDBAPI [C:\Users\DELL\source\repos\antiGGGravity\antiGGGravity.csproj]
C:\Program Files\dotnet\sdk\10.0.103\Microsoft.Common.CurrentVersion.targets(2437,5): warning MSB3277:         C:\Program Files\Autodesk\Revit 2026\RevitDBCoreAPI.dll [C:\Users\DELL\source\repos\antiGGGravity\antiGGGravity.csproj]
C:\Program Files\dotnet\sdk\10.0.103\Microsoft.Common.CurrentVersion.targets(2437,5): warning MSB3277:           Project file item includes which caused reference "C:\Program Files\Autodesk\Revit 2026\RevitDBCoreAPI.dll". [C:\Users\DELL\source\repos\antiGGGravity\antiGGGravity.csproj]
C:\Program Files\dotnet\sdk\10.0.103\Microsoft.Common.CurrentVersion.targets(2437,5): warning MSB3277:             RevitAPI [C:\Users\DELL\source\repos\antiGGGravity\antiGGGravity.csproj]
C:\Program Files\dotnet\sdk\10.0.103\Microsoft.Common.CurrentVersion.targets(2437,5): warning MSB3277:             RevitAPIUI [C:\Users\DELL\source\repos\antiGGGravity\antiGGGravity.csproj]
C:\Program Files\dotnet\sdk\10.0.103\Microsoft.Common.CurrentVersion.targets(2437,5): warning MSB3277:             StructuralDBAPI [C:\Users\DELL\source\repos\antiGGGravity\antiGGGravity.csproj]
C:\Program Files\dotnet\sdk\10.0.103\Microsoft.Common.CurrentVersion.targets(2437,5): warning MSB3277:         C:\Program Files\Autodesk\Revit 2026\PersistenceDBAPI.dll [C:\Users\DELL\source\repos\antiGGGravity\antiGGGravity.csproj]
C:\Program Files\dotnet\sdk\10.0.103\Microsoft.Common.CurrentVersion.targets(2437,5): warning MSB3277:           Project file item includes which caused reference "C:\Program Files\Autodesk\Revit 2026\PersistenceDBAPI.dll". [C:\Users\DELL\source\repos\antiGGGravity\antiGGGravity.csproj]
C:\Program Files\dotnet\sdk\10.0.103\Microsoft.Common.CurrentVersion.targets(2437,5): warning MSB3277:             RevitAPI [C:\Users\DELL\source\repos\antiGGGravity\antiGGGravity.csproj]
C:\Program Files\dotnet\sdk\10.0.103\Microsoft.Common.CurrentVersion.targets(2437,5): warning MSB3277:             RevitAPIUI [C:\Users\DELL\source\repos\antiGGGravity\antiGGGravity.csproj]
C:\Program Files\dotnet\sdk\10.0.103\Microsoft.Common.CurrentVersion.targets(2437,5): warning MSB3277:         C:\Program Files\Autodesk\Revit 2026\UtilityAPI.dll [C:\Users\DELL\source\repos\antiGGGravity\antiGGGravity.csproj]
C:\Program Files\dotnet\sdk\10.0.103\Microsoft.Common.CurrentVersion.targets(2437,5): warning MSB3277:           Project file item includes which caused reference "C:\Program Files\Autodesk\Revit 2026\UtilityAPI.dll". [C:\Users\DELL\source\repos\antiGGGravity\antiGGGravity.csproj]
C:\Program Files\dotnet\sdk\10.0.103\Microsoft.Common.CurrentVersion.targets(2437,5): warning MSB3277:             RevitAPI [C:\Users\DELL\source\repos\antiGGGravity\antiGGGravity.csproj]
C:\Program Files\dotnet\sdk\10.0.103\Microsoft.Common.CurrentVersion.targets(2437,5): warning MSB3277:             RevitAPIUI [C:\Users\DELL\source\repos\antiGGGravity\antiGGGravity.csproj]
C:\Program Files\dotnet\sdk\10.0.103\Microsoft.Common.CurrentVersion.targets(2437,5): warning MSB3277:             StructuralDBAPI [C:\Users\DELL\source\repos\antiGGGravity\antiGGGravity.csproj]
C:\Program Files\dotnet\sdk\10.0.103\Microsoft.Common.CurrentVersion.targets(2437,5): warning MSB3277:         C:\Program Files\Autodesk\Revit 2026\APIDBAPI.dll [C:\Users\DELL\source\repos\antiGGGravity\antiGGGravity.csproj]
C:\Program Files\dotnet\sdk\10.0.103\Microsoft.Common.CurrentVersion.targets(2437,5): warning MSB3277:           Project file item includes which caused reference "C:\Program Files\Autodesk\Revit 2026\APIDBAPI.dll". [C:\Users\DELL\source\repos\antiGGGravity\antiGGGravity.csproj]
C:\Program Files\dotnet\sdk\10.0.103\Microsoft.Common.CurrentVersion.targets(2437,5): warning MSB3277:             RevitAPI [C:\Users\DELL\source\repos\antiGGGravity\antiGGGravity.csproj]
C:\Program Files\dotnet\sdk\10.0.103\Microsoft.Common.CurrentVersion.targets(2437,5): warning MSB3277:             RevitAPIUI [C:\Users\DELL\source\repos\antiGGGravity\antiGGGravity.csproj]
C:\Program Files\dotnet\sdk\10.0.103\Microsoft.Common.CurrentVersion.targets(2437,5): warning MSB3277:         C:\Program Files\Autodesk\Revit 2026\GraphicsAPI.dll [C:\Users\DELL\source\repos\antiGGGravity\antiGGGravity.csproj]
C:\Program Files\dotnet\sdk\10.0.103\Microsoft.Common.CurrentVersion.targets(2437,5): warning MSB3277:           Project file item includes which caused reference "C:\Program Files\Autodesk\Revit 2026\GraphicsAPI.dll". [C:\Users\DELL\source\repos\antiGGGravity\antiGGGravity.csproj]
C:\Program Files\dotnet\sdk\10.0.103\Microsoft.Common.CurrentVersion.targets(2437,5): warning MSB3277:             RevitAPI [C:\Users\DELL\source\repos\antiGGGravity\antiGGGravity.csproj]
C:\Program Files\dotnet\sdk\10.0.103\Microsoft.Common.CurrentVersion.targets(2437,5): warning MSB3277:             RevitAPIUI [C:\Users\DELL\source\repos\antiGGGravity\antiGGGravity.csproj]
C:\Program Files\dotnet\sdk\10.0.103\Microsoft.Common.CurrentVersion.targets(2437,5): warning MSB3277:             StructuralDBAPI [C:\Users\DELL\source\repos\antiGGGravity\antiGGGravity.csproj]
C:\Program Files\dotnet\sdk\10.0.103\Microsoft.Common.CurrentVersion.targets(2437,5): warning MSB3277:         C:\Program Files\Autodesk\Revit 2026\ElementGroupDBAPI.dll [C:\Users\DELL\source\repos\antiGGGravity\antiGGGravity.csproj]
C:\Program Files\dotnet\sdk\10.0.103\Microsoft.Common.CurrentVersion.targets(2437,5): warning MSB3277:           Project file item includes which caused reference "C:\Program Files\Autodesk\Revit 2026\ElementGroupDBAPI.dll". [C:\Users\DELL\source\repos\antiGGGravity\antiGGGravity.csproj]
C:\Program Files\dotnet\sdk\10.0.103\Microsoft.Common.CurrentVersion.targets(2437,5): warning MSB3277:             RevitAPI [C:\Users\DELL\source\repos\antiGGGravity\antiGGGravity.csproj]
C:\Program Files\dotnet\sdk\10.0.103\Microsoft.Common.CurrentVersion.targets(2437,5): warning MSB3277:             RevitAPIUI [C:\Users\DELL\source\repos\antiGGGravity\antiGGGravity.csproj]
C:\Program Files\dotnet\sdk\10.0.103\Microsoft.Common.CurrentVersion.targets(2437,5): warning MSB3277:         C:\Program Files\Autodesk\Revit 2026\EssentialsDBAPI.dll [C:\Users\DELL\source\repos\antiGGGravity\antiGGGravity.csproj]
C:\Program Files\dotnet\sdk\10.0.103\Microsoft.Common.CurrentVersion.targets(2437,5): warning MSB3277:           Project file item includes which caused reference "C:\Program Files\Autodesk\Revit 2026\EssentialsDBAPI.dll". [C:\Users\DELL\source\repos\antiGGGravity\antiGGGravity.csproj]
C:\Program Files\dotnet\sdk\10.0.103\Microsoft.Common.CurrentVersion.targets(2437,5): warning MSB3277:             RevitAPI [C:\Users\DELL\source\repos\antiGGGravity\antiGGGravity.csproj]
C:\Program Files\dotnet\sdk\10.0.103\Microsoft.Common.CurrentVersion.targets(2437,5): warning MSB3277:             RevitAPIUI [C:\Users\DELL\source\repos\antiGGGravity\antiGGGravity.csproj]
C:\Program Files\dotnet\sdk\10.0.103\Microsoft.Common.CurrentVersion.targets(2437,5): warning MSB3277:             StructuralDBAPI [C:\Users\DELL\source\repos\antiGGGravity\antiGGGravity.csproj]
C:\Program Files\dotnet\sdk\10.0.103\Microsoft.Common.CurrentVersion.targets(2437,5): warning MSB3277:         C:\Program Files\Autodesk\Revit 2026\GeomUtilAPI.dll [C:\Users\DELL\source\repos\antiGGGravity\antiGGGravity.csproj]
C:\Program Files\dotnet\sdk\10.0.103\Microsoft.Common.CurrentVersion.targets(2437,5): warning MSB3277:           Project file item includes which caused reference "C:\Program Files\Autodesk\Revit 2026\GeomUtilAPI.dll". [C:\Users\DELL\source\repos\antiGGGravity\antiGGGravity.csproj]
C:\Program Files\dotnet\sdk\10.0.103\Microsoft.Common.CurrentVersion.targets(2437,5): warning MSB3277:             RevitAPI [C:\Users\DELL\source\repos\antiGGGravity\antiGGGravity.csproj]
C:\Program Files\dotnet\sdk\10.0.103\Microsoft.Common.CurrentVersion.targets(2437,5): warning MSB3277:             RevitAPIUI [C:\Users\DELL\source\repos\antiGGGravity\antiGGGravity.csproj]
C:\Program Files\dotnet\sdk\10.0.103\Microsoft.Common.CurrentVersion.targets(2437,5): warning MSB3277:             StructuralDBAPI [C:\Users\DELL\source\repos\antiGGGravity\antiGGGravity.csproj]
C:\Program Files\dotnet\sdk\10.0.103\Microsoft.Common.CurrentVersion.targets(2437,5): warning MSB3277:         C:\Program Files\Autodesk\Revit 2026\FamilyDBAPI.dll [C:\Users\DELL\source\repos\antiGGGravity\antiGGGravity.csproj]
C:\Program Files\dotnet\sdk\10.0.103\Microsoft.Common.CurrentVersion.targets(2437,5): warning MSB3277:           Project file item includes which caused reference "C:\Program Files\Autodesk\Revit 2026\FamilyDBAPI.dll". [C:\Users\DELL\source\repos\antiGGGravity\antiGGGravity.csproj]
C:\Program Files\dotnet\sdk\10.0.103\Microsoft.Common.CurrentVersion.targets(2437,5): warning MSB3277:             RevitAPI [C:\Users\DELL\source\repos\antiGGGravity\antiGGGravity.csproj]
C:\Program Files\dotnet\sdk\10.0.103\Microsoft.Common.CurrentVersion.targets(2437,5): warning MSB3277:             RevitAPIUI [C:\Users\DELL\source\repos\antiGGGravity\antiGGGravity.csproj]
C:\Program Files\dotnet\sdk\10.0.103\Microsoft.Common.CurrentVersion.targets(2437,5): warning MSB3277:             StructuralDBAPI [C:\Users\DELL\source\repos\antiGGGravity\antiGGGravity.csproj]
C:\Program Files\dotnet\sdk\10.0.103\Microsoft.Common.CurrentVersion.targets(2437,5): warning MSB3277:         C:\Program Files\Autodesk\Revit 2026\DetailDBAPI.dll [C:\Users\DELL\source\repos\antiGGGravity\antiGGGravity.csproj]
C:\Program Files\dotnet\sdk\10.0.103\Microsoft.Common.CurrentVersion.targets(2437,5): warning MSB3277:           Project file item includes which caused reference "C:\Program Files\Autodesk\Revit 2026\DetailDBAPI.dll". [C:\Users\DELL\source\repos\antiGGGravity\antiGGGravity.csproj]
C:\Program Files\dotnet\sdk\10.0.103\Microsoft.Common.CurrentVersion.targets(2437,5): warning MSB3277:             RevitAPI [C:\Users\DELL\source\repos\antiGGGravity\antiGGGravity.csproj]
C:\Program Files\dotnet\sdk\10.0.103\Microsoft.Common.CurrentVersion.targets(2437,5): warning MSB3277:             RevitAPIUI [C:\Users\DELL\source\repos\antiGGGravity\antiGGGravity.csproj]
C:\Program Files\dotnet\sdk\10.0.103\Microsoft.Common.CurrentVersion.targets(2437,5): warning MSB3277:         C:\Program Files\Autodesk\Revit 2026\CurtainGridFamilyDBAPI.dll [C:\Users\DELL\source\repos\antiGGGravity\antiGGGravity.csproj]
C:\Program Files\dotnet\sdk\10.0.103\Microsoft.Common.CurrentVersion.targets(2437,5): warning MSB3277:           Project file item includes which caused reference "C:\Program Files\Autodesk\Revit 2026\CurtainGridFamilyDBAPI.dll". [C:\Users\DELL\source\repos\antiGGGravity\antiGGGravity.csproj]
C:\Program Files\dotnet\sdk\10.0.103\Microsoft.Common.CurrentVersion.targets(2437,5): warning MSB3277:             RevitAPI [C:\Users\DELL\source\repos\antiGGGravity\antiGGGravity.csproj]
C:\Program Files\dotnet\sdk\10.0.103\Microsoft.Common.CurrentVersion.targets(2437,5): warning MSB3277:             RevitAPIUI [C:\Users\DELL\source\repos\antiGGGravity\antiGGGravity.csproj]
C:\Program Files\dotnet\sdk\10.0.103\Microsoft.Common.CurrentVersion.targets(2437,5): warning MSB3277:         C:\Program Files\Autodesk\Revit 2026\ArrayElemsDBAPI.dll [C:\Users\DELL\source\repos\antiGGGravity\antiGGGravity.csproj]
C:\Program Files\dotnet\sdk\10.0.103\Microsoft.Common.CurrentVersion.targets(2437,5): warning MSB3277:           Project file item includes which caused reference "C:\Program Files\Autodesk\Revit 2026\ArrayElemsDBAPI.dll". [C:\Users\DELL\source\repos\antiGGGravity\antiGGGravity.csproj]
C:\Program Files\dotnet\sdk\10.0.103\Microsoft.Common.CurrentVersion.targets(2437,5): warning MSB3277:             RevitAPI [C:\Users\DELL\source\repos\antiGGGravity\antiGGGravity.csproj]
C:\Program Files\dotnet\sdk\10.0.103\Microsoft.Common.CurrentVersion.targets(2437,5): warning MSB3277:             RevitAPIUI [C:\Users\DELL\source\repos\antiGGGravity\antiGGGravity.csproj]
C:\Program Files\dotnet\sdk\10.0.103\Microsoft.Common.CurrentVersion.targets(2437,5): warning MSB3277:         C:\Program Files\Autodesk\Revit 2026\EnergyAnalysisDBAPI.dll [C:\Users\DELL\source\repos\antiGGGravity\antiGGGravity.csproj]
C:\Program Files\dotnet\sdk\10.0.103\Microsoft.Common.CurrentVersion.targets(2437,5): warning MSB3277:           Project file item includes which caused reference "C:\Program Files\Autodesk\Revit 2026\EnergyAnalysisDBAPI.dll". [C:\Users\DELL\source\repos\antiGGGravity\antiGGGravity.csproj]
C:\Program Files\dotnet\sdk\10.0.103\Microsoft.Common.CurrentVersion.targets(2437,5): warning MSB3277:             RevitAPI [C:\Users\DELL\source\repos\antiGGGravity\antiGGGravity.csproj]
C:\Program Files\dotnet\sdk\10.0.103\Microsoft.Common.CurrentVersion.targets(2437,5): warning MSB3277:             RevitAPIUI [C:\Users\DELL\source\repos\antiGGGravity\antiGGGravity.csproj]
C:\Program Files\dotnet\sdk\10.0.103\Microsoft.Common.CurrentVersion.targets(2437,5): warning MSB3277:         C:\Program Files\Autodesk\Revit 2026\BuildingSystemsDBAPI.dll [C:\Users\DELL\source\repos\antiGGGravity\antiGGGravity.csproj]
C:\Program Files\dotnet\sdk\10.0.103\Microsoft.Common.CurrentVersion.targets(2437,5): warning MSB3277:           Project file item includes which caused reference "C:\Program Files\Autodesk\Revit 2026\BuildingSystemsDBAPI.dll". [C:\Users\DELL\source\repos\antiGGGravity\antiGGGravity.csproj]
C:\Program Files\dotnet\sdk\10.0.103\Microsoft.Common.CurrentVersion.targets(2437,5): warning MSB3277:             RevitAPI [C:\Users\DELL\source\repos\antiGGGravity\antiGGGravity.csproj]
C:\Program Files\dotnet\sdk\10.0.103\Microsoft.Common.CurrentVersion.targets(2437,5): warning MSB3277:             RevitAPIUI [C:\Users\DELL\source\repos\antiGGGravity\antiGGGravity.csproj]
C:\Program Files\dotnet\sdk\10.0.103\Microsoft.Common.CurrentVersion.targets(2437,5): warning MSB3277:         C:\Program Files\Autodesk\Revit 2026\HostObjDBAPI.dll [C:\Users\DELL\source\repos\antiGGGravity\antiGGGravity.csproj]
C:\Program Files\dotnet\sdk\10.0.103\Microsoft.Common.CurrentVersion.targets(2437,5): warning MSB3277:           Project file item includes which caused reference "C:\Program Files\Autodesk\Revit 2026\HostObjDBAPI.dll". [C:\Users\DELL\source\repos\antiGGGravity\antiGGGravity.csproj]
C:\Program Files\dotnet\sdk\10.0.103\Microsoft.Common.CurrentVersion.targets(2437,5): warning MSB3277:             RevitAPI [C:\Users\DELL\source\repos\antiGGGravity\antiGGGravity.csproj]
C:\Program Files\dotnet\sdk\10.0.103\Microsoft.Common.CurrentVersion.targets(2437,5): warning MSB3277:             RevitAPIUI [C:\Users\DELL\source\repos\antiGGGravity\antiGGGravity.csproj]
C:\Program Files\dotnet\sdk\10.0.103\Microsoft.Common.CurrentVersion.targets(2437,5): warning MSB3277:         C:\Program Files\Autodesk\Revit 2026\RoomAreaPlanDBAPI.dll [C:\Users\DELL\source\repos\antiGGGravity\antiGGGravity.csproj]
C:\Program Files\dotnet\sdk\10.0.103\Microsoft.Common.CurrentVersion.targets(2437,5): warning MSB3277:           Project file item includes which caused reference "C:\Program Files\Autodesk\Revit 2026\RoomAreaPlanDBAPI.dll". [C:\Users\DELL\source\repos\antiGGGravity\antiGGGravity.csproj]
C:\Program Files\dotnet\sdk\10.0.103\Microsoft.Common.CurrentVersion.targets(2437,5): warning MSB3277:             RevitAPI [C:\Users\DELL\source\repos\antiGGGravity\antiGGGravity.csproj]
C:\Program Files\dotnet\sdk\10.0.103\Microsoft.Common.CurrentVersion.targets(2437,5): warning MSB3277:             RevitAPIUI [C:\Users\DELL\source\repos\antiGGGravity\antiGGGravity.csproj]
C:\Program Files\dotnet\sdk\10.0.103\Microsoft.Common.CurrentVersion.targets(2437,5): warning MSB3277:         C:\Program Files\Autodesk\Revit 2026\SiteDBAPI.dll [C:\Users\DELL\source\repos\antiGGGravity\antiGGGravity.csproj]
C:\Program Files\dotnet\sdk\10.0.103\Microsoft.Common.CurrentVersion.targets(2437,5): warning MSB3277:           Project file item includes which caused reference "C:\Program Files\Autodesk\Revit 2026\SiteDBAPI.dll". [C:\Users\DELL\source\repos\antiGGGravity\antiGGGravity.csproj]
C:\Program Files\dotnet\sdk\10.0.103\Microsoft.Common.CurrentVersion.targets(2437,5): warning MSB3277:             RevitAPI [C:\Users\DELL\source\repos\antiGGGravity\antiGGGravity.csproj]
C:\Program Files\dotnet\sdk\10.0.103\Microsoft.Common.CurrentVersion.targets(2437,5): warning MSB3277:             RevitAPIUI [C:\Users\DELL\source\repos\antiGGGravity\antiGGGravity.csproj]
C:\Program Files\dotnet\sdk\10.0.103\Microsoft.Common.CurrentVersion.targets(2437,5): warning MSB3277:         C:\Program Files\Autodesk\Revit 2026\SculptingDBAPI.dll [C:\Users\DELL\source\repos\antiGGGravity\antiGGGravity.csproj]
C:\Program Files\dotnet\sdk\10.0.103\Microsoft.Common.CurrentVersion.targets(2437,5): warning MSB3277:           Project file item includes which caused reference "C:\Program Files\Autodesk\Revit 2026\SculptingDBAPI.dll". [C:\Users\DELL\source\repos\antiGGGravity\antiGGGravity.csproj]
C:\Program Files\dotnet\sdk\10.0.103\Microsoft.Common.CurrentVersion.targets(2437,5): warning MSB3277:             RevitAPI [C:\Users\DELL\source\repos\antiGGGravity\antiGGGravity.csproj]
C:\Program Files\dotnet\sdk\10.0.103\Microsoft.Common.CurrentVersion.targets(2437,5): warning MSB3277:             RevitAPIUI [C:\Users\DELL\source\repos\antiGGGravity\antiGGGravity.csproj]
C:\Program Files\dotnet\sdk\10.0.103\Microsoft.Common.CurrentVersion.targets(2437,5): warning MSB3277:         C:\Program Files\Autodesk\Revit 2026\InterfaceAPI.dll [C:\Users\DELL\source\repos\antiGGGravity\antiGGGravity.csproj]
C:\Program Files\dotnet\sdk\10.0.103\Microsoft.Common.CurrentVersion.targets(2437,5): warning MSB3277:           Project file item includes which caused reference "C:\Program Files\Autodesk\Revit 2026\InterfaceAPI.dll". [C:\Users\DELL\source\repos\antiGGGravity\antiGGGravity.csproj]
C:\Program Files\dotnet\sdk\10.0.103\Microsoft.Common.CurrentVersion.targets(2437,5): warning MSB3277:             RevitAPI [C:\Users\DELL\source\repos\antiGGGravity\antiGGGravity.csproj]
C:\Program Files\dotnet\sdk\10.0.103\Microsoft.Common.CurrentVersion.targets(2437,5): warning MSB3277:             RevitAPIUI [C:\Users\DELL\source\repos\antiGGGravity\antiGGGravity.csproj]
C:\Program Files\dotnet\sdk\10.0.103\Microsoft.Common.CurrentVersion.targets(2437,5): warning MSB3277:             StructuralDBAPI [C:\Users\DELL\source\repos\antiGGGravity\antiGGGravity.csproj]
C:\Program Files\dotnet\sdk\10.0.103\Microsoft.Common.CurrentVersion.targets(2437,5): warning MSB3277:         C:\Program Files\Autodesk\Revit 2026\InterfaceUtilAPI.dll [C:\Users\DELL\source\repos\antiGGGravity\antiGGGravity.csproj]
C:\Program Files\dotnet\sdk\10.0.103\Microsoft.Common.CurrentVersion.targets(2437,5): warning MSB3277:           Project file item includes which caused reference "C:\Program Files\Autodesk\Revit 2026\InterfaceUtilAPI.dll". [C:\Users\DELL\source\repos\antiGGGravity\antiGGGravity.csproj]
C:\Program Files\dotnet\sdk\10.0.103\Microsoft.Common.CurrentVersion.targets(2437,5): warning MSB3277:             RevitAPI [C:\Users\DELL\source\repos\antiGGGravity\antiGGGravity.csproj]
C:\Program Files\dotnet\sdk\10.0.103\Microsoft.Common.CurrentVersion.targets(2437,5): warning MSB3277:             RevitAPIUI [C:\Users\DELL\source\repos\antiGGGravity\antiGGGravity.csproj]
C:\Program Files\dotnet\sdk\10.0.103\Microsoft.Common.CurrentVersion.targets(2437,5): warning MSB3277:         C:\Program Files\Autodesk\Revit 2026\RebarDBAPI.dll [C:\Users\DELL\source\repos\antiGGGravity\antiGGGravity.csproj]
C:\Program Files\dotnet\sdk\10.0.103\Microsoft.Common.CurrentVersion.targets(2437,5): warning MSB3277:           Project file item includes which caused reference "C:\Program Files\Autodesk\Revit 2026\RebarDBAPI.dll". [C:\Users\DELL\source\repos\antiGGGravity\antiGGGravity.csproj]
C:\Program Files\dotnet\sdk\10.0.103\Microsoft.Common.CurrentVersion.targets(2437,5): warning MSB3277:             RevitAPI [C:\Users\DELL\source\repos\antiGGGravity\antiGGGravity.csproj]
C:\Program Files\dotnet\sdk\10.0.103\Microsoft.Common.CurrentVersion.targets(2437,5): warning MSB3277:             RevitAPIUI [C:\Users\DELL\source\repos\antiGGGravity\antiGGGravity.csproj]
C:\Program Files\dotnet\sdk\10.0.103\Microsoft.Common.CurrentVersion.targets(2437,5): warning MSB3277:         C:\Program Files\Autodesk\Revit 2026\StructuralAnalysisDBAPI.dll [C:\Users\DELL\source\repos\antiGGGravity\antiGGGravity.csproj]
C:\Program Files\dotnet\sdk\10.0.103\Microsoft.Common.CurrentVersion.targets(2437,5): warning MSB3277:           Project file item includes which caused reference "C:\Program Files\Autodesk\Revit 2026\StructuralAnalysisDBAPI.dll". [C:\Users\DELL\source\repos\antiGGGravity\antiGGGravity.csproj]
C:\Program Files\dotnet\sdk\10.0.103\Microsoft.Common.CurrentVersion.targets(2437,5): warning MSB3277:             RevitAPI [C:\Users\DELL\source\repos\antiGGGravity\antiGGGravity.csproj]
C:\Program Files\dotnet\sdk\10.0.103\Microsoft.Common.CurrentVersion.targets(2437,5): warning MSB3277:             RevitAPIUI [C:\Users\DELL\source\repos\antiGGGravity\antiGGGravity.csproj]
C:\Program Files\dotnet\sdk\10.0.103\Microsoft.Common.CurrentVersion.targets(2437,5): warning MSB3277:         C:\Program Files\Autodesk\Revit 2026\MassingDBAPI.dll [C:\Users\DELL\source\repos\antiGGGravity\antiGGGravity.csproj]
C:\Program Files\dotnet\sdk\10.0.103\Microsoft.Common.CurrentVersion.targets(2437,5): warning MSB3277:           Project file item includes which caused reference "C:\Program Files\Autodesk\Revit 2026\MassingDBAPI.dll". [C:\Users\DELL\source\repos\antiGGGravity\antiGGGravity.csproj]
C:\Program Files\dotnet\sdk\10.0.103\Microsoft.Common.CurrentVersion.targets(2437,5): warning MSB3277:             RevitAPI [C:\Users\DELL\source\repos\antiGGGravity\antiGGGravity.csproj]
C:\Program Files\dotnet\sdk\10.0.103\Microsoft.Common.CurrentVersion.targets(2437,5): warning MSB3277:             RevitAPIUI [C:\Users\DELL\source\repos\antiGGGravity\antiGGGravity.csproj]
C:\Program Files\dotnet\sdk\10.0.103\Microsoft.Common.CurrentVersion.targets(2437,5): warning MSB3277:         C:\Program Files\Autodesk\Revit 2026\AssemblyDBAPI.dll [C:\Users\DELL\source\repos\antiGGGravity\antiGGGravity.csproj]
C:\Program Files\dotnet\sdk\10.0.103\Microsoft.Common.CurrentVersion.targets(2437,5): warning MSB3277:           Project file item includes which caused reference "C:\Program Files\Autodesk\Revit 2026\AssemblyDBAPI.dll". [C:\Users\DELL\source\repos\antiGGGravity\antiGGGravity.csproj]
C:\Program Files\dotnet\sdk\10.0.103\Microsoft.Common.CurrentVersion.targets(2437,5): warning MSB3277:             RevitAPI [C:\Users\DELL\source\repos\antiGGGravity\antiGGGravity.csproj]
C:\Program Files\dotnet\sdk\10.0.103\Microsoft.Common.CurrentVersion.targets(2437,5): warning MSB3277:             RevitAPIUI [C:\Users\DELL\source\repos\antiGGGravity\antiGGGravity.csproj]
C:\Program Files\dotnet\sdk\10.0.103\Microsoft.Common.CurrentVersion.targets(2437,5): warning MSB3277:         C:\Program Files\Autodesk\Revit 2026\DPartDBAPI.dll [C:\Users\DELL\source\repos\antiGGGravity\antiGGGravity.csproj]
C:\Program Files\dotnet\sdk\10.0.103\Microsoft.Common.CurrentVersion.targets(2437,5): warning MSB3277:           Project file item includes which caused reference "C:\Program Files\Autodesk\Revit 2026\DPartDBAPI.dll". [C:\Users\DELL\source\repos\antiGGGravity\antiGGGravity.csproj]
C:\Program Files\dotnet\sdk\10.0.103\Microsoft.Common.CurrentVersion.targets(2437,5): warning MSB3277:             RevitAPI [C:\Users\DELL\source\repos\antiGGGravity\antiGGGravity.csproj]
C:\Program Files\dotnet\sdk\10.0.103\Microsoft.Common.CurrentVersion.targets(2437,5): warning MSB3277:             RevitAPIUI [C:\Users\DELL\source\repos\antiGGGravity\antiGGGravity.csproj]
C:\Program Files\dotnet\sdk\10.0.103\Microsoft.Common.CurrentVersion.targets(2437,5): warning MSB3277:         C:\Program Files\Autodesk\Revit 2026\NumberingDBAPI.dll [C:\Users\DELL\source\repos\antiGGGravity\antiGGGravity.csproj]
C:\Program Files\dotnet\sdk\10.0.103\Microsoft.Common.CurrentVersion.targets(2437,5): warning MSB3277:           Project file item includes which caused reference "C:\Program Files\Autodesk\Revit 2026\NumberingDBAPI.dll". [C:\Users\DELL\source\repos\antiGGGravity\antiGGGravity.csproj]
C:\Program Files\dotnet\sdk\10.0.103\Microsoft.Common.CurrentVersion.targets(2437,5): warning MSB3277:             RevitAPI [C:\Users\DELL\source\repos\antiGGGravity\antiGGGravity.csproj]
C:\Program Files\dotnet\sdk\10.0.103\Microsoft.Common.CurrentVersion.targets(2437,5): warning MSB3277:             RevitAPIUI [C:\Users\DELL\source\repos\antiGGGravity\antiGGGravity.csproj]
C:\Program Files\dotnet\sdk\10.0.103\Microsoft.Common.CurrentVersion.targets(2437,5): warning MSB3277:         C:\Program Files\Autodesk\Revit 2026\PointCloudAccessAPI.dll [C:\Users\DELL\source\repos\antiGGGravity\antiGGGravity.csproj]
C:\Program Files\dotnet\sdk\10.0.103\Microsoft.Common.CurrentVersion.targets(2437,5): warning MSB3277:           Project file item includes which caused reference "C:\Program Files\Autodesk\Revit 2026\PointCloudAccessAPI.dll". [C:\Users\DELL\source\repos\antiGGGravity\antiGGGravity.csproj]
C:\Program Files\dotnet\sdk\10.0.103\Microsoft.Common.CurrentVersion.targets(2437,5): warning MSB3277:             RevitAPI [C:\Users\DELL\source\repos\antiGGGravity\antiGGGravity.csproj]
C:\Program Files\dotnet\sdk\10.0.103\Microsoft.Common.CurrentVersion.targets(2437,5): warning MSB3277:             RevitAPIUI [C:\Users\DELL\source\repos\antiGGGravity\antiGGGravity.csproj]
C:\Program Files\dotnet\sdk\10.0.103\Microsoft.Common.CurrentVersion.targets(2437,5): warning MSB3277:             StructuralDBAPI [C:\Users\DELL\source\repos\antiGGGravity\antiGGGravity.csproj]
C:\Program Files\dotnet\sdk\10.0.103\Microsoft.Common.CurrentVersion.targets(2437,5): warning MSB3277:         C:\Program Files\Autodesk\Revit 2026\StairRampDBAPI.dll [C:\Users\DELL\source\repos\antiGGGravity\antiGGGravity.csproj]
C:\Program Files\dotnet\sdk\10.0.103\Microsoft.Common.CurrentVersion.targets(2437,5): warning MSB3277:           Project file item includes which caused reference "C:\Program Files\Autodesk\Revit 2026\StairRampDBAPI.dll". [C:\Users\DELL\source\repos\antiGGGravity\antiGGGravity.csproj]
C:\Program Files\dotnet\sdk\10.0.103\Microsoft.Common.CurrentVersion.targets(2437,5): warning MSB3277:             RevitAPI [C:\Users\DELL\source\repos\antiGGGravity\antiGGGravity.csproj]
C:\Program Files\dotnet\sdk\10.0.103\Microsoft.Common.CurrentVersion.targets(2437,5): warning MSB3277:             RevitAPIUI [C:\Users\DELL\source\repos\antiGGGravity\antiGGGravity.csproj]
C:\Program Files\dotnet\sdk\10.0.103\Microsoft.Common.CurrentVersion.targets(2437,5): warning MSB3277:         C:\Program Files\Autodesk\Revit 2026\AnalysisAppsDBAPI.dll [C:\Users\DELL\source\repos\antiGGGravity\antiGGGravity.csproj]
C:\Program Files\dotnet\sdk\10.0.103\Microsoft.Common.CurrentVersion.targets(2437,5): warning MSB3277:           Project file item includes which caused reference "C:\Program Files\Autodesk\Revit 2026\AnalysisAppsDBAPI.dll". [C:\Users\DELL\source\repos\antiGGGravity\antiGGGravity.csproj]
C:\Program Files\dotnet\sdk\10.0.103\Microsoft.Common.CurrentVersion.targets(2437,5): warning MSB3277:             RevitAPI [C:\Users\DELL\source\repos\antiGGGravity\antiGGGravity.csproj]
C:\Program Files\dotnet\sdk\10.0.103\Microsoft.Common.CurrentVersion.targets(2437,5): warning MSB3277:             RevitAPIUI [C:\Users\DELL\source\repos\antiGGGravity\antiGGGravity.csproj]
C:\Program Files\dotnet\sdk\10.0.103\Microsoft.Common.CurrentVersion.targets(2437,5): warning MSB3277:         C:\Program Files\Autodesk\Revit 2026\MaterialDBAPI.dll [C:\Users\DELL\source\repos\antiGGGravity\antiGGGravity.csproj]
C:\Program Files\dotnet\sdk\10.0.103\Microsoft.Common.CurrentVersion.targets(2437,5): warning MSB3277:           Project file item includes which caused reference "C:\Program Files\Autodesk\Revit 2026\MaterialDBAPI.dll". [C:\Users\DELL\source\repos\antiGGGravity\antiGGGravity.csproj]
C:\Program Files\dotnet\sdk\10.0.103\Microsoft.Common.CurrentVersion.targets(2437,5): warning MSB3277:             RevitAPI [C:\Users\DELL\source\repos\antiGGGravity\antiGGGravity.csproj]
C:\Program Files\dotnet\sdk\10.0.103\Microsoft.Common.CurrentVersion.targets(2437,5): warning MSB3277:             RevitAPIUI [C:\Users\DELL\source\repos\antiGGGravity\antiGGGravity.csproj]
C:\Program Files\dotnet\sdk\10.0.103\Microsoft.Common.CurrentVersion.targets(2437,5): warning MSB3277:         C:\Program Files\Autodesk\Revit 2026\IntfATFAPI.dll [C:\Users\DELL\source\repos\antiGGGravity\antiGGGravity.csproj]
C:\Program Files\dotnet\sdk\10.0.103\Microsoft.Common.CurrentVersion.targets(2437,5): warning MSB3277:           Project file item includes which caused reference "C:\Program Files\Autodesk\Revit 2026\IntfATFAPI.dll". [C:\Users\DELL\source\repos\antiGGGravity\antiGGGravity.csproj]
C:\Program Files\dotnet\sdk\10.0.103\Microsoft.Common.CurrentVersion.targets(2437,5): warning MSB3277:             RevitAPI [C:\Users\DELL\source\repos\antiGGGravity\antiGGGravity.csproj]
C:\Program Files\dotnet\sdk\10.0.103\Microsoft.Common.CurrentVersion.targets(2437,5): warning MSB3277:             RevitAPIUI [C:\Users\DELL\source\repos\antiGGGravity\antiGGGravity.csproj]
C:\Program Files\dotnet\sdk\10.0.103\Microsoft.Common.CurrentVersion.targets(2437,5): warning MSB3277:         C:\Program Files\Autodesk\Revit 2026\TextEngineAPI.dll [C:\Users\DELL\source\repos\antiGGGravity\antiGGGravity.csproj]
C:\Program Files\dotnet\sdk\10.0.103\Microsoft.Common.CurrentVersion.targets(2437,5): warning MSB3277:           Project file item includes which caused reference "C:\Program Files\Autodesk\Revit 2026\TextEngineAPI.dll". [C:\Users\DELL\source\repos\antiGGGravity\antiGGGravity.csproj]
C:\Program Files\dotnet\sdk\10.0.103\Microsoft.Common.CurrentVersion.targets(2437,5): warning MSB3277:             RevitAPI [C:\Users\DELL\source\repos\antiGGGravity\antiGGGravity.csproj]
C:\Program Files\dotnet\sdk\10.0.103\Microsoft.Common.CurrentVersion.targets(2437,5): warning MSB3277:             RevitAPIUI [C:\Users\DELL\source\repos\antiGGGravity\antiGGGravity.csproj]
C:\Program Files\dotnet\sdk\10.0.103\Microsoft.Common.CurrentVersion.targets(2437,5): warning MSB3277:         C:\Program Files\Autodesk\Revit 2026\InfrastructureDBAPI.dll [C:\Users\DELL\source\repos\antiGGGravity\antiGGGravity.csproj]
C:\Program Files\dotnet\sdk\10.0.103\Microsoft.Common.CurrentVersion.targets(2437,5): warning MSB3277:           Project file item includes which caused reference "C:\Program Files\Autodesk\Revit 2026\InfrastructureDBAPI.dll". [C:\Users\DELL\source\repos\antiGGGravity\antiGGGravity.csproj]
C:\Program Files\dotnet\sdk\10.0.103\Microsoft.Common.CurrentVersion.targets(2437,5): warning MSB3277:             RevitAPI [C:\Users\DELL\source\repos\antiGGGravity\antiGGGravity.csproj]
C:\Program Files\dotnet\sdk\10.0.103\Microsoft.Common.CurrentVersion.targets(2437,5): warning MSB3277:             RevitAPIUI [C:\Users\DELL\source\repos\antiGGGravity\antiGGGravity.csproj]
C:\Program Files\dotnet\sdk\10.0.103\Microsoft.Common.CurrentVersion.targets(2437,5): warning MSB3277:         C:\Program Files\Autodesk\Revit 2026\ATFRevitCoreAPI.dll [C:\Users\DELL\source\repos\antiGGGravity\antiGGGravity.csproj]
C:\Program Files\dotnet\sdk\10.0.103\Microsoft.Common.CurrentVersion.targets(2437,5): warning MSB3277:           Project file item includes which caused reference "C:\Program Files\Autodesk\Revit 2026\ATFRevitCoreAPI.dll". [C:\Users\DELL\source\repos\antiGGGravity\antiGGGravity.csproj]
C:\Program Files\dotnet\sdk\10.0.103\Microsoft.Common.CurrentVersion.targets(2437,5): warning MSB3277:             RevitAPI [C:\Users\DELL\source\repos\antiGGGravity\antiGGGravity.csproj]
C:\Program Files\dotnet\sdk\10.0.103\Microsoft.Common.CurrentVersion.targets(2437,5): warning MSB3277:             RevitAPIUI [C:\Users\DELL\source\repos\antiGGGravity\antiGGGravity.csproj]
C:\Program Files\dotnet\sdk\10.0.103\Microsoft.Common.CurrentVersion.targets(2437,5): warning MSB3277:             StructuralDBAPI [C:\Users\DELL\source\repos\antiGGGravity\antiGGGravity.csproj]
C:\Program Files\dotnet\sdk\10.0.103\Microsoft.Common.CurrentVersion.targets(2437,5): warning MSB3277:         C:\Program Files\Autodesk\Revit 2026\DBManagedServices.dll [C:\Users\DELL\source\repos\antiGGGravity\antiGGGravity.csproj]
C:\Program Files\dotnet\sdk\10.0.103\Microsoft.Common.CurrentVersion.targets(2437,5): warning MSB3277:           Project file item includes which caused reference "C:\Program Files\Autodesk\Revit 2026\DBManagedServices.dll". [C:\Users\DELL\source\repos\antiGGGravity\antiGGGravity.csproj]
C:\Program Files\dotnet\sdk\10.0.103\Microsoft.Common.CurrentVersion.targets(2437,5): warning MSB3277:             RevitAPI [C:\Users\DELL\source\repos\antiGGGravity\antiGGGravity.csproj]
C:\Program Files\dotnet\sdk\10.0.103\Microsoft.Common.CurrentVersion.targets(2437,5): warning MSB3277:             RevitAPIUI [C:\Users\DELL\source\repos\antiGGGravity\antiGGGravity.csproj]
C:\Program Files\dotnet\sdk\10.0.103\Microsoft.Common.CurrentVersion.targets(2437,5): warning MSB3277:         C:\Program Files\Autodesk\Revit 2026\APIInterop.dll [C:\Users\DELL\source\repos\antiGGGravity\antiGGGravity.csproj]
C:\Program Files\dotnet\sdk\10.0.103\Microsoft.Common.CurrentVersion.targets(2437,5): warning MSB3277:           Project file item includes which caused reference "C:\Program Files\Autodesk\Revit 2026\APIInterop.dll". [C:\Users\DELL\source\repos\antiGGGravity\antiGGGravity.csproj]
C:\Program Files\dotnet\sdk\10.0.103\Microsoft.Common.CurrentVersion.targets(2437,5): warning MSB3277:             RevitAPIUI [C:\Users\DELL\source\repos\antiGGGravity\antiGGGravity.csproj]
C:\Program Files\dotnet\sdk\10.0.103\Microsoft.Common.CurrentVersion.targets(2437,5): warning MSB3277:         C:\Program Files\Autodesk\Revit 2026\AddInManager.dll [C:\Users\DELL\source\repos\antiGGGravity\antiGGGravity.csproj]
C:\Program Files\dotnet\sdk\10.0.103\Microsoft.Common.CurrentVersion.targets(2437,5): warning MSB3277:           Project file item includes which caused reference "C:\Program Files\Autodesk\Revit 2026\AddInManager.dll". [C:\Users\DELL\source\repos\antiGGGravity\antiGGGravity.csproj]
C:\Program Files\dotnet\sdk\10.0.103\Microsoft.Common.CurrentVersion.targets(2437,5): warning MSB3277:             RevitAPIUI [C:\Users\DELL\source\repos\antiGGGravity\antiGGGravity.csproj]
C:\Program Files\dotnet\sdk\10.0.103\Microsoft.Common.CurrentVersion.targets(2437,5): warning MSB3277:         C:\Program Files\Autodesk\Revit 2026\RevitUIAPI.dll [C:\Users\DELL\source\repos\antiGGGravity\antiGGGravity.csproj]
C:\Program Files\dotnet\sdk\10.0.103\Microsoft.Common.CurrentVersion.targets(2437,5): warning MSB3277:           Project file item includes which caused reference "C:\Program Files\Autodesk\Revit 2026\RevitUIAPI.dll". [C:\Users\DELL\source\repos\antiGGGravity\antiGGGravity.csproj]
C:\Program Files\dotnet\sdk\10.0.103\Microsoft.Common.CurrentVersion.targets(2437,5): warning MSB3277:             RevitAPIUI [C:\Users\DELL\source\repos\antiGGGravity\antiGGGravity.csproj]
C:\Program Files\dotnet\sdk\10.0.103\Microsoft.Common.CurrentVersion.targets(2437,5): warning MSB3277:         C:\Program Files\Autodesk\Revit 2026\BuildingSystemsUIAPI.dll [C:\Users\DELL\source\repos\antiGGGravity\antiGGGravity.csproj]
C:\Program Files\dotnet\sdk\10.0.103\Microsoft.Common.CurrentVersion.targets(2437,5): warning MSB3277:           Project file item includes which caused reference "C:\Program Files\Autodesk\Revit 2026\BuildingSystemsUIAPI.dll". [C:\Users\DELL\source\repos\antiGGGravity\antiGGGravity.csproj]
C:\Program Files\dotnet\sdk\10.0.103\Microsoft.Common.CurrentVersion.targets(2437,5): warning MSB3277:             RevitAPIUI [C:\Users\DELL\source\repos\antiGGGravity\antiGGGravity.csproj]
C:\Program Files\dotnet\sdk\10.0.103\Microsoft.Common.CurrentVersion.targets(2437,5): warning MSB3277:         C:\Program Files\Autodesk\Revit 2026\DesktopMFCAPI.dll [C:\Users\DELL\source\repos\antiGGGravity\antiGGGravity.csproj]
C:\Program Files\dotnet\sdk\10.0.103\Microsoft.Common.CurrentVersion.targets(2437,5): warning MSB3277:           Project file item includes which caused reference "C:\Program Files\Autodesk\Revit 2026\DesktopMFCAPI.dll". [C:\Users\DELL\source\repos\antiGGGravity\antiGGGravity.csproj]
C:\Program Files\dotnet\sdk\10.0.103\Microsoft.Common.CurrentVersion.targets(2437,5): warning MSB3277:             RevitAPIUI [C:\Users\DELL\source\repos\antiGGGravity\antiGGGravity.csproj]
C:\Program Files\dotnet\sdk\10.0.103\Microsoft.Common.CurrentVersion.targets(2437,5): warning MSB3277:         C:\Program Files\Autodesk\Revit 2026\APIUIAPI.dll [C:\Users\DELL\source\repos\antiGGGravity\antiGGGravity.csproj]
C:\Program Files\dotnet\sdk\10.0.103\Microsoft.Common.CurrentVersion.targets(2437,5): warning MSB3277:           Project file item includes which caused reference "C:\Program Files\Autodesk\Revit 2026\APIUIAPI.dll". [C:\Users\DELL\source\repos\antiGGGravity\antiGGGravity.csproj]
C:\Program Files\dotnet\sdk\10.0.103\Microsoft.Common.CurrentVersion.targets(2437,5): warning MSB3277:             RevitAPIUI [C:\Users\DELL\source\repos\antiGGGravity\antiGGGravity.csproj]
C:\Program Files\dotnet\sdk\10.0.103\Microsoft.Common.CurrentVersion.targets(2437,5): warning MSB3277:         C:\Program Files\Autodesk\Revit 2026\RevitMFCAPI.dll [C:\Users\DELL\source\repos\antiGGGravity\antiGGGravity.csproj]
C:\Program Files\dotnet\sdk\10.0.103\Microsoft.Common.CurrentVersion.targets(2437,5): warning MSB3277:           Project file item includes which caused reference "C:\Program Files\Autodesk\Revit 2026\RevitMFCAPI.dll". [C:\Users\DELL\source\repos\antiGGGravity\antiGGGravity.csproj]
C:\Program Files\dotnet\sdk\10.0.103\Microsoft.Common.CurrentVersion.targets(2437,5): warning MSB3277:             RevitAPIUI [C:\Users\DELL\source\repos\antiGGGravity\antiGGGravity.csproj]
C:\Program Files\dotnet\sdk\10.0.103\Microsoft.Common.CurrentVersion.targets(2437,5): warning MSB3277:         C:\Program Files\Autodesk\Revit 2026\EssentialsUIAPI.dll [C:\Users\DELL\source\repos\antiGGGravity\antiGGGravity.csproj]
C:\Program Files\dotnet\sdk\10.0.103\Microsoft.Common.CurrentVersion.targets(2437,5): warning MSB3277:           Project file item includes which caused reference "C:\Program Files\Autodesk\Revit 2026\EssentialsUIAPI.dll". [C:\Users\DELL\source\repos\antiGGGravity\antiGGGravity.csproj]
C:\Program Files\dotnet\sdk\10.0.103\Microsoft.Common.CurrentVersion.targets(2437,5): warning MSB3277:             RevitAPIUI [C:\Users\DELL\source\repos\antiGGGravity\antiGGGravity.csproj]
C:\Program Files\dotnet\sdk\10.0.103\Microsoft.Common.CurrentVersion.targets(2437,5): warning MSB3277:         C:\Program Files\Autodesk\Revit 2026\DetailUIAPI.dll [C:\Users\DELL\source\repos\antiGGGravity\antiGGGravity.csproj]
C:\Program Files\dotnet\sdk\10.0.103\Microsoft.Common.CurrentVersion.targets(2437,5): warning MSB3277:           Project file item includes which caused reference "C:\Program Files\Autodesk\Revit 2026\DetailUIAPI.dll". [C:\Users\DELL\source\repos\antiGGGravity\antiGGGravity.csproj]
C:\Program Files\dotnet\sdk\10.0.103\Microsoft.Common.CurrentVersion.targets(2437,5): warning MSB3277:             RevitAPIUI [C:\Users\DELL\source\repos\antiGGGravity\antiGGGravity.csproj]
C:\Program Files\dotnet\sdk\10.0.103\Microsoft.Common.CurrentVersion.targets(2437,5): warning MSB3277:         C:\Program Files\Autodesk\Revit 2026\UIFrameworkServices.dll [C:\Users\DELL\source\repos\antiGGGravity\antiGGGravity.csproj]
C:\Program Files\dotnet\sdk\10.0.103\Microsoft.Common.CurrentVersion.targets(2437,5): warning MSB3277:           Project file item includes which caused reference "C:\Program Files\Autodesk\Revit 2026\UIFrameworkServices.dll". [C:\Users\DELL\source\repos\antiGGGravity\antiGGGravity.csproj]
C:\Program Files\dotnet\sdk\10.0.103\Microsoft.Common.CurrentVersion.targets(2437,5): warning MSB3277:             RevitAPIUI [C:\Users\DELL\source\repos\antiGGGravity\antiGGGravity.csproj]
C:\Program Files\dotnet\sdk\10.0.103\Microsoft.Common.CurrentVersion.targets(2437,5): warning MSB3277:         C:\Program Files\Autodesk\Revit 2026\SSONET.dll [C:\Users\DELL\source\repos\antiGGGravity\antiGGGravity.csproj]
C:\Program Files\dotnet\sdk\10.0.103\Microsoft.Common.CurrentVersion.targets(2437,5): warning MSB3277:           Project file item includes which caused reference "C:\Program Files\Autodesk\Revit 2026\SSONET.dll". [C:\Users\DELL\source\repos\antiGGGravity\antiGGGravity.csproj]
C:\Program Files\dotnet\sdk\10.0.103\Microsoft.Common.CurrentVersion.targets(2437,5): warning MSB3277:             RevitAPIUI [C:\Users\DELL\source\repos\antiGGGravity\antiGGGravity.csproj]
C:\Program Files\dotnet\sdk\10.0.103\Microsoft.Common.CurrentVersion.targets(2437,5): warning MSB3277: Found conflicts between different versions of "System.Drawing" that could not be resolved. [C:\Users\DELL\source\repos\antiGGGravity\antiGGGravity.csproj]
C:\Program Files\dotnet\sdk\10.0.103\Microsoft.Common.CurrentVersion.targets(2437,5): warning MSB3277: There was a conflict between "System.Drawing, Version=4.0.0.0, Culture=neutral, PublicKeyToken=b03f5f7f11d50a3a" and "System.Drawing, Version=8.0.0.0, Culture=neutral, PublicKeyToken=b03f5f7f11d50a3a". [C:\Users\DELL\source\repos\antiGGGravity\antiGGGravity.csproj]
C:\Program Files\dotnet\sdk\10.0.103\Microsoft.Common.CurrentVersion.targets(2437,5): warning MSB3277:     "System.Drawing, Version=4.0.0.0, Culture=neutral, PublicKeyToken=b03f5f7f11d50a3a" was chosen because it was primary and "System.Drawing, Version=8.0.0.0, Culture=neutral, PublicKeyToken=b03f5f7f11d50a3a" was not. [C:\Users\DELL\source\repos\antiGGGravity\antiGGGravity.csproj]
C:\Program Files\dotnet\sdk\10.0.103\Microsoft.Common.CurrentVersion.targets(2437,5): warning MSB3277:     References which depend on "System.Drawing, Version=4.0.0.0, Culture=neutral, PublicKeyToken=b03f5f7f11d50a3a" [C:\Users\DELL\.nuget\packages\microsoft.netcore.app.ref\8.0.24\ref\net8.0\System.Drawing.dll]. [C:\Users\DELL\source\repos\antiGGGravity\antiGGGravity.csproj]
C:\Program Files\dotnet\sdk\10.0.103\Microsoft.Common.CurrentVersion.targets(2437,5): warning MSB3277:         C:\Users\DELL\.nuget\packages\microsoft.netcore.app.ref\8.0.24\ref\net8.0\System.Drawing.dll [C:\Users\DELL\source\repos\antiGGGravity\antiGGGravity.csproj]
C:\Program Files\dotnet\sdk\10.0.103\Microsoft.Common.CurrentVersion.targets(2437,5): warning MSB3277:           Project file item includes which caused reference "C:\Users\DELL\.nuget\packages\microsoft.netcore.app.ref\8.0.24\ref\net8.0\System.Drawing.dll". [C:\Users\DELL\source\repos\antiGGGravity\antiGGGravity.csproj]
C:\Program Files\dotnet\sdk\10.0.103\Microsoft.Common.CurrentVersion.targets(2437,5): warning MSB3277:             C:\Users\DELL\.nuget\packages\microsoft.netcore.app.ref\8.0.24\ref/net8.0/System.Drawing.dll [C:\Users\DELL\source\repos\antiGGGravity\antiGGGravity.csproj]
C:\Program Files\dotnet\sdk\10.0.103\Microsoft.Common.CurrentVersion.targets(2437,5): warning MSB3277:     References which depend on or have been unified to "System.Drawing, Version=8.0.0.0, Culture=neutral, PublicKeyToken=b03f5f7f11d50a3a" []. [C:\Users\DELL\source\repos\antiGGGravity\antiGGGravity.csproj]
C:\Program Files\dotnet\sdk\10.0.103\Microsoft.Common.CurrentVersion.targets(2437,5): warning MSB3277:         C:\Program Files\Autodesk\Revit 2026\RevitAPI.dll [C:\Users\DELL\source\repos\antiGGGravity\antiGGGravity.csproj]
C:\Program Files\dotnet\sdk\10.0.103\Microsoft.Common.CurrentVersion.targets(2437,5): warning MSB3277:           Project file item includes which caused reference "C:\Program Files\Autodesk\Revit 2026\RevitAPI.dll". [C:\Users\DELL\source\repos\antiGGGravity\antiGGGravity.csproj]
C:\Program Files\dotnet\sdk\10.0.103\Microsoft.Common.CurrentVersion.targets(2437,5): warning MSB3277:             RevitAPI [C:\Users\DELL\source\repos\antiGGGravity\antiGGGravity.csproj]
C:\Program Files\dotnet\sdk\10.0.103\Microsoft.Common.CurrentVersion.targets(2437,5): warning MSB3277:             RevitAPIUI [C:\Users\DELL\source\repos\antiGGGravity\antiGGGravity.csproj]
C:\Program Files\dotnet\sdk\10.0.103\Microsoft.Common.CurrentVersion.targets(2437,5): warning MSB3277:         C:\Program Files\Autodesk\Revit 2026\RevitAPIUI.dll [C:\Users\DELL\source\repos\antiGGGravity\antiGGGravity.csproj]
C:\Program Files\dotnet\sdk\10.0.103\Microsoft.Common.CurrentVersion.targets(2437,5): warning MSB3277:           Project file item includes which caused reference "C:\Program Files\Autodesk\Revit 2026\RevitAPIUI.dll". [C:\Users\DELL\source\repos\antiGGGravity\antiGGGravity.csproj]
C:\Program Files\dotnet\sdk\10.0.103\Microsoft.Common.CurrentVersion.targets(2437,5): warning MSB3277:             RevitAPIUI [C:\Users\DELL\source\repos\antiGGGravity\antiGGGravity.csproj]
C:\Program Files\dotnet\sdk\10.0.103\Microsoft.Common.CurrentVersion.targets(2437,5): warning MSB3277:         C:\Program Files\Autodesk\Revit 2026\StructuralDBAPI.dll [C:\Users\DELL\source\repos\antiGGGravity\antiGGGravity.csproj]
C:\Program Files\dotnet\sdk\10.0.103\Microsoft.Common.CurrentVersion.targets(2437,5): warning MSB3277:           Project file item includes which caused reference "C:\Program Files\Autodesk\Revit 2026\StructuralDBAPI.dll". [C:\Users\DELL\source\repos\antiGGGravity\antiGGGravity.csproj]
C:\Program Files\dotnet\sdk\10.0.103\Microsoft.Common.CurrentVersion.targets(2437,5): warning MSB3277:             StructuralDBAPI [C:\Users\DELL\source\repos\antiGGGravity\antiGGGravity.csproj]
C:\Program Files\dotnet\sdk\10.0.103\Microsoft.Common.CurrentVersion.targets(2437,5): warning MSB3277:             RevitAPI [C:\Users\DELL\source\repos\antiGGGravity\antiGGGravity.csproj]
C:\Program Files\dotnet\sdk\10.0.103\Microsoft.Common.CurrentVersion.targets(2437,5): warning MSB3277:             RevitAPIUI [C:\Users\DELL\source\repos\antiGGGravity\antiGGGravity.csproj]
C:\Program Files\dotnet\sdk\10.0.103\Microsoft.Common.CurrentVersion.targets(2437,5): warning MSB3277:         C:\Program Files\Autodesk\Revit 2026\AdskRcManaged.dll [C:\Users\DELL\source\repos\antiGGGravity\antiGGGravity.csproj]
C:\Program Files\dotnet\sdk\10.0.103\Microsoft.Common.CurrentVersion.targets(2437,5): warning MSB3277:           Project file item includes which caused reference "C:\Program Files\Autodesk\Revit 2026\AdskRcManaged.dll". [C:\Users\DELL\source\repos\antiGGGravity\antiGGGravity.csproj]
C:\Program Files\dotnet\sdk\10.0.103\Microsoft.Common.CurrentVersion.targets(2437,5): warning MSB3277:             RevitAPI [C:\Users\DELL\source\repos\antiGGGravity\antiGGGravity.csproj]
C:\Program Files\dotnet\sdk\10.0.103\Microsoft.Common.CurrentVersion.targets(2437,5): warning MSB3277:             RevitAPIUI [C:\Users\DELL\source\repos\antiGGGravity\antiGGGravity.csproj]
C:\Program Files\dotnet\sdk\10.0.103\Microsoft.Common.CurrentVersion.targets(2437,5): warning MSB3277:         C:\Program Files\Autodesk\Revit 2026\RevitAPIFoundation.dll [C:\Users\DELL\source\repos\antiGGGravity\antiGGGravity.csproj]
C:\Program Files\dotnet\sdk\10.0.103\Microsoft.Common.CurrentVersion.targets(2437,5): warning MSB3277:           Project file item includes which caused reference "C:\Program Files\Autodesk\Revit 2026\RevitAPIFoundation.dll". [C:\Users\DELL\source\repos\antiGGGravity\antiGGGravity.csproj]
C:\Program Files\dotnet\sdk\10.0.103\Microsoft.Common.CurrentVersion.targets(2437,5): warning MSB3277:             RevitAPI [C:\Users\DELL\source\repos\antiGGGravity\antiGGGravity.csproj]
C:\Program Files\dotnet\sdk\10.0.103\Microsoft.Common.CurrentVersion.targets(2437,5): warning MSB3277:             RevitAPIUI [C:\Users\DELL\source\repos\antiGGGravity\antiGGGravity.csproj]
C:\Program Files\dotnet\sdk\10.0.103\Microsoft.Common.CurrentVersion.targets(2437,5): warning MSB3277:             StructuralDBAPI [C:\Users\DELL\source\repos\antiGGGravity\antiGGGravity.csproj]
C:\Program Files\dotnet\sdk\10.0.103\Microsoft.Common.CurrentVersion.targets(2437,5): warning MSB3277:         C:\Program Files\Autodesk\Revit 2026\RevitDBAPI.dll [C:\Users\DELL\source\repos\antiGGGravity\antiGGGravity.csproj]
C:\Program Files\dotnet\sdk\10.0.103\Microsoft.Common.CurrentVersion.targets(2437,5): warning MSB3277:           Project file item includes which caused reference "C:\Program Files\Autodesk\Revit 2026\RevitDBAPI.dll". [C:\Users\DELL\source\repos\antiGGGravity\antiGGGravity.csproj]
C:\Program Files\dotnet\sdk\10.0.103\Microsoft.Common.CurrentVersion.targets(2437,5): warning MSB3277:             RevitAPI [C:\Users\DELL\source\repos\antiGGGravity\antiGGGravity.csproj]
C:\Program Files\dotnet\sdk\10.0.103\Microsoft.Common.CurrentVersion.targets(2437,5): warning MSB3277:             RevitAPIUI [C:\Users\DELL\source\repos\antiGGGravity\antiGGGravity.csproj]
C:\Program Files\dotnet\sdk\10.0.103\Microsoft.Common.CurrentVersion.targets(2437,5): warning MSB3277:             StructuralDBAPI [C:\Users\DELL\source\repos\antiGGGravity\antiGGGravity.csproj]
C:\Program Files\dotnet\sdk\10.0.103\Microsoft.Common.CurrentVersion.targets(2437,5): warning MSB3277:         C:\Program Files\Autodesk\Revit 2026\RevitDBCoreAPI.dll [C:\Users\DELL\source\repos\antiGGGravity\antiGGGravity.csproj]
C:\Program Files\dotnet\sdk\10.0.103\Microsoft.Common.CurrentVersion.targets(2437,5): warning MSB3277:           Project file item includes which caused reference "C:\Program Files\Autodesk\Revit 2026\RevitDBCoreAPI.dll". [C:\Users\DELL\source\repos\antiGGGravity\antiGGGravity.csproj]
C:\Program Files\dotnet\sdk\10.0.103\Microsoft.Common.CurrentVersion.targets(2437,5): warning MSB3277:             RevitAPI [C:\Users\DELL\source\repos\antiGGGravity\antiGGGravity.csproj]
C:\Program Files\dotnet\sdk\10.0.103\Microsoft.Common.CurrentVersion.targets(2437,5): warning MSB3277:             RevitAPIUI [C:\Users\DELL\source\repos\antiGGGravity\antiGGGravity.csproj]
C:\Program Files\dotnet\sdk\10.0.103\Microsoft.Common.CurrentVersion.targets(2437,5): warning MSB3277:             StructuralDBAPI [C:\Users\DELL\source\repos\antiGGGravity\antiGGGravity.csproj]
C:\Program Files\dotnet\sdk\10.0.103\Microsoft.Common.CurrentVersion.targets(2437,5): warning MSB3277:         C:\Program Files\Autodesk\Revit 2026\PersistenceDBAPI.dll [C:\Users\DELL\source\repos\antiGGGravity\antiGGGravity.csproj]
C:\Program Files\dotnet\sdk\10.0.103\Microsoft.Common.CurrentVersion.targets(2437,5): warning MSB3277:           Project file item includes which caused reference "C:\Program Files\Autodesk\Revit 2026\PersistenceDBAPI.dll". [C:\Users\DELL\source\repos\antiGGGravity\antiGGGravity.csproj]
C:\Program Files\dotnet\sdk\10.0.103\Microsoft.Common.CurrentVersion.targets(2437,5): warning MSB3277:             RevitAPI [C:\Users\DELL\source\repos\antiGGGravity\antiGGGravity.csproj]
C:\Program Files\dotnet\sdk\10.0.103\Microsoft.Common.CurrentVersion.targets(2437,5): warning MSB3277:             RevitAPIUI [C:\Users\DELL\source\repos\antiGGGravity\antiGGGravity.csproj]
C:\Program Files\dotnet\sdk\10.0.103\Microsoft.Common.CurrentVersion.targets(2437,5): warning MSB3277:         C:\Program Files\Autodesk\Revit 2026\UtilityAPI.dll [C:\Users\DELL\source\repos\antiGGGravity\antiGGGravity.csproj]
C:\Program Files\dotnet\sdk\10.0.103\Microsoft.Common.CurrentVersion.targets(2437,5): warning MSB3277:           Project file item includes which caused reference "C:\Program Files\Autodesk\Revit 2026\UtilityAPI.dll". [C:\Users\DELL\source\repos\antiGGGravity\antiGGGravity.csproj]
C:\Program Files\dotnet\sdk\10.0.103\Microsoft.Common.CurrentVersion.targets(2437,5): warning MSB3277:             RevitAPI [C:\Users\DELL\source\repos\antiGGGravity\antiGGGravity.csproj]
C:\Program Files\dotnet\sdk\10.0.103\Microsoft.Common.CurrentVersion.targets(2437,5): warning MSB3277:             RevitAPIUI [C:\Users\DELL\source\repos\antiGGGravity\antiGGGravity.csproj]
C:\Program Files\dotnet\sdk\10.0.103\Microsoft.Common.CurrentVersion.targets(2437,5): warning MSB3277:             StructuralDBAPI [C:\Users\DELL\source\repos\antiGGGravity\antiGGGravity.csproj]
C:\Program Files\dotnet\sdk\10.0.103\Microsoft.Common.CurrentVersion.targets(2437,5): warning MSB3277:         C:\Program Files\Autodesk\Revit 2026\APIDBAPI.dll [C:\Users\DELL\source\repos\antiGGGravity\antiGGGravity.csproj]
C:\Program Files\dotnet\sdk\10.0.103\Microsoft.Common.CurrentVersion.targets(2437,5): warning MSB3277:           Project file item includes which caused reference "C:\Program Files\Autodesk\Revit 2026\APIDBAPI.dll". [C:\Users\DELL\source\repos\antiGGGravity\antiGGGravity.csproj]
C:\Program Files\dotnet\sdk\10.0.103\Microsoft.Common.CurrentVersion.targets(2437,5): warning MSB3277:             RevitAPI [C:\Users\DELL\source\repos\antiGGGravity\antiGGGravity.csproj]
C:\Program Files\dotnet\sdk\10.0.103\Microsoft.Common.CurrentVersion.targets(2437,5): warning MSB3277:             RevitAPIUI [C:\Users\DELL\source\repos\antiGGGravity\antiGGGravity.csproj]
C:\Program Files\dotnet\sdk\10.0.103\Microsoft.Common.CurrentVersion.targets(2437,5): warning MSB3277:         C:\Program Files\Autodesk\Revit 2026\GraphicsAPI.dll [C:\Users\DELL\source\repos\antiGGGravity\antiGGGravity.csproj]
C:\Program Files\dotnet\sdk\10.0.103\Microsoft.Common.CurrentVersion.targets(2437,5): warning MSB3277:           Project file item includes which caused reference "C:\Program Files\Autodesk\Revit 2026\GraphicsAPI.dll". [C:\Users\DELL\source\repos\antiGGGravity\antiGGGravity.csproj]
C:\Program Files\dotnet\sdk\10.0.103\Microsoft.Common.CurrentVersion.targets(2437,5): warning MSB3277:             RevitAPI [C:\Users\DELL\source\repos\antiGGGravity\antiGGGravity.csproj]
C:\Program Files\dotnet\sdk\10.0.103\Microsoft.Common.CurrentVersion.targets(2437,5): warning MSB3277:             RevitAPIUI [C:\Users\DELL\source\repos\antiGGGravity\antiGGGravity.csproj]
C:\Program Files\dotnet\sdk\10.0.103\Microsoft.Common.CurrentVersion.targets(2437,5): warning MSB3277:             StructuralDBAPI [C:\Users\DELL\source\repos\antiGGGravity\antiGGGravity.csproj]
C:\Program Files\dotnet\sdk\10.0.103\Microsoft.Common.CurrentVersion.targets(2437,5): warning MSB3277:         C:\Program Files\Autodesk\Revit 2026\ElementGroupDBAPI.dll [C:\Users\DELL\source\repos\antiGGGravity\antiGGGravity.csproj]
C:\Program Files\dotnet\sdk\10.0.103\Microsoft.Common.CurrentVersion.targets(2437,5): warning MSB3277:           Project file item includes which caused reference "C:\Program Files\Autodesk\Revit 2026\ElementGroupDBAPI.dll". [C:\Users\DELL\source\repos\antiGGGravity\antiGGGravity.csproj]
C:\Program Files\dotnet\sdk\10.0.103\Microsoft.Common.CurrentVersion.targets(2437,5): warning MSB3277:             RevitAPI [C:\Users\DELL\source\repos\antiGGGravity\antiGGGravity.csproj]
C:\Program Files\dotnet\sdk\10.0.103\Microsoft.Common.CurrentVersion.targets(2437,5): warning MSB3277:             RevitAPIUI [C:\Users\DELL\source\repos\antiGGGravity\antiGGGravity.csproj]
C:\Program Files\dotnet\sdk\10.0.103\Microsoft.Common.CurrentVersion.targets(2437,5): warning MSB3277:         C:\Program Files\Autodesk\Revit 2026\EssentialsDBAPI.dll [C:\Users\DELL\source\repos\antiGGGravity\antiGGGravity.csproj]
C:\Program Files\dotnet\sdk\10.0.103\Microsoft.Common.CurrentVersion.targets(2437,5): warning MSB3277:           Project file item includes which caused reference "C:\Program Files\Autodesk\Revit 2026\EssentialsDBAPI.dll". [C:\Users\DELL\source\repos\antiGGGravity\antiGGGravity.csproj]
C:\Program Files\dotnet\sdk\10.0.103\Microsoft.Common.CurrentVersion.targets(2437,5): warning MSB3277:             RevitAPI [C:\Users\DELL\source\repos\antiGGGravity\antiGGGravity.csproj]
C:\Program Files\dotnet\sdk\10.0.103\Microsoft.Common.CurrentVersion.targets(2437,5): warning MSB3277:             RevitAPIUI [C:\Users\DELL\source\repos\antiGGGravity\antiGGGravity.csproj]
C:\Program Files\dotnet\sdk\10.0.103\Microsoft.Common.CurrentVersion.targets(2437,5): warning MSB3277:             StructuralDBAPI [C:\Users\DELL\source\repos\antiGGGravity\antiGGGravity.csproj]
C:\Program Files\dotnet\sdk\10.0.103\Microsoft.Common.CurrentVersion.targets(2437,5): warning MSB3277:         C:\Program Files\Autodesk\Revit 2026\GeomUtilAPI.dll [C:\Users\DELL\source\repos\antiGGGravity\antiGGGravity.csproj]
C:\Program Files\dotnet\sdk\10.0.103\Microsoft.Common.CurrentVersion.targets(2437,5): warning MSB3277:           Project file item includes which caused reference "C:\Program Files\Autodesk\Revit 2026\GeomUtilAPI.dll". [C:\Users\DELL\source\repos\antiGGGravity\antiGGGravity.csproj]
C:\Program Files\dotnet\sdk\10.0.103\Microsoft.Common.CurrentVersion.targets(2437,5): warning MSB3277:             RevitAPI [C:\Users\DELL\source\repos\antiGGGravity\antiGGGravity.csproj]
C:\Program Files\dotnet\sdk\10.0.103\Microsoft.Common.CurrentVersion.targets(2437,5): warning MSB3277:             RevitAPIUI [C:\Users\DELL\source\repos\antiGGGravity\antiGGGravity.csproj]
C:\Program Files\dotnet\sdk\10.0.103\Microsoft.Common.CurrentVersion.targets(2437,5): warning MSB3277:             StructuralDBAPI [C:\Users\DELL\source\repos\antiGGGravity\antiGGGravity.csproj]
C:\Program Files\dotnet\sdk\10.0.103\Microsoft.Common.CurrentVersion.targets(2437,5): warning MSB3277:         C:\Program Files\Autodesk\Revit 2026\FamilyDBAPI.dll [C:\Users\DELL\source\repos\antiGGGravity\antiGGGravity.csproj]
C:\Program Files\dotnet\sdk\10.0.103\Microsoft.Common.CurrentVersion.targets(2437,5): warning MSB3277:           Project file item includes which caused reference "C:\Program Files\Autodesk\Revit 2026\FamilyDBAPI.dll". [C:\Users\DELL\source\repos\antiGGGravity\antiGGGravity.csproj]
C:\Program Files\dotnet\sdk\10.0.103\Microsoft.Common.CurrentVersion.targets(2437,5): warning MSB3277:             RevitAPI [C:\Users\DELL\source\repos\antiGGGravity\antiGGGravity.csproj]
C:\Program Files\dotnet\sdk\10.0.103\Microsoft.Common.CurrentVersion.targets(2437,5): warning MSB3277:             RevitAPIUI [C:\Users\DELL\source\repos\antiGGGravity\antiGGGravity.csproj]
C:\Program Files\dotnet\sdk\10.0.103\Microsoft.Common.CurrentVersion.targets(2437,5): warning MSB3277:             StructuralDBAPI [C:\Users\DELL\source\repos\antiGGGravity\antiGGGravity.csproj]
C:\Program Files\dotnet\sdk\10.0.103\Microsoft.Common.CurrentVersion.targets(2437,5): warning MSB3277:         C:\Program Files\Autodesk\Revit 2026\DetailDBAPI.dll [C:\Users\DELL\source\repos\antiGGGravity\antiGGGravity.csproj]
C:\Program Files\dotnet\sdk\10.0.103\Microsoft.Common.CurrentVersion.targets(2437,5): warning MSB3277:           Project file item includes which caused reference "C:\Program Files\Autodesk\Revit 2026\DetailDBAPI.dll". [C:\Users\DELL\source\repos\antiGGGravity\antiGGGravity.csproj]
C:\Program Files\dotnet\sdk\10.0.103\Microsoft.Common.CurrentVersion.targets(2437,5): warning MSB3277:             RevitAPI [C:\Users\DELL\source\repos\antiGGGravity\antiGGGravity.csproj]
C:\Program Files\dotnet\sdk\10.0.103\Microsoft.Common.CurrentVersion.targets(2437,5): warning MSB3277:             RevitAPIUI [C:\Users\DELL\source\repos\antiGGGravity\antiGGGravity.csproj]
C:\Program Files\dotnet\sdk\10.0.103\Microsoft.Common.CurrentVersion.targets(2437,5): warning MSB3277:         C:\Program Files\Autodesk\Revit 2026\CurtainGridFamilyDBAPI.dll [C:\Users\DELL\source\repos\antiGGGravity\antiGGGravity.csproj]
C:\Program Files\dotnet\sdk\10.0.103\Microsoft.Common.CurrentVersion.targets(2437,5): warning MSB3277:           Project file item includes which caused reference "C:\Program Files\Autodesk\Revit 2026\CurtainGridFamilyDBAPI.dll". [C:\Users\DELL\source\repos\antiGGGravity\antiGGGravity.csproj]
C:\Program Files\dotnet\sdk\10.0.103\Microsoft.Common.CurrentVersion.targets(2437,5): warning MSB3277:             RevitAPI [C:\Users\DELL\source\repos\antiGGGravity\antiGGGravity.csproj]
C:\Program Files\dotnet\sdk\10.0.103\Microsoft.Common.CurrentVersion.targets(2437,5): warning MSB3277:             RevitAPIUI [C:\Users\DELL\source\repos\antiGGGravity\antiGGGravity.csproj]
C:\Program Files\dotnet\sdk\10.0.103\Microsoft.Common.CurrentVersion.targets(2437,5): warning MSB3277:         C:\Program Files\Autodesk\Revit 2026\ArrayElemsDBAPI.dll [C:\Users\DELL\source\repos\antiGGGravity\antiGGGravity.csproj]
C:\Program Files\dotnet\sdk\10.0.103\Microsoft.Common.CurrentVersion.targets(2437,5): warning MSB3277:           Project file item includes which caused reference "C:\Program Files\Autodesk\Revit 2026\ArrayElemsDBAPI.dll". [C:\Users\DELL\source\repos\antiGGGravity\antiGGGravity.csproj]
C:\Program Files\dotnet\sdk\10.0.103\Microsoft.Common.CurrentVersion.targets(2437,5): warning MSB3277:             RevitAPI [C:\Users\DELL\source\repos\antiGGGravity\antiGGGravity.csproj]
C:\Program Files\dotnet\sdk\10.0.103\Microsoft.Common.CurrentVersion.targets(2437,5): warning MSB3277:             RevitAPIUI [C:\Users\DELL\source\repos\antiGGGravity\antiGGGravity.csproj]
C:\Program Files\dotnet\sdk\10.0.103\Microsoft.Common.CurrentVersion.targets(2437,5): warning MSB3277:         C:\Program Files\Autodesk\Revit 2026\EnergyAnalysisDBAPI.dll [C:\Users\DELL\source\repos\antiGGGravity\antiGGGravity.csproj]
C:\Program Files\dotnet\sdk\10.0.103\Microsoft.Common.CurrentVersion.targets(2437,5): warning MSB3277:           Project file item includes which caused reference "C:\Program Files\Autodesk\Revit 2026\EnergyAnalysisDBAPI.dll". [C:\Users\DELL\source\repos\antiGGGravity\antiGGGravity.csproj]
C:\Program Files\dotnet\sdk\10.0.103\Microsoft.Common.CurrentVersion.targets(2437,5): warning MSB3277:             RevitAPI [C:\Users\DELL\source\repos\antiGGGravity\antiGGGravity.csproj]
C:\Program Files\dotnet\sdk\10.0.103\Microsoft.Common.CurrentVersion.targets(2437,5): warning MSB3277:             RevitAPIUI [C:\Users\DELL\source\repos\antiGGGravity\antiGGGravity.csproj]
C:\Program Files\dotnet\sdk\10.0.103\Microsoft.Common.CurrentVersion.targets(2437,5): warning MSB3277:         C:\Program Files\Autodesk\Revit 2026\BuildingSystemsDBAPI.dll [C:\Users\DELL\source\repos\antiGGGravity\antiGGGravity.csproj]
C:\Program Files\dotnet\sdk\10.0.103\Microsoft.Common.CurrentVersion.targets(2437,5): warning MSB3277:           Project file item includes which caused reference "C:\Program Files\Autodesk\Revit 2026\BuildingSystemsDBAPI.dll". [C:\Users\DELL\source\repos\antiGGGravity\antiGGGravity.csproj]
C:\Program Files\dotnet\sdk\10.0.103\Microsoft.Common.CurrentVersion.targets(2437,5): warning MSB3277:             RevitAPI [C:\Users\DELL\source\repos\antiGGGravity\antiGGGravity.csproj]
C:\Program Files\dotnet\sdk\10.0.103\Microsoft.Common.CurrentVersion.targets(2437,5): warning MSB3277:             RevitAPIUI [C:\Users\DELL\source\repos\antiGGGravity\antiGGGravity.csproj]
C:\Program Files\dotnet\sdk\10.0.103\Microsoft.Common.CurrentVersion.targets(2437,5): warning MSB3277:         C:\Program Files\Autodesk\Revit 2026\HostObjDBAPI.dll [C:\Users\DELL\source\repos\antiGGGravity\antiGGGravity.csproj]
C:\Program Files\dotnet\sdk\10.0.103\Microsoft.Common.CurrentVersion.targets(2437,5): warning MSB3277:           Project file item includes which caused reference "C:\Program Files\Autodesk\Revit 2026\HostObjDBAPI.dll". [C:\Users\DELL\source\repos\antiGGGravity\antiGGGravity.csproj]
C:\Program Files\dotnet\sdk\10.0.103\Microsoft.Common.CurrentVersion.targets(2437,5): warning MSB3277:             RevitAPI [C:\Users\DELL\source\repos\antiGGGravity\antiGGGravity.csproj]
C:\Program Files\dotnet\sdk\10.0.103\Microsoft.Common.CurrentVersion.targets(2437,5): warning MSB3277:             RevitAPIUI [C:\Users\DELL\source\repos\antiGGGravity\antiGGGravity.csproj]
C:\Program Files\dotnet\sdk\10.0.103\Microsoft.Common.CurrentVersion.targets(2437,5): warning MSB3277:         C:\Program Files\Autodesk\Revit 2026\RoomAreaPlanDBAPI.dll [C:\Users\DELL\source\repos\antiGGGravity\antiGGGravity.csproj]
C:\Program Files\dotnet\sdk\10.0.103\Microsoft.Common.CurrentVersion.targets(2437,5): warning MSB3277:           Project file item includes which caused reference "C:\Program Files\Autodesk\Revit 2026\RoomAreaPlanDBAPI.dll". [C:\Users\DELL\source\repos\antiGGGravity\antiGGGravity.csproj]
C:\Program Files\dotnet\sdk\10.0.103\Microsoft.Common.CurrentVersion.targets(2437,5): warning MSB3277:             RevitAPI [C:\Users\DELL\source\repos\antiGGGravity\antiGGGravity.csproj]
C:\Program Files\dotnet\sdk\10.0.103\Microsoft.Common.CurrentVersion.targets(2437,5): warning MSB3277:             RevitAPIUI [C:\Users\DELL\source\repos\antiGGGravity\antiGGGravity.csproj]
C:\Program Files\dotnet\sdk\10.0.103\Microsoft.Common.CurrentVersion.targets(2437,5): warning MSB3277:         C:\Program Files\Autodesk\Revit 2026\SiteDBAPI.dll [C:\Users\DELL\source\repos\antiGGGravity\antiGGGravity.csproj]
C:\Program Files\dotnet\sdk\10.0.103\Microsoft.Common.CurrentVersion.targets(2437,5): warning MSB3277:           Project file item includes which caused reference "C:\Program Files\Autodesk\Revit 2026\SiteDBAPI.dll". [C:\Users\DELL\source\repos\antiGGGravity\antiGGGravity.csproj]
C:\Program Files\dotnet\sdk\10.0.103\Microsoft.Common.CurrentVersion.targets(2437,5): warning MSB3277:             RevitAPI [C:\Users\DELL\source\repos\antiGGGravity\antiGGGravity.csproj]
C:\Program Files\dotnet\sdk\10.0.103\Microsoft.Common.CurrentVersion.targets(2437,5): warning MSB3277:             RevitAPIUI [C:\Users\DELL\source\repos\antiGGGravity\antiGGGravity.csproj]
C:\Program Files\dotnet\sdk\10.0.103\Microsoft.Common.CurrentVersion.targets(2437,5): warning MSB3277:         C:\Program Files\Autodesk\Revit 2026\SculptingDBAPI.dll [C:\Users\DELL\source\repos\antiGGGravity\antiGGGravity.csproj]
C:\Program Files\dotnet\sdk\10.0.103\Microsoft.Common.CurrentVersion.targets(2437,5): warning MSB3277:           Project file item includes which caused reference "C:\Program Files\Autodesk\Revit 2026\SculptingDBAPI.dll". [C:\Users\DELL\source\repos\antiGGGravity\antiGGGravity.csproj]
C:\Program Files\dotnet\sdk\10.0.103\Microsoft.Common.CurrentVersion.targets(2437,5): warning MSB3277:             RevitAPI [C:\Users\DELL\source\repos\antiGGGravity\antiGGGravity.csproj]
C:\Program Files\dotnet\sdk\10.0.103\Microsoft.Common.CurrentVersion.targets(2437,5): warning MSB3277:             RevitAPIUI [C:\Users\DELL\source\repos\antiGGGravity\antiGGGravity.csproj]
C:\Program Files\dotnet\sdk\10.0.103\Microsoft.Common.CurrentVersion.targets(2437,5): warning MSB3277:         C:\Program Files\Autodesk\Revit 2026\InterfaceAPI.dll [C:\Users\DELL\source\repos\antiGGGravity\antiGGGravity.csproj]
C:\Program Files\dotnet\sdk\10.0.103\Microsoft.Common.CurrentVersion.targets(2437,5): warning MSB3277:           Project file item includes which caused reference "C:\Program Files\Autodesk\Revit 2026\InterfaceAPI.dll". [C:\Users\DELL\source\repos\antiGGGravity\antiGGGravity.csproj]
C:\Program Files\dotnet\sdk\10.0.103\Microsoft.Common.CurrentVersion.targets(2437,5): warning MSB3277:             RevitAPI [C:\Users\DELL\source\repos\antiGGGravity\antiGGGravity.csproj]
C:\Program Files\dotnet\sdk\10.0.103\Microsoft.Common.CurrentVersion.targets(2437,5): warning MSB3277:             RevitAPIUI [C:\Users\DELL\source\repos\antiGGGravity\antiGGGravity.csproj]
C:\Program Files\dotnet\sdk\10.0.103\Microsoft.Common.CurrentVersion.targets(2437,5): warning MSB3277:             StructuralDBAPI [C:\Users\DELL\source\repos\antiGGGravity\antiGGGravity.csproj]
C:\Program Files\dotnet\sdk\10.0.103\Microsoft.Common.CurrentVersion.targets(2437,5): warning MSB3277:         C:\Program Files\Autodesk\Revit 2026\InterfaceUtilAPI.dll [C:\Users\DELL\source\repos\antiGGGravity\antiGGGravity.csproj]
C:\Program Files\dotnet\sdk\10.0.103\Microsoft.Common.CurrentVersion.targets(2437,5): warning MSB3277:           Project file item includes which caused reference "C:\Program Files\Autodesk\Revit 2026\InterfaceUtilAPI.dll". [C:\Users\DELL\source\repos\antiGGGravity\antiGGGravity.csproj]
C:\Program Files\dotnet\sdk\10.0.103\Microsoft.Common.CurrentVersion.targets(2437,5): warning MSB3277:             RevitAPI [C:\Users\DELL\source\repos\antiGGGravity\antiGGGravity.csproj]
C:\Program Files\dotnet\sdk\10.0.103\Microsoft.Common.CurrentVersion.targets(2437,5): warning MSB3277:             RevitAPIUI [C:\Users\DELL\source\repos\antiGGGravity\antiGGGravity.csproj]
C:\Program Files\dotnet\sdk\10.0.103\Microsoft.Common.CurrentVersion.targets(2437,5): warning MSB3277:         C:\Program Files\Autodesk\Revit 2026\RebarDBAPI.dll [C:\Users\DELL\source\repos\antiGGGravity\antiGGGravity.csproj]
C:\Program Files\dotnet\sdk\10.0.103\Microsoft.Common.CurrentVersion.targets(2437,5): warning MSB3277:           Project file item includes which caused reference "C:\Program Files\Autodesk\Revit 2026\RebarDBAPI.dll". [C:\Users\DELL\source\repos\antiGGGravity\antiGGGravity.csproj]
C:\Program Files\dotnet\sdk\10.0.103\Microsoft.Common.CurrentVersion.targets(2437,5): warning MSB3277:             RevitAPI [C:\Users\DELL\source\repos\antiGGGravity\antiGGGravity.csproj]
C:\Program Files\dotnet\sdk\10.0.103\Microsoft.Common.CurrentVersion.targets(2437,5): warning MSB3277:             RevitAPIUI [C:\Users\DELL\source\repos\antiGGGravity\antiGGGravity.csproj]
C:\Program Files\dotnet\sdk\10.0.103\Microsoft.Common.CurrentVersion.targets(2437,5): warning MSB3277:         C:\Program Files\Autodesk\Revit 2026\StructuralAnalysisDBAPI.dll [C:\Users\DELL\source\repos\antiGGGravity\antiGGGravity.csproj]
C:\Program Files\dotnet\sdk\10.0.103\Microsoft.Common.CurrentVersion.targets(2437,5): warning MSB3277:           Project file item includes which caused reference "C:\Program Files\Autodesk\Revit 2026\StructuralAnalysisDBAPI.dll". [C:\Users\DELL\source\repos\antiGGGravity\antiGGGravity.csproj]
C:\Program Files\dotnet\sdk\10.0.103\Microsoft.Common.CurrentVersion.targets(2437,5): warning MSB3277:             RevitAPI [C:\Users\DELL\source\repos\antiGGGravity\antiGGGravity.csproj]
C:\Program Files\dotnet\sdk\10.0.103\Microsoft.Common.CurrentVersion.targets(2437,5): warning MSB3277:             RevitAPIUI [C:\Users\DELL\source\repos\antiGGGravity\antiGGGravity.csproj]
C:\Program Files\dotnet\sdk\10.0.103\Microsoft.Common.CurrentVersion.targets(2437,5): warning MSB3277:         C:\Program Files\Autodesk\Revit 2026\MassingDBAPI.dll [C:\Users\DELL\source\repos\antiGGGravity\antiGGGravity.csproj]
C:\Program Files\dotnet\sdk\10.0.103\Microsoft.Common.CurrentVersion.targets(2437,5): warning MSB3277:           Project file item includes which caused reference "C:\Program Files\Autodesk\Revit 2026\MassingDBAPI.dll". [C:\Users\DELL\source\repos\antiGGGravity\antiGGGravity.csproj]
C:\Program Files\dotnet\sdk\10.0.103\Microsoft.Common.CurrentVersion.targets(2437,5): warning MSB3277:             RevitAPI [C:\Users\DELL\source\repos\antiGGGravity\antiGGGravity.csproj]
C:\Program Files\dotnet\sdk\10.0.103\Microsoft.Common.CurrentVersion.targets(2437,5): warning MSB3277:             RevitAPIUI [C:\Users\DELL\source\repos\antiGGGravity\antiGGGravity.csproj]
C:\Program Files\dotnet\sdk\10.0.103\Microsoft.Common.CurrentVersion.targets(2437,5): warning MSB3277:         C:\Program Files\Autodesk\Revit 2026\AssemblyDBAPI.dll [C:\Users\DELL\source\repos\antiGGGravity\antiGGGravity.csproj]
C:\Program Files\dotnet\sdk\10.0.103\Microsoft.Common.CurrentVersion.targets(2437,5): warning MSB3277:           Project file item includes which caused reference "C:\Program Files\Autodesk\Revit 2026\AssemblyDBAPI.dll". [C:\Users\DELL\source\repos\antiGGGravity\antiGGGravity.csproj]
C:\Program Files\dotnet\sdk\10.0.103\Microsoft.Common.CurrentVersion.targets(2437,5): warning MSB3277:             RevitAPI [C:\Users\DELL\source\repos\antiGGGravity\antiGGGravity.csproj]
C:\Program Files\dotnet\sdk\10.0.103\Microsoft.Common.CurrentVersion.targets(2437,5): warning MSB3277:             RevitAPIUI [C:\Users\DELL\source\repos\antiGGGravity\antiGGGravity.csproj]
C:\Program Files\dotnet\sdk\10.0.103\Microsoft.Common.CurrentVersion.targets(2437,5): warning MSB3277:         C:\Program Files\Autodesk\Revit 2026\DPartDBAPI.dll [C:\Users\DELL\source\repos\antiGGGravity\antiGGGravity.csproj]
C:\Program Files\dotnet\sdk\10.0.103\Microsoft.Common.CurrentVersion.targets(2437,5): warning MSB3277:           Project file item includes which caused reference "C:\Program Files\Autodesk\Revit 2026\DPartDBAPI.dll". [C:\Users\DELL\source\repos\antiGGGravity\antiGGGravity.csproj]
C:\Program Files\dotnet\sdk\10.0.103\Microsoft.Common.CurrentVersion.targets(2437,5): warning MSB3277:             RevitAPI [C:\Users\DELL\source\repos\antiGGGravity\antiGGGravity.csproj]
C:\Program Files\dotnet\sdk\10.0.103\Microsoft.Common.CurrentVersion.targets(2437,5): warning MSB3277:             RevitAPIUI [C:\Users\DELL\source\repos\antiGGGravity\antiGGGravity.csproj]
C:\Program Files\dotnet\sdk\10.0.103\Microsoft.Common.CurrentVersion.targets(2437,5): warning MSB3277:         C:\Program Files\Autodesk\Revit 2026\NumberingDBAPI.dll [C:\Users\DELL\source\repos\antiGGGravity\antiGGGravity.csproj]
C:\Program Files\dotnet\sdk\10.0.103\Microsoft.Common.CurrentVersion.targets(2437,5): warning MSB3277:           Project file item includes which caused reference "C:\Program Files\Autodesk\Revit 2026\NumberingDBAPI.dll". [C:\Users\DELL\source\repos\antiGGGravity\antiGGGravity.csproj]
C:\Program Files\dotnet\sdk\10.0.103\Microsoft.Common.CurrentVersion.targets(2437,5): warning MSB3277:             RevitAPI [C:\Users\DELL\source\repos\antiGGGravity\antiGGGravity.csproj]
C:\Program Files\dotnet\sdk\10.0.103\Microsoft.Common.CurrentVersion.targets(2437,5): warning MSB3277:             RevitAPIUI [C:\Users\DELL\source\repos\antiGGGravity\antiGGGravity.csproj]
C:\Program Files\dotnet\sdk\10.0.103\Microsoft.Common.CurrentVersion.targets(2437,5): warning MSB3277:         C:\Program Files\Autodesk\Revit 2026\PointCloudAccessAPI.dll [C:\Users\DELL\source\repos\antiGGGravity\antiGGGravity.csproj]
C:\Program Files\dotnet\sdk\10.0.103\Microsoft.Common.CurrentVersion.targets(2437,5): warning MSB3277:           Project file item includes which caused reference "C:\Program Files\Autodesk\Revit 2026\PointCloudAccessAPI.dll". [C:\Users\DELL\source\repos\antiGGGravity\antiGGGravity.csproj]
C:\Program Files\dotnet\sdk\10.0.103\Microsoft.Common.CurrentVersion.targets(2437,5): warning MSB3277:             RevitAPI [C:\Users\DELL\source\repos\antiGGGravity\antiGGGravity.csproj]
C:\Program Files\dotnet\sdk\10.0.103\Microsoft.Common.CurrentVersion.targets(2437,5): warning MSB3277:             RevitAPIUI [C:\Users\DELL\source\repos\antiGGGravity\antiGGGravity.csproj]
C:\Program Files\dotnet\sdk\10.0.103\Microsoft.Common.CurrentVersion.targets(2437,5): warning MSB3277:             StructuralDBAPI [C:\Users\DELL\source\repos\antiGGGravity\antiGGGravity.csproj]
C:\Program Files\dotnet\sdk\10.0.103\Microsoft.Common.CurrentVersion.targets(2437,5): warning MSB3277:         C:\Program Files\Autodesk\Revit 2026\StairRampDBAPI.dll [C:\Users\DELL\source\repos\antiGGGravity\antiGGGravity.csproj]
C:\Program Files\dotnet\sdk\10.0.103\Microsoft.Common.CurrentVersion.targets(2437,5): warning MSB3277:           Project file item includes which caused reference "C:\Program Files\Autodesk\Revit 2026\StairRampDBAPI.dll". [C:\Users\DELL\source\repos\antiGGGravity\antiGGGravity.csproj]
C:\Program Files\dotnet\sdk\10.0.103\Microsoft.Common.CurrentVersion.targets(2437,5): warning MSB3277:             RevitAPI [C:\Users\DELL\source\repos\antiGGGravity\antiGGGravity.csproj]
C:\Program Files\dotnet\sdk\10.0.103\Microsoft.Common.CurrentVersion.targets(2437,5): warning MSB3277:             RevitAPIUI [C:\Users\DELL\source\repos\antiGGGravity\antiGGGravity.csproj]
C:\Program Files\dotnet\sdk\10.0.103\Microsoft.Common.CurrentVersion.targets(2437,5): warning MSB3277:         C:\Program Files\Autodesk\Revit 2026\AnalysisAppsDBAPI.dll [C:\Users\DELL\source\repos\antiGGGravity\antiGGGravity.csproj]
C:\Program Files\dotnet\sdk\10.0.103\Microsoft.Common.CurrentVersion.targets(2437,5): warning MSB3277:           Project file item includes which caused reference "C:\Program Files\Autodesk\Revit 2026\AnalysisAppsDBAPI.dll". [C:\Users\DELL\source\repos\antiGGGravity\antiGGGravity.csproj]
C:\Program Files\dotnet\sdk\10.0.103\Microsoft.Common.CurrentVersion.targets(2437,5): warning MSB3277:             RevitAPI [C:\Users\DELL\source\repos\antiGGGravity\antiGGGravity.csproj]
C:\Program Files\dotnet\sdk\10.0.103\Microsoft.Common.CurrentVersion.targets(2437,5): warning MSB3277:             RevitAPIUI [C:\Users\DELL\source\repos\antiGGGravity\antiGGGravity.csproj]
C:\Program Files\dotnet\sdk\10.0.103\Microsoft.Common.CurrentVersion.targets(2437,5): warning MSB3277:         C:\Program Files\Autodesk\Revit 2026\MaterialDBAPI.dll [C:\Users\DELL\source\repos\antiGGGravity\antiGGGravity.csproj]
C:\Program Files\dotnet\sdk\10.0.103\Microsoft.Common.CurrentVersion.targets(2437,5): warning MSB3277:           Project file item includes which caused reference "C:\Program Files\Autodesk\Revit 2026\MaterialDBAPI.dll". [C:\Users\DELL\source\repos\antiGGGravity\antiGGGravity.csproj]
C:\Program Files\dotnet\sdk\10.0.103\Microsoft.Common.CurrentVersion.targets(2437,5): warning MSB3277:             RevitAPI [C:\Users\DELL\source\repos\antiGGGravity\antiGGGravity.csproj]
C:\Program Files\dotnet\sdk\10.0.103\Microsoft.Common.CurrentVersion.targets(2437,5): warning MSB3277:             RevitAPIUI [C:\Users\DELL\source\repos\antiGGGravity\antiGGGravity.csproj]
C:\Program Files\dotnet\sdk\10.0.103\Microsoft.Common.CurrentVersion.targets(2437,5): warning MSB3277:         C:\Program Files\Autodesk\Revit 2026\IntfATFAPI.dll [C:\Users\DELL\source\repos\antiGGGravity\antiGGGravity.csproj]
C:\Program Files\dotnet\sdk\10.0.103\Microsoft.Common.CurrentVersion.targets(2437,5): warning MSB3277:           Project file item includes which caused reference "C:\Program Files\Autodesk\Revit 2026\IntfATFAPI.dll". [C:\Users\DELL\source\repos\antiGGGravity\antiGGGravity.csproj]
C:\Program Files\dotnet\sdk\10.0.103\Microsoft.Common.CurrentVersion.targets(2437,5): warning MSB3277:             RevitAPI [C:\Users\DELL\source\repos\antiGGGravity\antiGGGravity.csproj]
C:\Program Files\dotnet\sdk\10.0.103\Microsoft.Common.CurrentVersion.targets(2437,5): warning MSB3277:             RevitAPIUI [C:\Users\DELL\source\repos\antiGGGravity\antiGGGravity.csproj]
C:\Program Files\dotnet\sdk\10.0.103\Microsoft.Common.CurrentVersion.targets(2437,5): warning MSB3277:         C:\Program Files\Autodesk\Revit 2026\TextEngineAPI.dll [C:\Users\DELL\source\repos\antiGGGravity\antiGGGravity.csproj]
C:\Program Files\dotnet\sdk\10.0.103\Microsoft.Common.CurrentVersion.targets(2437,5): warning MSB3277:           Project file item includes which caused reference "C:\Program Files\Autodesk\Revit 2026\TextEngineAPI.dll". [C:\Users\DELL\source\repos\antiGGGravity\antiGGGravity.csproj]
C:\Program Files\dotnet\sdk\10.0.103\Microsoft.Common.CurrentVersion.targets(2437,5): warning MSB3277:             RevitAPI [C:\Users\DELL\source\repos\antiGGGravity\antiGGGravity.csproj]
C:\Program Files\dotnet\sdk\10.0.103\Microsoft.Common.CurrentVersion.targets(2437,5): warning MSB3277:             RevitAPIUI [C:\Users\DELL\source\repos\antiGGGravity\antiGGGravity.csproj]
C:\Program Files\dotnet\sdk\10.0.103\Microsoft.Common.CurrentVersion.targets(2437,5): warning MSB3277:         C:\Program Files\Autodesk\Revit 2026\InfrastructureDBAPI.dll [C:\Users\DELL\source\repos\antiGGGravity\antiGGGravity.csproj]
C:\Program Files\dotnet\sdk\10.0.103\Microsoft.Common.CurrentVersion.targets(2437,5): warning MSB3277:           Project file item includes which caused reference "C:\Program Files\Autodesk\Revit 2026\InfrastructureDBAPI.dll". [C:\Users\DELL\source\repos\antiGGGravity\antiGGGravity.csproj]
C:\Program Files\dotnet\sdk\10.0.103\Microsoft.Common.CurrentVersion.targets(2437,5): warning MSB3277:             RevitAPI [C:\Users\DELL\source\repos\antiGGGravity\antiGGGravity.csproj]
C:\Program Files\dotnet\sdk\10.0.103\Microsoft.Common.CurrentVersion.targets(2437,5): warning MSB3277:             RevitAPIUI [C:\Users\DELL\source\repos\antiGGGravity\antiGGGravity.csproj]
C:\Program Files\dotnet\sdk\10.0.103\Microsoft.Common.CurrentVersion.targets(2437,5): warning MSB3277:         C:\Program Files\Autodesk\Revit 2026\ATFRevitCoreAPI.dll [C:\Users\DELL\source\repos\antiGGGravity\antiGGGravity.csproj]
C:\Program Files\dotnet\sdk\10.0.103\Microsoft.Common.CurrentVersion.targets(2437,5): warning MSB3277:           Project file item includes which caused reference "C:\Program Files\Autodesk\Revit 2026\ATFRevitCoreAPI.dll". [C:\Users\DELL\source\repos\antiGGGravity\antiGGGravity.csproj]
C:\Program Files\dotnet\sdk\10.0.103\Microsoft.Common.CurrentVersion.targets(2437,5): warning MSB3277:             RevitAPI [C:\Users\DELL\source\repos\antiGGGravity\antiGGGravity.csproj]
C:\Program Files\dotnet\sdk\10.0.103\Microsoft.Common.CurrentVersion.targets(2437,5): warning MSB3277:             RevitAPIUI [C:\Users\DELL\source\repos\antiGGGravity\antiGGGravity.csproj]
C:\Program Files\dotnet\sdk\10.0.103\Microsoft.Common.CurrentVersion.targets(2437,5): warning MSB3277:             StructuralDBAPI [C:\Users\DELL\source\repos\antiGGGravity\antiGGGravity.csproj]
C:\Program Files\dotnet\sdk\10.0.103\Microsoft.Common.CurrentVersion.targets(2437,5): warning MSB3277:         C:\Program Files\Autodesk\Revit 2026\DBManagedServices.dll [C:\Users\DELL\source\repos\antiGGGravity\antiGGGravity.csproj]
C:\Program Files\dotnet\sdk\10.0.103\Microsoft.Common.CurrentVersion.targets(2437,5): warning MSB3277:           Project file item includes which caused reference "C:\Program Files\Autodesk\Revit 2026\DBManagedServices.dll". [C:\Users\DELL\source\repos\antiGGGravity\antiGGGravity.csproj]
C:\Program Files\dotnet\sdk\10.0.103\Microsoft.Common.CurrentVersion.targets(2437,5): warning MSB3277:             RevitAPI [C:\Users\DELL\source\repos\antiGGGravity\antiGGGravity.csproj]
C:\Program Files\dotnet\sdk\10.0.103\Microsoft.Common.CurrentVersion.targets(2437,5): warning MSB3277:             RevitAPIUI [C:\Users\DELL\source\repos\antiGGGravity\antiGGGravity.csproj]
C:\Program Files\dotnet\sdk\10.0.103\Microsoft.Common.CurrentVersion.targets(2437,5): warning MSB3277:         C:\Program Files\Autodesk\Revit 2026\APIInterop.dll [C:\Users\DELL\source\repos\antiGGGravity\antiGGGravity.csproj]
C:\Program Files\dotnet\sdk\10.0.103\Microsoft.Common.CurrentVersion.targets(2437,5): warning MSB3277:           Project file item includes which caused reference "C:\Program Files\Autodesk\Revit 2026\APIInterop.dll". [C:\Users\DELL\source\repos\antiGGGravity\antiGGGravity.csproj]
C:\Program Files\dotnet\sdk\10.0.103\Microsoft.Common.CurrentVersion.targets(2437,5): warning MSB3277:             RevitAPIUI [C:\Users\DELL\source\repos\antiGGGravity\antiGGGravity.csproj]
C:\Program Files\dotnet\sdk\10.0.103\Microsoft.Common.CurrentVersion.targets(2437,5): warning MSB3277:         C:\Program Files\Autodesk\Revit 2026\AddInManager.dll [C:\Users\DELL\source\repos\antiGGGravity\antiGGGravity.csproj]
C:\Program Files\dotnet\sdk\10.0.103\Microsoft.Common.CurrentVersion.targets(2437,5): warning MSB3277:           Project file item includes which caused reference "C:\Program Files\Autodesk\Revit 2026\AddInManager.dll". [C:\Users\DELL\source\repos\antiGGGravity\antiGGGravity.csproj]
C:\Program Files\dotnet\sdk\10.0.103\Microsoft.Common.CurrentVersion.targets(2437,5): warning MSB3277:             RevitAPIUI [C:\Users\DELL\source\repos\antiGGGravity\antiGGGravity.csproj]
C:\Program Files\dotnet\sdk\10.0.103\Microsoft.Common.CurrentVersion.targets(2437,5): warning MSB3277:         C:\Program Files\Autodesk\Revit 2026\RevitUIAPI.dll [C:\Users\DELL\source\repos\antiGGGravity\antiGGGravity.csproj]
C:\Program Files\dotnet\sdk\10.0.103\Microsoft.Common.CurrentVersion.targets(2437,5): warning MSB3277:           Project file item includes which caused reference "C:\Program Files\Autodesk\Revit 2026\RevitUIAPI.dll". [C:\Users\DELL\source\repos\antiGGGravity\antiGGGravity.csproj]
C:\Program Files\dotnet\sdk\10.0.103\Microsoft.Common.CurrentVersion.targets(2437,5): warning MSB3277:             RevitAPIUI [C:\Users\DELL\source\repos\antiGGGravity\antiGGGravity.csproj]
C:\Program Files\dotnet\sdk\10.0.103\Microsoft.Common.CurrentVersion.targets(2437,5): warning MSB3277:         C:\Program Files\Autodesk\Revit 2026\BuildingSystemsUIAPI.dll [C:\Users\DELL\source\repos\antiGGGravity\antiGGGravity.csproj]
C:\Program Files\dotnet\sdk\10.0.103\Microsoft.Common.CurrentVersion.targets(2437,5): warning MSB3277:           Project file item includes which caused reference "C:\Program Files\Autodesk\Revit 2026\BuildingSystemsUIAPI.dll". [C:\Users\DELL\source\repos\antiGGGravity\antiGGGravity.csproj]
C:\Program Files\dotnet\sdk\10.0.103\Microsoft.Common.CurrentVersion.targets(2437,5): warning MSB3277:             RevitAPIUI [C:\Users\DELL\source\repos\antiGGGravity\antiGGGravity.csproj]
C:\Program Files\dotnet\sdk\10.0.103\Microsoft.Common.CurrentVersion.targets(2437,5): warning MSB3277:         C:\Program Files\Autodesk\Revit 2026\DesktopMFCAPI.dll [C:\Users\DELL\source\repos\antiGGGravity\antiGGGravity.csproj]
C:\Program Files\dotnet\sdk\10.0.103\Microsoft.Common.CurrentVersion.targets(2437,5): warning MSB3277:           Project file item includes which caused reference "C:\Program Files\Autodesk\Revit 2026\DesktopMFCAPI.dll". [C:\Users\DELL\source\repos\antiGGGravity\antiGGGravity.csproj]
C:\Program Files\dotnet\sdk\10.0.103\Microsoft.Common.CurrentVersion.targets(2437,5): warning MSB3277:             RevitAPIUI [C:\Users\DELL\source\repos\antiGGGravity\antiGGGravity.csproj]
C:\Program Files\dotnet\sdk\10.0.103\Microsoft.Common.CurrentVersion.targets(2437,5): warning MSB3277:         C:\Program Files\Autodesk\Revit 2026\APIUIAPI.dll [C:\Users\DELL\source\repos\antiGGGravity\antiGGGravity.csproj]
C:\Program Files\dotnet\sdk\10.0.103\Microsoft.Common.CurrentVersion.targets(2437,5): warning MSB3277:           Project file item includes which caused reference "C:\Program Files\Autodesk\Revit 2026\APIUIAPI.dll". [C:\Users\DELL\source\repos\antiGGGravity\antiGGGravity.csproj]
C:\Program Files\dotnet\sdk\10.0.103\Microsoft.Common.CurrentVersion.targets(2437,5): warning MSB3277:             RevitAPIUI [C:\Users\DELL\source\repos\antiGGGravity\antiGGGravity.csproj]
C:\Program Files\dotnet\sdk\10.0.103\Microsoft.Common.CurrentVersion.targets(2437,5): warning MSB3277:         C:\Program Files\Autodesk\Revit 2026\RevitMFCAPI.dll [C:\Users\DELL\source\repos\antiGGGravity\antiGGGravity.csproj]
C:\Program Files\dotnet\sdk\10.0.103\Microsoft.Common.CurrentVersion.targets(2437,5): warning MSB3277:           Project file item includes which caused reference "C:\Program Files\Autodesk\Revit 2026\RevitMFCAPI.dll". [C:\Users\DELL\source\repos\antiGGGravity\antiGGGravity.csproj]
C:\Program Files\dotnet\sdk\10.0.103\Microsoft.Common.CurrentVersion.targets(2437,5): warning MSB3277:             RevitAPIUI [C:\Users\DELL\source\repos\antiGGGravity\antiGGGravity.csproj]
C:\Program Files\dotnet\sdk\10.0.103\Microsoft.Common.CurrentVersion.targets(2437,5): warning MSB3277:         C:\Program Files\Autodesk\Revit 2026\EssentialsUIAPI.dll [C:\Users\DELL\source\repos\antiGGGravity\antiGGGravity.csproj]
C:\Program Files\dotnet\sdk\10.0.103\Microsoft.Common.CurrentVersion.targets(2437,5): warning MSB3277:           Project file item includes which caused reference "C:\Program Files\Autodesk\Revit 2026\EssentialsUIAPI.dll". [C:\Users\DELL\source\repos\antiGGGravity\antiGGGravity.csproj]
C:\Program Files\dotnet\sdk\10.0.103\Microsoft.Common.CurrentVersion.targets(2437,5): warning MSB3277:             RevitAPIUI [C:\Users\DELL\source\repos\antiGGGravity\antiGGGravity.csproj]
C:\Program Files\dotnet\sdk\10.0.103\Microsoft.Common.CurrentVersion.targets(2437,5): warning MSB3277:         C:\Program Files\Autodesk\Revit 2026\DetailUIAPI.dll [C:\Users\DELL\source\repos\antiGGGravity\antiGGGravity.csproj]
C:\Program Files\dotnet\sdk\10.0.103\Microsoft.Common.CurrentVersion.targets(2437,5): warning MSB3277:           Project file item includes which caused reference "C:\Program Files\Autodesk\Revit 2026\DetailUIAPI.dll". [C:\Users\DELL\source\repos\antiGGGravity\antiGGGravity.csproj]
C:\Program Files\dotnet\sdk\10.0.103\Microsoft.Common.CurrentVersion.targets(2437,5): warning MSB3277:             RevitAPIUI [C:\Users\DELL\source\repos\antiGGGravity\antiGGGravity.csproj]
C:\Program Files\dotnet\sdk\10.0.103\Microsoft.Common.CurrentVersion.targets(2437,5): warning MSB3277:         C:\Program Files\Autodesk\Revit 2026\UIFrameworkServices.dll [C:\Users\DELL\source\repos\antiGGGravity\antiGGGravity.csproj]
C:\Program Files\dotnet\sdk\10.0.103\Microsoft.Common.CurrentVersion.targets(2437,5): warning MSB3277:           Project file item includes which caused reference "C:\Program Files\Autodesk\Revit 2026\UIFrameworkServices.dll". [C:\Users\DELL\source\repos\antiGGGravity\antiGGGravity.csproj]
C:\Program Files\dotnet\sdk\10.0.103\Microsoft.Common.CurrentVersion.targets(2437,5): warning MSB3277:             RevitAPIUI [C:\Users\DELL\source\repos\antiGGGravity\antiGGGravity.csproj]
C:\Program Files\dotnet\sdk\10.0.103\Microsoft.Common.CurrentVersion.targets(2437,5): warning MSB3277:         C:\Program Files\Autodesk\Revit 2026\SSONET.dll [C:\Users\DELL\source\repos\antiGGGravity\antiGGGravity.csproj]
C:\Program Files\dotnet\sdk\10.0.103\Microsoft.Common.CurrentVersion.targets(2437,5): warning MSB3277:           Project file item includes which caused reference "C:\Program Files\Autodesk\Revit 2026\SSONET.dll". [C:\Users\DELL\source\repos\antiGGGravity\antiGGGravity.csproj]
C:\Program Files\dotnet\sdk\10.0.103\Microsoft.Common.CurrentVersion.targets(2437,5): warning MSB3277:             RevitAPIUI [C:\Users\DELL\source\repos\antiGGGravity\antiGGGravity.csproj]
C:\Users\DELL\source\repos\antiGGGravity\Views\Management\DuplicateSheetsView.xaml.cs(80,38): warning CS0168: The variable 'ex' is declared but never used [C:\Users\DELL\source\repos\antiGGGravity\antiGGGravity.csproj]
C:\Users\DELL\source\repos\antiGGGravity\Views\Overrides\ColorSplashHandler.cs(203,28): warning CS0219: The variable 'rowHeight' is assigned but its value is never used [C:\Users\DELL\source\repos\antiGGGravity\antiGGGravity.csproj]
C:\Users\DELL\source\repos\antiGGGravity\Commands\Rebar\WallRebarCommand.cs(218,13): warning CS0618: 'RebarHookOrientation' is obsolete: 'This enumeration is deprecated in Revit 2026 and may be removed in a later version of Revit. You can use RebarTerminationOrientation enumeration instead.' [C:\Users\DELL\source\repos\antiGGGravity\antiGGGravity.csproj]
C:\Users\DELL\source\repos\antiGGGravity\Commands\Rebar\WallRebarCommand.cs(221,38): warning CS0618: 'RebarHookOrientation' is obsolete: 'This enumeration is deprecated in Revit 2026 and may be removed in a later version of Revit. You can use RebarTerminationOrientation enumeration instead.' [C:\Users\DELL\source\repos\antiGGGravity\antiGGGravity.csproj]
C:\Users\DELL\source\repos\antiGGGravity\Commands\Rebar\WallRebarCommand.cs(221,67): warning CS0618: 'RebarHookOrientation' is obsolete: 'This enumeration is deprecated in Revit 2026 and may be removed in a later version of Revit. You can use RebarTerminationOrientation enumeration instead.' [C:\Users\DELL\source\repos\antiGGGravity\antiGGGravity.csproj]
C:\Users\DELL\source\repos\antiGGGravity\Commands\Rebar\WallRebarCommand.cs(222,38): warning CS0618: 'RebarHookOrientation' is obsolete: 'This enumeration is deprecated in Revit 2026 and may be removed in a later version of Revit. You can use RebarTerminationOrientation enumeration instead.' [C:\Users\DELL\source\repos\antiGGGravity\antiGGGravity.csproj]
C:\Users\DELL\source\repos\antiGGGravity\Commands\Rebar\WallRebarCommand.cs(222,67): warning CS0618: 'RebarHookOrientation' is obsolete: 'This enumeration is deprecated in Revit 2026 and may be removed in a later version of Revit. You can use RebarTerminationOrientation enumeration instead.' [C:\Users\DELL\source\repos\antiGGGravity\antiGGGravity.csproj]
C:\Users\DELL\source\repos\antiGGGravity\Commands\Rebar\WallRebarCommand.cs(226,38): warning CS0618: 'RebarHookOrientation' is obsolete: 'This enumeration is deprecated in Revit 2026 and may be removed in a later version of Revit. You can use RebarTerminationOrientation enumeration instead.' [C:\Users\DELL\source\repos\antiGGGravity\antiGGGravity.csproj]
C:\Users\DELL\source\repos\antiGGGravity\Commands\Rebar\WallRebarCommand.cs(226,66): warning CS0618: 'RebarHookOrientation' is obsolete: 'This enumeration is deprecated in Revit 2026 and may be removed in a later version of Revit. You can use RebarTerminationOrientation enumeration instead.' [C:\Users\DELL\source\repos\antiGGGravity\antiGGGravity.csproj]
C:\Users\DELL\source\repos\antiGGGravity\Commands\Rebar\WallRebarCommand.cs(227,38): warning CS0618: 'RebarHookOrientation' is obsolete: 'This enumeration is deprecated in Revit 2026 and may be removed in a later version of Revit. You can use RebarTerminationOrientation enumeration instead.' [C:\Users\DELL\source\repos\antiGGGravity\antiGGGravity.csproj]
C:\Users\DELL\source\repos\antiGGGravity\Commands\Rebar\WallRebarCommand.cs(227,66): warning CS0618: 'RebarHookOrientation' is obsolete: 'This enumeration is deprecated in Revit 2026 and may be removed in a later version of Revit. You can use RebarTerminationOrientation enumeration instead.' [C:\Users\DELL\source\repos\antiGGGravity\antiGGGravity.csproj]
C:\Users\DELL\source\repos\antiGGGravity\Commands\Rebar\WallRebarCommand.cs(251,33): warning CS0618: 'Rebar.CreateFromCurves(Document, RebarStyle, RebarBarType, RebarHookType, RebarHookType, Element, XYZ, IList<Curve>, RebarHookOrientation, RebarHookOrientation, bool, bool)' is obsolete: 'This method is deprecated in Revit 2026 and may be removed in a later version of Revit. Please use Rebar.CreateFromCurves(Document doc, RebarStyle style, RebarBarType barType, Element host, XYZ norm, IList<Curve> curves, BarTerminationsData barTerminationsData, bool useExistingShapeIfPossible, bool createNewShape) instead.' [C:\Users\DELL\source\repos\antiGGGravity\antiGGGravity.csproj]
C:\Users\DELL\source\repos\antiGGGravity\Commands\Rebar\WallRebarCommand.cs(279,13): warning CS0618: 'RebarHookOrientation' is obsolete: 'This enumeration is deprecated in Revit 2026 and may be removed in a later version of Revit. You can use RebarTerminationOrientation enumeration instead.' [C:\Users\DELL\source\repos\antiGGGravity\antiGGGravity.csproj]
C:\Users\DELL\source\repos\antiGGGravity\Commands\Rebar\WallRebarCommand.cs(282,38): warning CS0618: 'RebarHookOrientation' is obsolete: 'This enumeration is deprecated in Revit 2026 and may be removed in a later version of Revit. You can use RebarTerminationOrientation enumeration instead.' [C:\Users\DELL\source\repos\antiGGGravity\antiGGGravity.csproj]
C:\Users\DELL\source\repos\antiGGGravity\Commands\Rebar\WallRebarCommand.cs(282,66): warning CS0618: 'RebarHookOrientation' is obsolete: 'This enumeration is deprecated in Revit 2026 and may be removed in a later version of Revit. You can use RebarTerminationOrientation enumeration instead.' [C:\Users\DELL\source\repos\antiGGGravity\antiGGGravity.csproj]
C:\Users\DELL\source\repos\antiGGGravity\Commands\Rebar\WallRebarCommand.cs(283,38): warning CS0618: 'RebarHookOrientation' is obsolete: 'This enumeration is deprecated in Revit 2026 and may be removed in a later version of Revit. You can use RebarTerminationOrientation enumeration instead.' [C:\Users\DELL\source\repos\antiGGGravity\antiGGGravity.csproj]
C:\Users\DELL\source\repos\antiGGGravity\Commands\Rebar\WallRebarCommand.cs(283,66): warning CS0618: 'RebarHookOrientation' is obsolete: 'This enumeration is deprecated in Revit 2026 and may be removed in a later version of Revit. You can use RebarTerminationOrientation enumeration instead.' [C:\Users\DELL\source\repos\antiGGGravity\antiGGGravity.csproj]
C:\Users\DELL\source\repos\antiGGGravity\Commands\Rebar\WallRebarCommand.cs(287,38): warning CS0618: 'RebarHookOrientation' is obsolete: 'This enumeration is deprecated in Revit 2026 and may be removed in a later version of Revit. You can use RebarTerminationOrientation enumeration instead.' [C:\Users\DELL\source\repos\antiGGGravity\antiGGGravity.csproj]
C:\Users\DELL\source\repos\antiGGGravity\Commands\Rebar\WallRebarCommand.cs(287,67): warning CS0618: 'RebarHookOrientation' is obsolete: 'This enumeration is deprecated in Revit 2026 and may be removed in a later version of Revit. You can use RebarTerminationOrientation enumeration instead.' [C:\Users\DELL\source\repos\antiGGGravity\antiGGGravity.csproj]
C:\Users\DELL\source\repos\antiGGGravity\Commands\Rebar\WallRebarCommand.cs(288,38): warning CS0618: 'RebarHookOrientation' is obsolete: 'This enumeration is deprecated in Revit 2026 and may be removed in a later version of Revit. You can use RebarTerminationOrientation enumeration instead.' [C:\Users\DELL\source\repos\antiGGGravity\antiGGGravity.csproj]
C:\Users\DELL\source\repos\antiGGGravity\Commands\Rebar\WallRebarCommand.cs(288,67): warning CS0618: 'RebarHookOrientation' is obsolete: 'This enumeration is deprecated in Revit 2026 and may be removed in a later version of Revit. You can use RebarTerminationOrientation enumeration instead.' [C:\Users\DELL\source\repos\antiGGGravity\antiGGGravity.csproj]
C:\Users\DELL\source\repos\antiGGGravity\Commands\Rebar\WallRebarCommand.cs(310,33): warning CS0618: 'Rebar.CreateFromCurves(Document, RebarStyle, RebarBarType, RebarHookType, RebarHookType, Element, XYZ, IList<Curve>, RebarHookOrientation, RebarHookOrientation, bool, bool)' is obsolete: 'This method is deprecated in Revit 2026 and may be removed in a later version of Revit. Please use Rebar.CreateFromCurves(Document doc, RebarStyle style, RebarBarType barType, Element host, XYZ norm, IList<Curve> curves, BarTerminationsData barTerminationsData, bool useExistingShapeIfPossible, bool createNewShape) instead.' [C:\Users\DELL\source\repos\antiGGGravity\antiGGGravity.csproj]
C:\Users\DELL\source\repos\antiGGGravity\Commands\Rebar\BeamRebarCommand.cs(180,51): warning CS0618: 'RebarHookOrientation' is obsolete: 'This enumeration is deprecated in Revit 2026 and may be removed in a later version of Revit. You can use RebarTerminationOrientation enumeration instead.' [C:\Users\DELL\source\repos\antiGGGravity\antiGGGravity.csproj]
C:\Users\DELL\source\repos\antiGGGravity\Commands\Rebar\BeamRebarCommand.cs(180,78): warning CS0618: 'RebarHookOrientation' is obsolete: 'This enumeration is deprecated in Revit 2026 and may be removed in a later version of Revit. You can use RebarTerminationOrientation enumeration instead.' [C:\Users\DELL\source\repos\antiGGGravity\antiGGGravity.csproj]
C:\Users\DELL\source\repos\antiGGGravity\Commands\Rebar\BeamRebarCommand.cs(179,35): warning CS0618: 'Rebar.CreateFromCurves(Document, RebarStyle, RebarBarType, RebarHookType, RebarHookType, Element, XYZ, IList<Curve>, RebarHookOrientation, RebarHookOrientation, bool, bool)' is obsolete: 'This method is deprecated in Revit 2026 and may be removed in a later version of Revit. Please use Rebar.CreateFromCurves(Document doc, RebarStyle style, RebarBarType barType, Element host, XYZ norm, IList<Curve> curves, BarTerminationsData barTerminationsData, bool useExistingShapeIfPossible, bool createNewShape) instead.' [C:\Users\DELL\source\repos\antiGGGravity\antiGGGravity.csproj]
C:\Users\DELL\source\repos\antiGGGravity\Commands\Rebar\BeamRebarCommand.cs(277,13): warning CS0618: 'RebarHookOrientation' is obsolete: 'This enumeration is deprecated in Revit 2026 and may be removed in a later version of Revit. You can use RebarTerminationOrientation enumeration instead.' [C:\Users\DELL\source\repos\antiGGGravity\antiGGGravity.csproj]
C:\Users\DELL\source\repos\antiGGGravity\Commands\Rebar\BeamRebarCommand.cs(277,51): warning CS0618: 'RebarHookOrientation' is obsolete: 'This enumeration is deprecated in Revit 2026 and may be removed in a later version of Revit. You can use RebarTerminationOrientation enumeration instead.' [C:\Users\DELL\source\repos\antiGGGravity\antiGGGravity.csproj]
C:\Users\DELL\source\repos\antiGGGravity\Commands\Rebar\BeamRebarCommand.cs(277,79): warning CS0618: 'RebarHookOrientation' is obsolete: 'This enumeration is deprecated in Revit 2026 and may be removed in a later version of Revit. You can use RebarTerminationOrientation enumeration instead.' [C:\Users\DELL\source\repos\antiGGGravity\antiGGGravity.csproj]
C:\Users\DELL\source\repos\antiGGGravity\Commands\Rebar\BeamRebarCommand.cs(281,30): warning CS0618: 'Rebar.CreateFromCurves(Document, RebarStyle, RebarBarType, RebarHookType, RebarHookType, Element, XYZ, IList<Curve>, RebarHookOrientation, RebarHookOrientation, bool, bool)' is obsolete: 'This method is deprecated in Revit 2026 and may be removed in a later version of Revit. Please use Rebar.CreateFromCurves(Document doc, RebarStyle style, RebarBarType barType, Element host, XYZ norm, IList<Curve> curves, BarTerminationsData barTerminationsData, bool useExistingShapeIfPossible, bool createNewShape) instead.' [C:\Users\DELL\source\repos\antiGGGravity\antiGGGravity.csproj]
C:\Users\DELL\source\repos\antiGGGravity\Commands\Rebar\WallCornerUCommand.cs(242,13): warning CS0618: 'RebarHookOrientation' is obsolete: 'This enumeration is deprecated in Revit 2026 and may be removed in a later version of Revit. You can use RebarTerminationOrientation enumeration instead.' [C:\Users\DELL\source\repos\antiGGGravity\antiGGGravity.csproj]
C:\Users\DELL\source\repos\antiGGGravity\Commands\Rebar\WallCornerUCommand.cs(242,55): warning CS0618: 'RebarHookOrientation' is obsolete: 'This enumeration is deprecated in Revit 2026 and may be removed in a later version of Revit. You can use RebarTerminationOrientation enumeration instead.' [C:\Users\DELL\source\repos\antiGGGravity\antiGGGravity.csproj]
C:\Users\DELL\source\repos\antiGGGravity\Commands\Rebar\WallCornerUCommand.cs(242,83): warning CS0618: 'RebarHookOrientation' is obsolete: 'This enumeration is deprecated in Revit 2026 and may be removed in a later version of Revit. You can use RebarTerminationOrientation enumeration instead.' [C:\Users\DELL\source\repos\antiGGGravity\antiGGGravity.csproj]
C:\Users\DELL\source\repos\antiGGGravity\Commands\Rebar\WallCornerUCommand.cs(243,13): warning CS0618: 'RebarHookOrientation' is obsolete: 'This enumeration is deprecated in Revit 2026 and may be removed in a later version of Revit. You can use RebarTerminationOrientation enumeration instead.' [C:\Users\DELL\source\repos\antiGGGravity\antiGGGravity.csproj]
C:\Users\DELL\source\repos\antiGGGravity\Commands\Rebar\WallCornerUCommand.cs(243,55): warning CS0618: 'RebarHookOrientation' is obsolete: 'This enumeration is deprecated in Revit 2026 and may be removed in a later version of Revit. You can use RebarTerminationOrientation enumeration instead.' [C:\Users\DELL\source\repos\antiGGGravity\antiGGGravity.csproj]
C:\Users\DELL\source\repos\antiGGGravity\Commands\Rebar\WallCornerUCommand.cs(243,83): warning CS0618: 'RebarHookOrientation' is obsolete: 'This enumeration is deprecated in Revit 2026 and may be removed in a later version of Revit. You can use RebarTerminationOrientation enumeration instead.' [C:\Users\DELL\source\repos\antiGGGravity\antiGGGravity.csproj]
C:\Users\DELL\source\repos\antiGGGravity\Commands\Rebar\WallCornerUCommand.cs(246,33): warning CS0618: 'Rebar.CreateFromCurves(Document, RebarStyle, RebarBarType, RebarHookType, RebarHookType, Element, XYZ, IList<Curve>, RebarHookOrientation, RebarHookOrientation, bool, bool)' is obsolete: 'This method is deprecated in Revit 2026 and may be removed in a later version of Revit. Please use Rebar.CreateFromCurves(Document doc, RebarStyle style, RebarBarType barType, Element host, XYZ norm, IList<Curve> curves, BarTerminationsData barTerminationsData, bool useExistingShapeIfPossible, bool createNewShape) instead.' [C:\Users\DELL\source\repos\antiGGGravity\antiGGGravity.csproj]
C:\Users\DELL\source\repos\antiGGGravity\Commands\Rebar\ColumnRebarCommand.cs(182,17): warning CS0618: 'RebarHookOrientation' is obsolete: 'This enumeration is deprecated in Revit 2026 and may be removed in a later version of Revit. You can use RebarTerminationOrientation enumeration instead.' [C:\Users\DELL\source\repos\antiGGGravity\antiGGGravity.csproj]
C:\Users\DELL\source\repos\antiGGGravity\Commands\Rebar\ColumnRebarCommand.cs(182,44): warning CS0618: 'RebarHookOrientation' is obsolete: 'This enumeration is deprecated in Revit 2026 and may be removed in a later version of Revit. You can use RebarTerminationOrientation enumeration instead.' [C:\Users\DELL\source\repos\antiGGGravity\antiGGGravity.csproj]
C:\Users\DELL\source\repos\antiGGGravity\Commands\Rebar\ColumnRebarCommand.cs(179,32): warning CS0618: 'Rebar.CreateFromCurves(Document, RebarStyle, RebarBarType, RebarHookType, RebarHookType, Element, XYZ, IList<Curve>, RebarHookOrientation, RebarHookOrientation, bool, bool)' is obsolete: 'This method is deprecated in Revit 2026 and may be removed in a later version of Revit. Please use Rebar.CreateFromCurves(Document doc, RebarStyle style, RebarBarType barType, Element host, XYZ norm, IList<Curve> curves, BarTerminationsData barTerminationsData, bool useExistingShapeIfPossible, bool createNewShape) instead.' [C:\Users\DELL\source\repos\antiGGGravity\antiGGGravity.csproj]
C:\Users\DELL\source\repos\antiGGGravity\Commands\Rebar\ColumnRebarCommand.cs(266,25): warning CS0618: 'RebarHookOrientation' is obsolete: 'This enumeration is deprecated in Revit 2026 and may be removed in a later version of Revit. You can use RebarTerminationOrientation enumeration instead.' [C:\Users\DELL\source\repos\antiGGGravity\antiGGGravity.csproj]
C:\Users\DELL\source\repos\antiGGGravity\Commands\Rebar\ColumnRebarCommand.cs(266,75): warning CS0618: 'RebarHookOrientation' is obsolete: 'This enumeration is deprecated in Revit 2026 and may be removed in a later version of Revit. You can use RebarTerminationOrientation enumeration instead.' [C:\Users\DELL\source\repos\antiGGGravity\antiGGGravity.csproj]
C:\Users\DELL\source\repos\antiGGGravity\Commands\Rebar\ColumnRebarCommand.cs(266,103): warning CS0618: 'RebarHookOrientation' is obsolete: 'This enumeration is deprecated in Revit 2026 and may be removed in a later version of Revit. You can use RebarTerminationOrientation enumeration instead.' [C:\Users\DELL\source\repos\antiGGGravity\antiGGGravity.csproj]
C:\Users\DELL\source\repos\antiGGGravity\Commands\Rebar\ColumnRebarCommand.cs(267,25): warning CS0618: 'RebarHookOrientation' is obsolete: 'This enumeration is deprecated in Revit 2026 and may be removed in a later version of Revit. You can use RebarTerminationOrientation enumeration instead.' [C:\Users\DELL\source\repos\antiGGGravity\antiGGGravity.csproj]
C:\Users\DELL\source\repos\antiGGGravity\Commands\Rebar\ColumnRebarCommand.cs(267,75): warning CS0618: 'RebarHookOrientation' is obsolete: 'This enumeration is deprecated in Revit 2026 and may be removed in a later version of Revit. You can use RebarTerminationOrientation enumeration instead.' [C:\Users\DELL\source\repos\antiGGGravity\antiGGGravity.csproj]
C:\Users\DELL\source\repos\antiGGGravity\Commands\Rebar\ColumnRebarCommand.cs(267,103): warning CS0618: 'RebarHookOrientation' is obsolete: 'This enumeration is deprecated in Revit 2026 and may be removed in a later version of Revit. You can use RebarTerminationOrientation enumeration instead.' [C:\Users\DELL\source\repos\antiGGGravity\antiGGGravity.csproj]
C:\Users\DELL\source\repos\antiGGGravity\Commands\Rebar\ColumnRebarCommand.cs(269,42): warning CS0618: 'Rebar.CreateFromCurves(Document, RebarStyle, RebarBarType, RebarHookType, RebarHookType, Element, XYZ, IList<Curve>, RebarHookOrientation, RebarHookOrientation, bool, bool)' is obsolete: 'This method is deprecated in Revit 2026 and may be removed in a later version of Revit. Please use Rebar.CreateFromCurves(Document doc, RebarStyle style, RebarBarType barType, Element host, XYZ norm, IList<Curve> curves, BarTerminationsData barTerminationsData, bool useExistingShapeIfPossible, bool createNewShape) instead.' [C:\Users\DELL\source\repos\antiGGGravity\antiGGGravity.csproj]
C:\Users\DELL\source\repos\antiGGGravity\Commands\Rebar\FootingPadRebarCommand.cs(219,17): warning CS0618: 'RebarHookOrientation' is obsolete: 'This enumeration is deprecated in Revit 2026 and may be removed in a later version of Revit. You can use RebarTerminationOrientation enumeration instead.' [C:\Users\DELL\source\repos\antiGGGravity\antiGGGravity.csproj]
C:\Users\DELL\source\repos\antiGGGravity\Commands\Rebar\FootingPadRebarCommand.cs(219,45): warning CS0618: 'RebarHookOrientation' is obsolete: 'This enumeration is deprecated in Revit 2026 and may be removed in a later version of Revit. You can use RebarTerminationOrientation enumeration instead.' [C:\Users\DELL\source\repos\antiGGGravity\antiGGGravity.csproj]
C:\Users\DELL\source\repos\antiGGGravity\Commands\Rebar\FootingPadRebarCommand.cs(216,29): warning CS0618: 'Rebar.CreateFromCurves(Document, RebarStyle, RebarBarType, RebarHookType, RebarHookType, Element, XYZ, IList<Curve>, RebarHookOrientation, RebarHookOrientation, bool, bool)' is obsolete: 'This method is deprecated in Revit 2026 and may be removed in a later version of Revit. Please use Rebar.CreateFromCurves(Document doc, RebarStyle style, RebarBarType barType, Element host, XYZ norm, IList<Curve> curves, BarTerminationsData barTerminationsData, bool useExistingShapeIfPossible, bool createNewShape) instead.' [C:\Users\DELL\source\repos\antiGGGravity\antiGGGravity.csproj]
C:\Users\DELL\source\repos\antiGGGravity\Commands\Rebar\WallCornerUCommand.cs(325,48): warning CS0618: 'RebarHookOrientation' is obsolete: 'This enumeration is deprecated in Revit 2026 and may be removed in a later version of Revit. You can use RebarTerminationOrientation enumeration instead.' [C:\Users\DELL\source\repos\antiGGGravity\antiGGGravity.csproj]
C:\Users\DELL\source\repos\antiGGGravity\Commands\Rebar\WallCornerUCommand.cs(325,75): warning CS0618: 'RebarHookOrientation' is obsolete: 'This enumeration is deprecated in Revit 2026 and may be removed in a later version of Revit. You can use RebarTerminationOrientation enumeration instead.' [C:\Users\DELL\source\repos\antiGGGravity\antiGGGravity.csproj]
C:\Users\DELL\source\repos\antiGGGravity\Commands\Rebar\WallCornerUCommand.cs(324,21): warning CS0618: 'Rebar.CreateFromCurves(Document, RebarStyle, RebarBarType, RebarHookType, RebarHookType, Element, XYZ, IList<Curve>, RebarHookOrientation, RebarHookOrientation, bool, bool)' is obsolete: 'This method is deprecated in Revit 2026 and may be removed in a later version of Revit. Please use Rebar.CreateFromCurves(Document doc, RebarStyle style, RebarBarType barType, Element host, XYZ norm, IList<Curve> curves, BarTerminationsData barTerminationsData, bool useExistingShapeIfPossible, bool createNewShape) instead.' [C:\Users\DELL\source\repos\antiGGGravity\antiGGGravity.csproj]
C:\Users\DELL\source\repos\antiGGGravity\Commands\Rebar\StripFootingRebarCommand.cs(286,47): warning CS0618: 'RebarHookOrientation' is obsolete: 'This enumeration is deprecated in Revit 2026 and may be removed in a later version of Revit. You can use RebarTerminationOrientation enumeration instead.' [C:\Users\DELL\source\repos\antiGGGravity\antiGGGravity.csproj]
C:\Users\DELL\source\repos\antiGGGravity\Commands\Rebar\StripFootingRebarCommand.cs(286,74): warning CS0618: 'RebarHookOrientation' is obsolete: 'This enumeration is deprecated in Revit 2026 and may be removed in a later version of Revit. You can use RebarTerminationOrientation enumeration instead.' [C:\Users\DELL\source\repos\antiGGGravity\antiGGGravity.csproj]
C:\Users\DELL\source\repos\antiGGGravity\Commands\Rebar\StripFootingRebarCommand.cs(285,32): warning CS0618: 'Rebar.CreateFromCurves(Document, RebarStyle, RebarBarType, RebarHookType, RebarHookType, Element, XYZ, IList<Curve>, RebarHookOrientation, RebarHookOrientation, bool, bool)' is obsolete: 'This method is deprecated in Revit 2026 and may be removed in a later version of Revit. Please use Rebar.CreateFromCurves(Document doc, RebarStyle style, RebarBarType barType, Element host, XYZ norm, IList<Curve> curves, BarTerminationsData barTerminationsData, bool useExistingShapeIfPossible, bool createNewShape) instead.' [C:\Users\DELL\source\repos\antiGGGravity\antiGGGravity.csproj]
C:\Users\DELL\source\repos\antiGGGravity\Commands\Rebar\StripFootingRebarCommand.cs(361,13): warning CS0618: 'RebarHookOrientation' is obsolete: 'This enumeration is deprecated in Revit 2026 and may be removed in a later version of Revit. You can use RebarTerminationOrientation enumeration instead.' [C:\Users\DELL\source\repos\antiGGGravity\antiGGGravity.csproj]
C:\Users\DELL\source\repos\antiGGGravity\Commands\Rebar\StripFootingRebarCommand.cs(361,51): warning CS0618: 'RebarHookOrientation' is obsolete: 'This enumeration is deprecated in Revit 2026 and may be removed in a later version of Revit. You can use RebarTerminationOrientation enumeration instead.' [C:\Users\DELL\source\repos\antiGGGravity\antiGGGravity.csproj]
C:\Users\DELL\source\repos\antiGGGravity\Commands\Rebar\StripFootingRebarCommand.cs(361,79): warning CS0618: 'RebarHookOrientation' is obsolete: 'This enumeration is deprecated in Revit 2026 and may be removed in a later version of Revit. You can use RebarTerminationOrientation enumeration instead.' [C:\Users\DELL\source\repos\antiGGGravity\antiGGGravity.csproj]
C:\Users\DELL\source\repos\antiGGGravity\Commands\Rebar\StripFootingRebarCommand.cs(364,29): warning CS0618: 'Rebar.CreateFromCurves(Document, RebarStyle, RebarBarType, RebarHookType, RebarHookType, Element, XYZ, IList<Curve>, RebarHookOrientation, RebarHookOrientation, bool, bool)' is obsolete: 'This method is deprecated in Revit 2026 and may be removed in a later version of Revit. Please use Rebar.CreateFromCurves(Document doc, RebarStyle style, RebarBarType barType, Element host, XYZ norm, IList<Curve> curves, BarTerminationsData barTerminationsData, bool useExistingShapeIfPossible, bool createNewShape) instead.' [C:\Users\DELL\source\repos\antiGGGravity\antiGGGravity.csproj]
C:\Users\DELL\source\repos\antiGGGravity\Commands\Rebar\WallCornerLCommand.cs(251,13): warning CS0618: 'RebarHookOrientation' is obsolete: 'This enumeration is deprecated in Revit 2026 and may be removed in a later version of Revit. You can use RebarTerminationOrientation enumeration instead.' [C:\Users\DELL\source\repos\antiGGGravity\antiGGGravity.csproj]
C:\Users\DELL\source\repos\antiGGGravity\Commands\Rebar\WallCornerLCommand.cs(253,38): warning CS0618: 'RebarHookOrientation' is obsolete: 'This enumeration is deprecated in Revit 2026 and may be removed in a later version of Revit. You can use RebarTerminationOrientation enumeration instead.' [C:\Users\DELL\source\repos\antiGGGravity\antiGGGravity.csproj]
C:\Users\DELL\source\repos\antiGGGravity\Commands\Rebar\WallCornerLCommand.cs(253,66): warning CS0618: 'RebarHookOrientation' is obsolete: 'This enumeration is deprecated in Revit 2026 and may be removed in a later version of Revit. You can use RebarTerminationOrientation enumeration instead.' [C:\Users\DELL\source\repos\antiGGGravity\antiGGGravity.csproj]
C:\Users\DELL\source\repos\antiGGGravity\Commands\Rebar\WallCornerLCommand.cs(254,38): warning CS0618: 'RebarHookOrientation' is obsolete: 'This enumeration is deprecated in Revit 2026 and may be removed in a later version of Revit. You can use RebarTerminationOrientation enumeration instead.' [C:\Users\DELL\source\repos\antiGGGravity\antiGGGravity.csproj]
C:\Users\DELL\source\repos\antiGGGravity\Commands\Rebar\WallCornerLCommand.cs(254,66): warning CS0618: 'RebarHookOrientation' is obsolete: 'This enumeration is deprecated in Revit 2026 and may be removed in a later version of Revit. You can use RebarTerminationOrientation enumeration instead.' [C:\Users\DELL\source\repos\antiGGGravity\antiGGGravity.csproj]
C:\Users\DELL\source\repos\antiGGGravity\Commands\Rebar\WallCornerLCommand.cs(256,38): warning CS0618: 'RebarHookOrientation' is obsolete: 'This enumeration is deprecated in Revit 2026 and may be removed in a later version of Revit. You can use RebarTerminationOrientation enumeration instead.' [C:\Users\DELL\source\repos\antiGGGravity\antiGGGravity.csproj]
C:\Users\DELL\source\repos\antiGGGravity\Commands\Rebar\WallCornerLCommand.cs(256,67): warning CS0618: 'RebarHookOrientation' is obsolete: 'This enumeration is deprecated in Revit 2026 and may be removed in a later version of Revit. You can use RebarTerminationOrientation enumeration instead.' [C:\Users\DELL\source\repos\antiGGGravity\antiGGGravity.csproj]
C:\Users\DELL\source\repos\antiGGGravity\Commands\Rebar\WallCornerLCommand.cs(257,38): warning CS0618: 'RebarHookOrientation' is obsolete: 'This enumeration is deprecated in Revit 2026 and may be removed in a later version of Revit. You can use RebarTerminationOrientation enumeration instead.' [C:\Users\DELL\source\repos\antiGGGravity\antiGGGravity.csproj]
C:\Users\DELL\source\repos\antiGGGravity\Commands\Rebar\WallCornerLCommand.cs(257,67): warning CS0618: 'RebarHookOrientation' is obsolete: 'This enumeration is deprecated in Revit 2026 and may be removed in a later version of Revit. You can use RebarTerminationOrientation enumeration instead.' [C:\Users\DELL\source\repos\antiGGGravity\antiGGGravity.csproj]
C:\Users\DELL\source\repos\antiGGGravity\Commands\Rebar\WallCornerLCommand.cs(261,33): warning CS0618: 'Rebar.CreateFromCurves(Document, RebarStyle, RebarBarType, RebarHookType, RebarHookType, Element, XYZ, IList<Curve>, RebarHookOrientation, RebarHookOrientation, bool, bool)' is obsolete: 'This method is deprecated in Revit 2026 and may be removed in a later version of Revit. Please use Rebar.CreateFromCurves(Document doc, RebarStyle style, RebarBarType barType, Element host, XYZ norm, IList<Curve> curves, BarTerminationsData barTerminationsData, bool useExistingShapeIfPossible, bool createNewShape) instead.' [C:\Users\DELL\source\repos\antiGGGravity\antiGGGravity.csproj]
C:\Users\DELL\source\repos\antiGGGravity\Commands\Rebar\WallCornerLCommand.cs(285,47): warning CS0618: 'RebarHookOrientation' is obsolete: 'This enumeration is deprecated in Revit 2026 and may be removed in a later version of Revit. You can use RebarTerminationOrientation enumeration instead.' [C:\Users\DELL\source\repos\antiGGGravity\antiGGGravity.csproj]
C:\Users\DELL\source\repos\antiGGGravity\Commands\Rebar\WallCornerLCommand.cs(285,74): warning CS0618: 'RebarHookOrientation' is obsolete: 'This enumeration is deprecated in Revit 2026 and may be removed in a later version of Revit. You can use RebarTerminationOrientation enumeration instead.' [C:\Users\DELL\source\repos\antiGGGravity\antiGGGravity.csproj]
C:\Users\DELL\source\repos\antiGGGravity\Commands\Rebar\WallCornerLCommand.cs(284,17): warning CS0618: 'Rebar.CreateFromCurves(Document, RebarStyle, RebarBarType, RebarHookType, RebarHookType, Element, XYZ, IList<Curve>, RebarHookOrientation, RebarHookOrientation, bool, bool)' is obsolete: 'This method is deprecated in Revit 2026 and may be removed in a later version of Revit. Please use Rebar.CreateFromCurves(Document doc, RebarStyle style, RebarBarType barType, Element host, XYZ norm, IList<Curve> curves, BarTerminationsData barTerminationsData, bool useExistingShapeIfPossible, bool createNewShape) instead.' [C:\Users\DELL\source\repos\antiGGGravity\antiGGGravity.csproj]
C:\Users\DELL\source\repos\antiGGGravity\Views\Overrides\ColorSplasherView.xaml.cs(22,31): warning CS0169: The field 'ColorSplasherView._legendEvent' is never used [C:\Users\DELL\source\repos\antiGGGravity\antiGGGravity.csproj]
C:\Users\DELL\source\repos\antiGGGravity\Utilities\RibbonBuilder.cs(15,33): warning CS0169: The field 'RibbonBuilder._currentPanelName' is never used [C:\Users\DELL\source\repos\antiGGGravity\antiGGGravity.csproj]
C:\Users\DELL\source\repos\antiGGGravity\Views\Management\DuplicateSheetsView.xaml.cs(190,50): warning CS0067: The event 'DuplicateSheetItem.PropertyChanged' is never used [C:\Users\DELL\source\repos\antiGGGravity\antiGGGravity.csproj]
C:\Users\DELL\source\repos\antiGGGravity\Views\Overrides\ColorSplasherView.xaml.cs(21,31): warning CS0169: The field 'ColorSplasherView._resetEvent' is never used [C:\Users\DELL\source\repos\antiGGGravity\antiGGGravity.csproj]
C:\Users\DELL\source\repos\antiGGGravity\Utilities\RibbonBuilder.cs(16,33): warning CS0169: The field 'RibbonBuilder._currentPulldownName' is never used [C:\Users\DELL\source\repos\antiGGGravity\antiGGGravity.csproj]
C:\Users\DELL\source\repos\antiGGGravity\Views\Overrides\ColorSplasherView.xaml.cs(23,31): warning CS0169: The field 'ColorSplasherView._filtersEvent' is never used [C:\Users\DELL\source\repos\antiGGGravity\antiGGGravity.csproj]
C:\Users\DELL\source\repos\antiGGGravity\Commands\ProjectAudit\LoadFamilyTypesHandler.cs(43,68): error CS1620: Argument 3 must be passed with the 'out' keyword [C:\Users\DELL\source\repos\antiGGGravity\antiGGGravity.csproj]
    80 Warning(s)
    1 Error(s)

Time Elapsed 00:00:01.66
