  Determining projects to restore...
  All projects are up-to-date for restore.
C:\Users\DELL\source\repos\antiGGGravity\StructuralRebar\DTO\RebarDefinition.cs(49,16): warning CS0618: 'RebarHookOrientation' is obsolete: 'This enumeration is deprecated in Revit 2026 and may be removed in a later version of Revit. You can use RebarTerminationOrientation enumeration instead.' [C:\Users\DELL\source\repos\antiGGGravity\antiGGGravity_x4ryh1mj_wpftmp.csproj]
C:\Users\DELL\source\repos\antiGGGravity\StructuralRebar\DTO\RebarDefinition.cs(50,16): warning CS0618: 'RebarHookOrientation' is obsolete: 'This enumeration is deprecated in Revit 2026 and may be removed in a later version of Revit. You can use RebarTerminationOrientation enumeration instead.' [C:\Users\DELL\source\repos\antiGGGravity\antiGGGravity_x4ryh1mj_wpftmp.csproj]
C:\Users\DELL\source\repos\antiGGGravity\StructuralRebar\Core\Layout\StripFootingLayoutGenerator.cs(80,38): warning CS8632: The annotation for nullable reference types should only be used in code within a '#nullable' annotations context. [C:\Users\DELL\source\repos\antiGGGravity\antiGGGravity_x4ryh1mj_wpftmp.csproj]
C:\Users\DELL\source\repos\antiGGGravity\Utilities\SharedResources.cs(31,30): warning CS0168: The variable 'ex' is declared but never used [C:\Users\DELL\source\repos\antiGGGravity\antiGGGravity_x4ryh1mj_wpftmp.csproj]
C:\Users\DELL\source\repos\antiGGGravity\Views\VisibilityGraphic\QuickVgView.xaml.cs(72,37): warning CS0168: The variable 'ex' is declared but never used [C:\Users\DELL\source\repos\antiGGGravity\antiGGGravity_x4ryh1mj_wpftmp.csproj]
C:\Users\DELL\source\repos\antiGGGravity\StructuralRebar\DTO\RebarDefinition.cs(49,74): warning CS0618: 'RebarHookOrientation' is obsolete: 'This enumeration is deprecated in Revit 2026 and may be removed in a later version of Revit. You can use RebarTerminationOrientation enumeration instead.' [C:\Users\DELL\source\repos\antiGGGravity\antiGGGravity_x4ryh1mj_wpftmp.csproj]
C:\Users\DELL\source\repos\antiGGGravity\StructuralRebar\DTO\RebarDefinition.cs(50,72): warning CS0618: 'RebarHookOrientation' is obsolete: 'This enumeration is deprecated in Revit 2026 and may be removed in a later version of Revit. You can use RebarTerminationOrientation enumeration instead.' [C:\Users\DELL\source\repos\antiGGGravity\antiGGGravity_x4ryh1mj_wpftmp.csproj]
C:\Users\DELL\source\repos\antiGGGravity\StructuralRebar\Core\Calculators\DesignCodeCalculator.cs(71,20): warning CS0219: The variable 'endZoneFactor' is assigned but its value is never used [C:\Users\DELL\source\repos\antiGGGravity\antiGGGravity_x4ryh1mj_wpftmp.csproj]
C:\Users\DELL\source\repos\antiGGGravity\Commands\Rebar\RebarSplitCommand.cs(196,13): warning CS0618: 'RebarHookOrientation' is obsolete: 'This enumeration is deprecated in Revit 2026 and may be removed in a later version of Revit. You can use RebarTerminationOrientation enumeration instead.' [C:\Users\DELL\source\repos\antiGGGravity\antiGGGravity_x4ryh1mj_wpftmp.csproj]
C:\Users\DELL\source\repos\antiGGGravity\Commands\Rebar\RebarSplitCommand.cs(196,49): warning CS0618: 'RebarHookOrientation' is obsolete: 'This enumeration is deprecated in Revit 2026 and may be removed in a later version of Revit. You can use RebarTerminationOrientation enumeration instead.' [C:\Users\DELL\source\repos\antiGGGravity\antiGGGravity_x4ryh1mj_wpftmp.csproj]
C:\Users\DELL\source\repos\antiGGGravity\Commands\Rebar\RebarSplitCommand.cs(208,27): warning CS0618: 'RebarHookOrientation' is obsolete: 'This enumeration is deprecated in Revit 2026 and may be removed in a later version of Revit. You can use RebarTerminationOrientation enumeration instead.' [C:\Users\DELL\source\repos\antiGGGravity\antiGGGravity_x4ryh1mj_wpftmp.csproj]
C:\Users\DELL\source\repos\antiGGGravity\Commands\Rebar\RebarSplitCommand.cs(209,27): warning CS0618: 'RebarHookOrientation' is obsolete: 'This enumeration is deprecated in Revit 2026 and may be removed in a later version of Revit. You can use RebarTerminationOrientation enumeration instead.' [C:\Users\DELL\source\repos\antiGGGravity\antiGGGravity_x4ryh1mj_wpftmp.csproj]
C:\Users\DELL\source\repos\antiGGGravity\Commands\Rebar\RebarSplitCommand.cs(259,34): warning CS0618: 'Rebar.CreateFromCurves(Document, RebarStyle, RebarBarType, RebarHookType, RebarHookType, Element, XYZ, IList<Curve>, RebarHookOrientation, RebarHookOrientation, bool, bool)' is obsolete: 'This method is deprecated in Revit 2026 and may be removed in a later version of Revit. Please use Rebar.CreateFromCurves(Document doc, RebarStyle style, RebarBarType barType, Element host, XYZ norm, IList<Curve> curves, BarTerminationsData barTerminationsData, bool useExistingShapeIfPossible, bool createNewShape) instead.' [C:\Users\DELL\source\repos\antiGGGravity\antiGGGravity_x4ryh1mj_wpftmp.csproj]
C:\Users\DELL\source\repos\antiGGGravity\Commands\Rebar\RebarSplitCommand.cs(267,34): warning CS0618: 'Rebar.CreateFromCurves(Document, RebarStyle, RebarBarType, RebarHookType, RebarHookType, Element, XYZ, IList<Curve>, RebarHookOrientation, RebarHookOrientation, bool, bool)' is obsolete: 'This method is deprecated in Revit 2026 and may be removed in a later version of Revit. Please use Rebar.CreateFromCurves(Document doc, RebarStyle style, RebarBarType barType, Element host, XYZ norm, IList<Curve> curves, BarTerminationsData barTerminationsData, bool useExistingShapeIfPossible, bool createNewShape) instead.' [C:\Users\DELL\source\repos\antiGGGravity\antiGGGravity_x4ryh1mj_wpftmp.csproj]
C:\Users\DELL\source\repos\antiGGGravity\StructuralRebar\Core\Geometry\BeamSpanResolver.cs(332,28): warning CS0219: The variable 'tolZ' is assigned but its value is never used [C:\Users\DELL\source\repos\antiGGGravity\antiGGGravity_x4ryh1mj_wpftmp.csproj]
C:\Users\DELL\source\repos\antiGGGravity\StructuralRebar\Core\Engine\RebarEngine.cs(376,48): warning CS0618: 'RebarHookOrientation' is obsolete: 'This enumeration is deprecated in Revit 2026 and may be removed in a later version of Revit. You can use RebarTerminationOrientation enumeration instead.' [C:\Users\DELL\source\repos\antiGGGravity\antiGGGravity_x4ryh1mj_wpftmp.csproj]
C:\Users\DELL\source\repos\antiGGGravity\StructuralRebar\Core\Engine\RebarEngine.cs(377,46): warning CS0618: 'RebarHookOrientation' is obsolete: 'This enumeration is deprecated in Revit 2026 and may be removed in a later version of Revit. You can use RebarTerminationOrientation enumeration instead.' [C:\Users\DELL\source\repos\antiGGGravity\antiGGGravity_x4ryh1mj_wpftmp.csproj]
C:\Users\DELL\source\repos\antiGGGravity\StructuralRebar\Core\Engine\RebarEngine.cs(450,56): warning CS0618: 'RebarHookOrientation' is obsolete: 'This enumeration is deprecated in Revit 2026 and may be removed in a later version of Revit. You can use RebarTerminationOrientation enumeration instead.' [C:\Users\DELL\source\repos\antiGGGravity\antiGGGravity_x4ryh1mj_wpftmp.csproj]
C:\Users\DELL\source\repos\antiGGGravity\StructuralRebar\Core\Engine\RebarEngine.cs(451,54): warning CS0618: 'RebarHookOrientation' is obsolete: 'This enumeration is deprecated in Revit 2026 and may be removed in a later version of Revit. You can use RebarTerminationOrientation enumeration instead.' [C:\Users\DELL\source\repos\antiGGGravity\antiGGGravity_x4ryh1mj_wpftmp.csproj]
C:\Users\DELL\source\repos\antiGGGravity\StructuralRebar\Core\Engine\RebarEngine.cs(509,56): warning CS0618: 'RebarHookOrientation' is obsolete: 'This enumeration is deprecated in Revit 2026 and may be removed in a later version of Revit. You can use RebarTerminationOrientation enumeration instead.' [C:\Users\DELL\source\repos\antiGGGravity\antiGGGravity_x4ryh1mj_wpftmp.csproj]
C:\Users\DELL\source\repos\antiGGGravity\StructuralRebar\Core\Engine\RebarEngine.cs(510,54): warning CS0618: 'RebarHookOrientation' is obsolete: 'This enumeration is deprecated in Revit 2026 and may be removed in a later version of Revit. You can use RebarTerminationOrientation enumeration instead.' [C:\Users\DELL\source\repos\antiGGGravity\antiGGGravity_x4ryh1mj_wpftmp.csproj]
C:\Users\DELL\source\repos\antiGGGravity\StructuralRebar\Core\Engine\RebarEngine.cs(598,48): warning CS0618: 'RebarHookOrientation' is obsolete: 'This enumeration is deprecated in Revit 2026 and may be removed in a later version of Revit. You can use RebarTerminationOrientation enumeration instead.' [C:\Users\DELL\source\repos\antiGGGravity\antiGGGravity_x4ryh1mj_wpftmp.csproj]
C:\Users\DELL\source\repos\antiGGGravity\StructuralRebar\Core\Engine\RebarEngine.cs(599,46): warning CS0618: 'RebarHookOrientation' is obsolete: 'This enumeration is deprecated in Revit 2026 and may be removed in a later version of Revit. You can use RebarTerminationOrientation enumeration instead.' [C:\Users\DELL\source\repos\antiGGGravity\antiGGGravity_x4ryh1mj_wpftmp.csproj]
C:\Users\DELL\source\repos\antiGGGravity\StructuralRebar\Core\Engine\RebarEngine.cs(673,56): warning CS0618: 'RebarHookOrientation' is obsolete: 'This enumeration is deprecated in Revit 2026 and may be removed in a later version of Revit. You can use RebarTerminationOrientation enumeration instead.' [C:\Users\DELL\source\repos\antiGGGravity\antiGGGravity_x4ryh1mj_wpftmp.csproj]
C:\Users\DELL\source\repos\antiGGGravity\StructuralRebar\Core\Engine\RebarEngine.cs(674,54): warning CS0618: 'RebarHookOrientation' is obsolete: 'This enumeration is deprecated in Revit 2026 and may be removed in a later version of Revit. You can use RebarTerminationOrientation enumeration instead.' [C:\Users\DELL\source\repos\antiGGGravity\antiGGGravity_x4ryh1mj_wpftmp.csproj]
C:\Users\DELL\source\repos\antiGGGravity\StructuralRebar\Core\Engine\RebarEngine.cs(736,56): warning CS0618: 'RebarHookOrientation' is obsolete: 'This enumeration is deprecated in Revit 2026 and may be removed in a later version of Revit. You can use RebarTerminationOrientation enumeration instead.' [C:\Users\DELL\source\repos\antiGGGravity\antiGGGravity_x4ryh1mj_wpftmp.csproj]
C:\Users\DELL\source\repos\antiGGGravity\StructuralRebar\Core\Engine\RebarEngine.cs(737,54): warning CS0618: 'RebarHookOrientation' is obsolete: 'This enumeration is deprecated in Revit 2026 and may be removed in a later version of Revit. You can use RebarTerminationOrientation enumeration instead.' [C:\Users\DELL\source\repos\antiGGGravity\antiGGGravity_x4ryh1mj_wpftmp.csproj]
C:\Users\DELL\source\repos\antiGGGravity\StructuralRebar\Core\Layout\WallLayoutGenerator.cs(47,13): warning CS0618: 'RebarHookOrientation' is obsolete: 'This enumeration is deprecated in Revit 2026 and may be removed in a later version of Revit. You can use RebarTerminationOrientation enumeration instead.' [C:\Users\DELL\source\repos\antiGGGravity\antiGGGravity_x4ryh1mj_wpftmp.csproj]
C:\Users\DELL\source\repos\antiGGGravity\StructuralRebar\Core\Layout\WallLayoutGenerator.cs(50,42): warning CS0618: 'RebarHookOrientation' is obsolete: 'This enumeration is deprecated in Revit 2026 and may be removed in a later version of Revit. You can use RebarTerminationOrientation enumeration instead.' [C:\Users\DELL\source\repos\antiGGGravity\antiGGGravity_x4ryh1mj_wpftmp.csproj]
C:\Users\DELL\source\repos\antiGGGravity\StructuralRebar\Core\Layout\WallLayoutGenerator.cs(50,71): warning CS0618: 'RebarHookOrientation' is obsolete: 'This enumeration is deprecated in Revit 2026 and may be removed in a later version of Revit. You can use RebarTerminationOrientation enumeration instead.' [C:\Users\DELL\source\repos\antiGGGravity\antiGGGravity_x4ryh1mj_wpftmp.csproj]
C:\Users\DELL\source\repos\antiGGGravity\StructuralRebar\Core\Layout\WallLayoutGenerator.cs(51,40): warning CS0618: 'RebarHookOrientation' is obsolete: 'This enumeration is deprecated in Revit 2026 and may be removed in a later version of Revit. You can use RebarTerminationOrientation enumeration instead.' [C:\Users\DELL\source\repos\antiGGGravity\antiGGGravity_x4ryh1mj_wpftmp.csproj]
C:\Users\DELL\source\repos\antiGGGravity\StructuralRebar\Core\Layout\WallLayoutGenerator.cs(51,69): warning CS0618: 'RebarHookOrientation' is obsolete: 'This enumeration is deprecated in Revit 2026 and may be removed in a later version of Revit. You can use RebarTerminationOrientation enumeration instead.' [C:\Users\DELL\source\repos\antiGGGravity\antiGGGravity_x4ryh1mj_wpftmp.csproj]
C:\Users\DELL\source\repos\antiGGGravity\StructuralRebar\Core\Layout\WallLayoutGenerator.cs(55,42): warning CS0618: 'RebarHookOrientation' is obsolete: 'This enumeration is deprecated in Revit 2026 and may be removed in a later version of Revit. You can use RebarTerminationOrientation enumeration instead.' [C:\Users\DELL\source\repos\antiGGGravity\antiGGGravity_x4ryh1mj_wpftmp.csproj]
C:\Users\DELL\source\repos\antiGGGravity\StructuralRebar\Core\Layout\WallLayoutGenerator.cs(55,70): warning CS0618: 'RebarHookOrientation' is obsolete: 'This enumeration is deprecated in Revit 2026 and may be removed in a later version of Revit. You can use RebarTerminationOrientation enumeration instead.' [C:\Users\DELL\source\repos\antiGGGravity\antiGGGravity_x4ryh1mj_wpftmp.csproj]
C:\Users\DELL\source\repos\antiGGGravity\StructuralRebar\Core\Layout\WallLayoutGenerator.cs(56,40): warning CS0618: 'RebarHookOrientation' is obsolete: 'This enumeration is deprecated in Revit 2026 and may be removed in a later version of Revit. You can use RebarTerminationOrientation enumeration instead.' [C:\Users\DELL\source\repos\antiGGGravity\antiGGGravity_x4ryh1mj_wpftmp.csproj]
C:\Users\DELL\source\repos\antiGGGravity\StructuralRebar\Core\Layout\WallLayoutGenerator.cs(56,68): warning CS0618: 'RebarHookOrientation' is obsolete: 'This enumeration is deprecated in Revit 2026 and may be removed in a later version of Revit. You can use RebarTerminationOrientation enumeration instead.' [C:\Users\DELL\source\repos\antiGGGravity\antiGGGravity_x4ryh1mj_wpftmp.csproj]
C:\Users\DELL\source\repos\antiGGGravity\StructuralRebar\Core\Layout\ColumnLayoutGenerator.cs(67,40): warning CS0618: 'RebarHookOrientation' is obsolete: 'This enumeration is deprecated in Revit 2026 and may be removed in a later version of Revit. You can use RebarTerminationOrientation enumeration instead.' [C:\Users\DELL\source\repos\antiGGGravity\antiGGGravity_x4ryh1mj_wpftmp.csproj]
C:\Users\DELL\source\repos\antiGGGravity\StructuralRebar\Core\Layout\ColumnLayoutGenerator.cs(68,38): warning CS0618: 'RebarHookOrientation' is obsolete: 'This enumeration is deprecated in Revit 2026 and may be removed in a later version of Revit. You can use RebarTerminationOrientation enumeration instead.' [C:\Users\DELL\source\repos\antiGGGravity\antiGGGravity_x4ryh1mj_wpftmp.csproj]
C:\Users\DELL\source\repos\antiGGGravity\StructuralRebar\Core\Layout\ColumnLayoutGenerator.cs(131,44): warning CS0618: 'RebarHookOrientation' is obsolete: 'This enumeration is deprecated in Revit 2026 and may be removed in a later version of Revit. You can use RebarTerminationOrientation enumeration instead.' [C:\Users\DELL\source\repos\antiGGGravity\antiGGGravity_x4ryh1mj_wpftmp.csproj]
C:\Users\DELL\source\repos\antiGGGravity\StructuralRebar\Core\Layout\ColumnLayoutGenerator.cs(132,42): warning CS0618: 'RebarHookOrientation' is obsolete: 'This enumeration is deprecated in Revit 2026 and may be removed in a later version of Revit. You can use RebarTerminationOrientation enumeration instead.' [C:\Users\DELL\source\repos\antiGGGravity\antiGGGravity_x4ryh1mj_wpftmp.csproj]
C:\Users\DELL\source\repos\antiGGGravity\StructuralRebar\Core\Layout\ColumnLayoutGenerator.cs(202,59): warning CS0618: 'RebarHookOrientation' is obsolete: 'This enumeration is deprecated in Revit 2026 and may be removed in a later version of Revit. You can use RebarTerminationOrientation enumeration instead.' [C:\Users\DELL\source\repos\antiGGGravity\antiGGGravity_x4ryh1mj_wpftmp.csproj]
C:\Users\DELL\source\repos\antiGGGravity\StructuralRebar\Core\Layout\ColumnLayoutGenerator.cs(202,87): warning CS0618: 'RebarHookOrientation' is obsolete: 'This enumeration is deprecated in Revit 2026 and may be removed in a later version of Revit. You can use RebarTerminationOrientation enumeration instead.' [C:\Users\DELL\source\repos\antiGGGravity\antiGGGravity_x4ryh1mj_wpftmp.csproj]
C:\Users\DELL\source\repos\antiGGGravity\StructuralRebar\Core\Layout\ColumnLayoutGenerator.cs(203,55): warning CS0618: 'RebarHookOrientation' is obsolete: 'This enumeration is deprecated in Revit 2026 and may be removed in a later version of Revit. You can use RebarTerminationOrientation enumeration instead.' [C:\Users\DELL\source\repos\antiGGGravity\antiGGGravity_x4ryh1mj_wpftmp.csproj]
C:\Users\DELL\source\repos\antiGGGravity\StructuralRebar\Core\Layout\ColumnLayoutGenerator.cs(203,83): warning CS0618: 'RebarHookOrientation' is obsolete: 'This enumeration is deprecated in Revit 2026 and may be removed in a later version of Revit. You can use RebarTerminationOrientation enumeration instead.' [C:\Users\DELL\source\repos\antiGGGravity\antiGGGravity_x4ryh1mj_wpftmp.csproj]
C:\Users\DELL\source\repos\antiGGGravity\StructuralRebar\Core\Layout\WallLayoutGenerator.cs(116,13): warning CS0618: 'RebarHookOrientation' is obsolete: 'This enumeration is deprecated in Revit 2026 and may be removed in a later version of Revit. You can use RebarTerminationOrientation enumeration instead.' [C:\Users\DELL\source\repos\antiGGGravity\antiGGGravity_x4ryh1mj_wpftmp.csproj]
C:\Users\DELL\source\repos\antiGGGravity\StructuralRebar\Core\Layout\WallLayoutGenerator.cs(119,42): warning CS0618: 'RebarHookOrientation' is obsolete: 'This enumeration is deprecated in Revit 2026 and may be removed in a later version of Revit. You can use RebarTerminationOrientation enumeration instead.' [C:\Users\DELL\source\repos\antiGGGravity\antiGGGravity_x4ryh1mj_wpftmp.csproj]
C:\Users\DELL\source\repos\antiGGGravity\StructuralRebar\Core\Layout\WallLayoutGenerator.cs(119,70): warning CS0618: 'RebarHookOrientation' is obsolete: 'This enumeration is deprecated in Revit 2026 and may be removed in a later version of Revit. You can use RebarTerminationOrientation enumeration instead.' [C:\Users\DELL\source\repos\antiGGGravity\antiGGGravity_x4ryh1mj_wpftmp.csproj]
C:\Users\DELL\source\repos\antiGGGravity\StructuralRebar\Core\Layout\WallLayoutGenerator.cs(120,40): warning CS0618: 'RebarHookOrientation' is obsolete: 'This enumeration is deprecated in Revit 2026 and may be removed in a later version of Revit. You can use RebarTerminationOrientation enumeration instead.' [C:\Users\DELL\source\repos\antiGGGravity\antiGGGravity_x4ryh1mj_wpftmp.csproj]
C:\Users\DELL\source\repos\antiGGGravity\StructuralRebar\Core\Layout\WallLayoutGenerator.cs(120,68): warning CS0618: 'RebarHookOrientation' is obsolete: 'This enumeration is deprecated in Revit 2026 and may be removed in a later version of Revit. You can use RebarTerminationOrientation enumeration instead.' [C:\Users\DELL\source\repos\antiGGGravity\antiGGGravity_x4ryh1mj_wpftmp.csproj]
C:\Users\DELL\source\repos\antiGGGravity\StructuralRebar\Core\Layout\WallLayoutGenerator.cs(124,42): warning CS0618: 'RebarHookOrientation' is obsolete: 'This enumeration is deprecated in Revit 2026 and may be removed in a later version of Revit. You can use RebarTerminationOrientation enumeration instead.' [C:\Users\DELL\source\repos\antiGGGravity\antiGGGravity_x4ryh1mj_wpftmp.csproj]
C:\Users\DELL\source\repos\antiGGGravity\StructuralRebar\Core\Layout\WallLayoutGenerator.cs(124,71): warning CS0618: 'RebarHookOrientation' is obsolete: 'This enumeration is deprecated in Revit 2026 and may be removed in a later version of Revit. You can use RebarTerminationOrientation enumeration instead.' [C:\Users\DELL\source\repos\antiGGGravity\antiGGGravity_x4ryh1mj_wpftmp.csproj]
C:\Users\DELL\source\repos\antiGGGravity\StructuralRebar\Core\Layout\WallLayoutGenerator.cs(125,40): warning CS0618: 'RebarHookOrientation' is obsolete: 'This enumeration is deprecated in Revit 2026 and may be removed in a later version of Revit. You can use RebarTerminationOrientation enumeration instead.' [C:\Users\DELL\source\repos\antiGGGravity\antiGGGravity_x4ryh1mj_wpftmp.csproj]
C:\Users\DELL\source\repos\antiGGGravity\StructuralRebar\Core\Layout\WallLayoutGenerator.cs(125,69): warning CS0618: 'RebarHookOrientation' is obsolete: 'This enumeration is deprecated in Revit 2026 and may be removed in a later version of Revit. You can use RebarTerminationOrientation enumeration instead.' [C:\Users\DELL\source\repos\antiGGGravity\antiGGGravity_x4ryh1mj_wpftmp.csproj]
C:\Users\DELL\source\repos\antiGGGravity\StructuralRebar\Core\Geometry\PadShapeGeometryModule.cs(80,23): warning CS8632: The annotation for nullable reference types should only be used in code within a '#nullable' annotations context. [C:\Users\DELL\source\repos\antiGGGravity\antiGGGravity_x4ryh1mj_wpftmp.csproj]
C:\Users\DELL\source\repos\antiGGGravity\Views\Management\DuplicateSheetsView.xaml.cs(80,38): warning CS0168: The variable 'ex' is declared but never used [C:\Users\DELL\source\repos\antiGGGravity\antiGGGravity_x4ryh1mj_wpftmp.csproj]
C:\Users\DELL\source\repos\antiGGGravity\StructuralRebar\Core\Engine\RebarEngine.cs(1213,48): warning CS0618: 'RebarHookOrientation' is obsolete: 'This enumeration is deprecated in Revit 2026 and may be removed in a later version of Revit. You can use RebarTerminationOrientation enumeration instead.' [C:\Users\DELL\source\repos\antiGGGravity\antiGGGravity_x4ryh1mj_wpftmp.csproj]
C:\Users\DELL\source\repos\antiGGGravity\StructuralRebar\Core\Engine\RebarEngine.cs(1214,46): warning CS0618: 'RebarHookOrientation' is obsolete: 'This enumeration is deprecated in Revit 2026 and may be removed in a later version of Revit. You can use RebarTerminationOrientation enumeration instead.' [C:\Users\DELL\source\repos\antiGGGravity\antiGGGravity_x4ryh1mj_wpftmp.csproj]
C:\Users\DELL\source\repos\antiGGGravity\StructuralRebar\Core\Engine\RebarEngine.cs(1301,48): warning CS0618: 'RebarHookOrientation' is obsolete: 'This enumeration is deprecated in Revit 2026 and may be removed in a later version of Revit. You can use RebarTerminationOrientation enumeration instead.' [C:\Users\DELL\source\repos\antiGGGravity\antiGGGravity_x4ryh1mj_wpftmp.csproj]
C:\Users\DELL\source\repos\antiGGGravity\StructuralRebar\Core\Engine\RebarEngine.cs(1302,46): warning CS0618: 'RebarHookOrientation' is obsolete: 'This enumeration is deprecated in Revit 2026 and may be removed in a later version of Revit. You can use RebarTerminationOrientation enumeration instead.' [C:\Users\DELL\source\repos\antiGGGravity\antiGGGravity_x4ryh1mj_wpftmp.csproj]
C:\Users\DELL\source\repos\antiGGGravity\Views\ProjectAudit\FamilyDuplicatorView.xaml.cs(657,20): warning CS8073: The result of the expression is always 'true' since a value of type 'DataGridCellInfo' is never equal to 'null' of type 'DataGridCellInfo?' [C:\Users\DELL\source\repos\antiGGGravity\antiGGGravity_x4ryh1mj_wpftmp.csproj]
C:\Users\DELL\source\repos\antiGGGravity\Commands\Rebar\RebarCrankCommand.cs(258,13): warning CS0618: 'RebarHookOrientation' is obsolete: 'This enumeration is deprecated in Revit 2026 and may be removed in a later version of Revit. You can use RebarTerminationOrientation enumeration instead.' [C:\Users\DELL\source\repos\antiGGGravity\antiGGGravity_x4ryh1mj_wpftmp.csproj]
C:\Users\DELL\source\repos\antiGGGravity\Commands\Rebar\RebarCrankCommand.cs(258,49): warning CS0618: 'RebarHookOrientation' is obsolete: 'This enumeration is deprecated in Revit 2026 and may be removed in a later version of Revit. You can use RebarTerminationOrientation enumeration instead.' [C:\Users\DELL\source\repos\antiGGGravity\antiGGGravity_x4ryh1mj_wpftmp.csproj]
C:\Users\DELL\source\repos\antiGGGravity\Commands\Rebar\RebarCrankCommand.cs(275,27): warning CS0618: 'RebarHookOrientation' is obsolete: 'This enumeration is deprecated in Revit 2026 and may be removed in a later version of Revit. You can use RebarTerminationOrientation enumeration instead.' [C:\Users\DELL\source\repos\antiGGGravity\antiGGGravity_x4ryh1mj_wpftmp.csproj]
C:\Users\DELL\source\repos\antiGGGravity\Commands\Rebar\RebarCrankCommand.cs(276,27): warning CS0618: 'RebarHookOrientation' is obsolete: 'This enumeration is deprecated in Revit 2026 and may be removed in a later version of Revit. You can use RebarTerminationOrientation enumeration instead.' [C:\Users\DELL\source\repos\antiGGGravity\antiGGGravity_x4ryh1mj_wpftmp.csproj]
C:\Users\DELL\source\repos\antiGGGravity\Commands\Rebar\RebarCrankCommand.cs(336,34): warning CS0618: 'Rebar.CreateFromCurves(Document, RebarStyle, RebarBarType, RebarHookType, RebarHookType, Element, XYZ, IList<Curve>, RebarHookOrientation, RebarHookOrientation, bool, bool)' is obsolete: 'This method is deprecated in Revit 2026 and may be removed in a later version of Revit. Please use Rebar.CreateFromCurves(Document doc, RebarStyle style, RebarBarType barType, Element host, XYZ norm, IList<Curve> curves, BarTerminationsData barTerminationsData, bool useExistingShapeIfPossible, bool createNewShape) instead.' [C:\Users\DELL\source\repos\antiGGGravity\antiGGGravity_x4ryh1mj_wpftmp.csproj]
C:\Users\DELL\source\repos\antiGGGravity\Commands\Rebar\RebarCrankCommand.cs(344,34): warning CS0618: 'Rebar.CreateFromCurves(Document, RebarStyle, RebarBarType, RebarHookType, RebarHookType, Element, XYZ, IList<Curve>, RebarHookOrientation, RebarHookOrientation, bool, bool)' is obsolete: 'This method is deprecated in Revit 2026 and may be removed in a later version of Revit. Please use Rebar.CreateFromCurves(Document doc, RebarStyle style, RebarBarType barType, Element host, XYZ norm, IList<Curve> curves, BarTerminationsData barTerminationsData, bool useExistingShapeIfPossible, bool createNewShape) instead.' [C:\Users\DELL\source\repos\antiGGGravity\antiGGGravity_x4ryh1mj_wpftmp.csproj]
C:\Users\DELL\source\repos\antiGGGravity\StructuralRebar\Core\Creation\RebarCreationService.cs(65,37): warning CS0618: 'Rebar.CreateFromCurvesAndShape(Document, RebarShape, RebarBarType, RebarHookType, RebarHookType, Element, XYZ, IList<Curve>, RebarHookOrientation, RebarHookOrientation)' is obsolete: 'This method is deprecated in Revit 2026 and may be removed in a later version of Revit. Please use Rebar.CreateFromCurvesAndShape(Document doc, RebarShape rebarShape, RebarBarType barType, Element host, XYZ norm, IList<Curve> curves, BarTerminationsData barTerminationsData) instead.' [C:\Users\DELL\source\repos\antiGGGravity\antiGGGravity_x4ryh1mj_wpftmp.csproj]
C:\Users\DELL\source\repos\antiGGGravity\StructuralRebar\Core\Creation\RebarCreationService.cs(77,37): warning CS0618: 'Rebar.CreateFromCurves(Document, RebarStyle, RebarBarType, RebarHookType, RebarHookType, Element, XYZ, IList<Curve>, RebarHookOrientation, RebarHookOrientation, bool, bool)' is obsolete: 'This method is deprecated in Revit 2026 and may be removed in a later version of Revit. Please use Rebar.CreateFromCurves(Document doc, RebarStyle style, RebarBarType barType, Element host, XYZ norm, IList<Curve> curves, BarTerminationsData barTerminationsData, bool useExistingShapeIfPossible, bool createNewShape) instead.' [C:\Users\DELL\source\repos\antiGGGravity\antiGGGravity_x4ryh1mj_wpftmp.csproj]
C:\Users\DELL\source\repos\antiGGGravity\StructuralRebar\Core\Creation\RebarCreationService.cs(98,37): warning CS0618: 'Rebar.CreateFromCurves(Document, RebarStyle, RebarBarType, RebarHookType, RebarHookType, Element, XYZ, IList<Curve>, RebarHookOrientation, RebarHookOrientation, bool, bool)' is obsolete: 'This method is deprecated in Revit 2026 and may be removed in a later version of Revit. Please use Rebar.CreateFromCurves(Document doc, RebarStyle style, RebarBarType barType, Element host, XYZ norm, IList<Curve> curves, BarTerminationsData barTerminationsData, bool useExistingShapeIfPossible, bool createNewShape) instead.' [C:\Users\DELL\source\repos\antiGGGravity\antiGGGravity_x4ryh1mj_wpftmp.csproj]
C:\Users\DELL\source\repos\antiGGGravity\StructuralRebar\Core\Creation\RebarCreationService.cs(205,33): warning CS0618: 'Rebar.SetHookOrientation(int, RebarHookOrientation)' is obsolete: 'This method is deprecated in Revit 2026 and may be removed in a later version of Revit. Please use Rebar.SetTerminationOrientation instead.' [C:\Users\DELL\source\repos\antiGGGravity\antiGGGravity_x4ryh1mj_wpftmp.csproj]
C:\Users\DELL\source\repos\antiGGGravity\StructuralRebar\Core\Creation\RebarCreationService.cs(210,33): warning CS0618: 'Rebar.SetHookOrientation(int, RebarHookOrientation)' is obsolete: 'This method is deprecated in Revit 2026 and may be removed in a later version of Revit. Please use Rebar.SetTerminationOrientation instead.' [C:\Users\DELL\source\repos\antiGGGravity\antiGGGravity_x4ryh1mj_wpftmp.csproj]
C:\Users\DELL\source\repos\antiGGGravity\StructuralRebar\Core\Layout\ParallelLayoutGenerator.cs(93,13): warning CS0618: 'RebarHookOrientation' is obsolete: 'This enumeration is deprecated in Revit 2026 and may be removed in a later version of Revit. You can use RebarTerminationOrientation enumeration instead.' [C:\Users\DELL\source\repos\antiGGGravity\antiGGGravity_x4ryh1mj_wpftmp.csproj]
C:\Users\DELL\source\repos\antiGGGravity\StructuralRebar\Core\Layout\ParallelLayoutGenerator.cs(94,19): warning CS0618: 'RebarHookOrientation' is obsolete: 'This enumeration is deprecated in Revit 2026 and may be removed in a later version of Revit. You can use RebarTerminationOrientation enumeration instead.' [C:\Users\DELL\source\repos\antiGGGravity\antiGGGravity_x4ryh1mj_wpftmp.csproj]
C:\Users\DELL\source\repos\antiGGGravity\StructuralRebar\Core\Layout\ParallelLayoutGenerator.cs(95,19): warning CS0618: 'RebarHookOrientation' is obsolete: 'This enumeration is deprecated in Revit 2026 and may be removed in a later version of Revit. You can use RebarTerminationOrientation enumeration instead.' [C:\Users\DELL\source\repos\antiGGGravity\antiGGGravity_x4ryh1mj_wpftmp.csproj]
C:\Users\DELL\source\repos\antiGGGravity\StructuralRebar\Core\Layout\StripFootingLayoutGenerator.cs(74,40): warning CS0618: 'RebarHookOrientation' is obsolete: 'This enumeration is deprecated in Revit 2026 and may be removed in a later version of Revit. You can use RebarTerminationOrientation enumeration instead.' [C:\Users\DELL\source\repos\antiGGGravity\antiGGGravity_x4ryh1mj_wpftmp.csproj]
C:\Users\DELL\source\repos\antiGGGravity\StructuralRebar\Core\Layout\StripFootingLayoutGenerator.cs(75,38): warning CS0618: 'RebarHookOrientation' is obsolete: 'This enumeration is deprecated in Revit 2026 and may be removed in a later version of Revit. You can use RebarTerminationOrientation enumeration instead.' [C:\Users\DELL\source\repos\antiGGGravity\antiGGGravity_x4ryh1mj_wpftmp.csproj]
C:\Users\DELL\source\repos\antiGGGravity\StructuralRebar\Core\Layout\StripFootingLayoutGenerator.cs(110,13): warning CS0618: 'RebarHookOrientation' is obsolete: 'This enumeration is deprecated in Revit 2026 and may be removed in a later version of Revit. You can use RebarTerminationOrientation enumeration instead.' [C:\Users\DELL\source\repos\antiGGGravity\antiGGGravity_x4ryh1mj_wpftmp.csproj]
C:\Users\DELL\source\repos\antiGGGravity\StructuralRebar\Core\Layout\StripFootingLayoutGenerator.cs(114,26): warning CS0618: 'RebarHookOrientation' is obsolete: 'This enumeration is deprecated in Revit 2026 and may be removed in a later version of Revit. You can use RebarTerminationOrientation enumeration instead.' [C:\Users\DELL\source\repos\antiGGGravity\antiGGGravity_x4ryh1mj_wpftmp.csproj]
C:\Users\DELL\source\repos\antiGGGravity\StructuralRebar\Core\Layout\StripFootingLayoutGenerator.cs(119,26): warning CS0618: 'RebarHookOrientation' is obsolete: 'This enumeration is deprecated in Revit 2026 and may be removed in a later version of Revit. You can use RebarTerminationOrientation enumeration instead.' [C:\Users\DELL\source\repos\antiGGGravity\antiGGGravity_x4ryh1mj_wpftmp.csproj]
C:\Users\DELL\source\repos\antiGGGravity\StructuralRebar\Core\Layout\PadShapeLayoutGenerator.cs(148,43): warning CS0618: 'Curve.Intersect(Curve, out IntersectionResultArray)' is obsolete: 'This method is deprecated in Revit 2026 and may be removed in a later version of Revit. Use the new Curve.Intersect method with CurveIntersectResultOption.Detailed. Note also that the updated method has improved handling of certain edge cases.' [C:\Users\DELL\source\repos\antiGGGravity\antiGGGravity_x4ryh1mj_wpftmp.csproj]
C:\Users\DELL\source\repos\antiGGGravity\StructuralRebar\UI\Panels\FootingPadRebarPanel.xaml.cs(228,20): warning CS0219: The variable 'marginTB' is assigned but its value is never used [C:\Users\DELL\source\repos\antiGGGravity\antiGGGravity_x4ryh1mj_wpftmp.csproj]
C:\Users\DELL\source\repos\antiGGGravity\StructuralRebar\Core\Layout\FootingPadLayoutGenerator.cs(129,40): warning CS0618: 'RebarHookOrientation' is obsolete: 'This enumeration is deprecated in Revit 2026 and may be removed in a later version of Revit. You can use RebarTerminationOrientation enumeration instead.' [C:\Users\DELL\source\repos\antiGGGravity\antiGGGravity_x4ryh1mj_wpftmp.csproj]
C:\Users\DELL\source\repos\antiGGGravity\StructuralRebar\Core\Layout\FootingPadLayoutGenerator.cs(130,38): warning CS0618: 'RebarHookOrientation' is obsolete: 'This enumeration is deprecated in Revit 2026 and may be removed in a later version of Revit. You can use RebarTerminationOrientation enumeration instead.' [C:\Users\DELL\source\repos\antiGGGravity\antiGGGravity_x4ryh1mj_wpftmp.csproj]
C:\Users\DELL\source\repos\antiGGGravity\StructuralRebar\Core\Layout\FootingPadLayoutGenerator.cs(183,40): warning CS0618: 'RebarHookOrientation' is obsolete: 'This enumeration is deprecated in Revit 2026 and may be removed in a later version of Revit. You can use RebarTerminationOrientation enumeration instead.' [C:\Users\DELL\source\repos\antiGGGravity\antiGGGravity_x4ryh1mj_wpftmp.csproj]
C:\Users\DELL\source\repos\antiGGGravity\StructuralRebar\Core\Layout\FootingPadLayoutGenerator.cs(184,38): warning CS0618: 'RebarHookOrientation' is obsolete: 'This enumeration is deprecated in Revit 2026 and may be removed in a later version of Revit. You can use RebarTerminationOrientation enumeration instead.' [C:\Users\DELL\source\repos\antiGGGravity\antiGGGravity_x4ryh1mj_wpftmp.csproj]
C:\Users\DELL\source\repos\antiGGGravity\StructuralRebar\Core\Engine\RebarEngine.cs(2117,21): error CS0136: A local or parameter named 'ids' cannot be declared in this scope because that name is used in an enclosing local scope to define a local or parameter [C:\Users\DELL\source\repos\antiGGGravity\antiGGGravity_x4ryh1mj_wpftmp.csproj]
C:\Users\DELL\source\repos\antiGGGravity\StructuralRebar\Core\Engine\RebarEngine.cs(2337,25): error CS0136: A local or parameter named 'ids' cannot be declared in this scope because that name is used in an enclosing local scope to define a local or parameter [C:\Users\DELL\source\repos\antiGGGravity\antiGGGravity_x4ryh1mj_wpftmp.csproj]
C:\Users\DELL\source\repos\antiGGGravity\StructuralRebar\Core\Engine\RebarEngine.cs(2627,44): warning CS0618: 'RebarHookOrientation' is obsolete: 'This enumeration is deprecated in Revit 2026 and may be removed in a later version of Revit. You can use RebarTerminationOrientation enumeration instead.' [C:\Users\DELL\source\repos\antiGGGravity\antiGGGravity_x4ryh1mj_wpftmp.csproj]
C:\Users\DELL\source\repos\antiGGGravity\StructuralRebar\Core\Engine\RebarEngine.cs(2628,42): warning CS0618: 'RebarHookOrientation' is obsolete: 'This enumeration is deprecated in Revit 2026 and may be removed in a later version of Revit. You can use RebarTerminationOrientation enumeration instead.' [C:\Users\DELL\source\repos\antiGGGravity\antiGGGravity_x4ryh1mj_wpftmp.csproj]
C:\Users\DELL\source\repos\antiGGGravity\Utilities\RibbonBuilder.cs(15,33): warning CS0169: The field 'RibbonBuilder._currentPanelName' is never used [C:\Users\DELL\source\repos\antiGGGravity\antiGGGravity_x4ryh1mj_wpftmp.csproj]
C:\Users\DELL\source\repos\antiGGGravity\Views\Overrides\ColorSplasherView.xaml.cs(23,31): warning CS0169: The field 'ColorSplasherView._filtersEvent' is never used [C:\Users\DELL\source\repos\antiGGGravity\antiGGGravity_x4ryh1mj_wpftmp.csproj]
C:\Users\DELL\source\repos\antiGGGravity\Views\Management\DuplicateSheetsView.xaml.cs(190,50): warning CS0067: The event 'DuplicateSheetItem.PropertyChanged' is never used [C:\Users\DELL\source\repos\antiGGGravity\antiGGGravity_x4ryh1mj_wpftmp.csproj]
C:\Users\DELL\source\repos\antiGGGravity\Utilities\RibbonBuilder.cs(16,33): warning CS0169: The field 'RibbonBuilder._currentPulldownName' is never used [C:\Users\DELL\source\repos\antiGGGravity\antiGGGravity_x4ryh1mj_wpftmp.csproj]
C:\Users\DELL\source\repos\antiGGGravity\Views\Overrides\ColorSplasherView.xaml.cs(21,31): warning CS0169: The field 'ColorSplasherView._resetEvent' is never used [C:\Users\DELL\source\repos\antiGGGravity\antiGGGravity_x4ryh1mj_wpftmp.csproj]
C:\Users\DELL\source\repos\antiGGGravity\Views\Overrides\ColorSplasherView.xaml.cs(22,31): warning CS0169: The field 'ColorSplasherView._legendEvent' is never used [C:\Users\DELL\source\repos\antiGGGravity\antiGGGravity_x4ryh1mj_wpftmp.csproj]

Build FAILED.

C:\Users\DELL\source\repos\antiGGGravity\StructuralRebar\DTO\RebarDefinition.cs(49,16): warning CS0618: 'RebarHookOrientation' is obsolete: 'This enumeration is deprecated in Revit 2026 and may be removed in a later version of Revit. You can use RebarTerminationOrientation enumeration instead.' [C:\Users\DELL\source\repos\antiGGGravity\antiGGGravity_x4ryh1mj_wpftmp.csproj]
C:\Users\DELL\source\repos\antiGGGravity\StructuralRebar\DTO\RebarDefinition.cs(50,16): warning CS0618: 'RebarHookOrientation' is obsolete: 'This enumeration is deprecated in Revit 2026 and may be removed in a later version of Revit. You can use RebarTerminationOrientation enumeration instead.' [C:\Users\DELL\source\repos\antiGGGravity\antiGGGravity_x4ryh1mj_wpftmp.csproj]
C:\Users\DELL\source\repos\antiGGGravity\StructuralRebar\Core\Layout\StripFootingLayoutGenerator.cs(80,38): warning CS8632: The annotation for nullable reference types should only be used in code within a '#nullable' annotations context. [C:\Users\DELL\source\repos\antiGGGravity\antiGGGravity_x4ryh1mj_wpftmp.csproj]
C:\Users\DELL\source\repos\antiGGGravity\Utilities\SharedResources.cs(31,30): warning CS0168: The variable 'ex' is declared but never used [C:\Users\DELL\source\repos\antiGGGravity\antiGGGravity_x4ryh1mj_wpftmp.csproj]
C:\Users\DELL\source\repos\antiGGGravity\Views\VisibilityGraphic\QuickVgView.xaml.cs(72,37): warning CS0168: The variable 'ex' is declared but never used [C:\Users\DELL\source\repos\antiGGGravity\antiGGGravity_x4ryh1mj_wpftmp.csproj]
C:\Users\DELL\source\repos\antiGGGravity\StructuralRebar\DTO\RebarDefinition.cs(49,74): warning CS0618: 'RebarHookOrientation' is obsolete: 'This enumeration is deprecated in Revit 2026 and may be removed in a later version of Revit. You can use RebarTerminationOrientation enumeration instead.' [C:\Users\DELL\source\repos\antiGGGravity\antiGGGravity_x4ryh1mj_wpftmp.csproj]
C:\Users\DELL\source\repos\antiGGGravity\StructuralRebar\DTO\RebarDefinition.cs(50,72): warning CS0618: 'RebarHookOrientation' is obsolete: 'This enumeration is deprecated in Revit 2026 and may be removed in a later version of Revit. You can use RebarTerminationOrientation enumeration instead.' [C:\Users\DELL\source\repos\antiGGGravity\antiGGGravity_x4ryh1mj_wpftmp.csproj]
C:\Users\DELL\source\repos\antiGGGravity\StructuralRebar\Core\Calculators\DesignCodeCalculator.cs(71,20): warning CS0219: The variable 'endZoneFactor' is assigned but its value is never used [C:\Users\DELL\source\repos\antiGGGravity\antiGGGravity_x4ryh1mj_wpftmp.csproj]
C:\Users\DELL\source\repos\antiGGGravity\Commands\Rebar\RebarSplitCommand.cs(196,13): warning CS0618: 'RebarHookOrientation' is obsolete: 'This enumeration is deprecated in Revit 2026 and may be removed in a later version of Revit. You can use RebarTerminationOrientation enumeration instead.' [C:\Users\DELL\source\repos\antiGGGravity\antiGGGravity_x4ryh1mj_wpftmp.csproj]
C:\Users\DELL\source\repos\antiGGGravity\Commands\Rebar\RebarSplitCommand.cs(196,49): warning CS0618: 'RebarHookOrientation' is obsolete: 'This enumeration is deprecated in Revit 2026 and may be removed in a later version of Revit. You can use RebarTerminationOrientation enumeration instead.' [C:\Users\DELL\source\repos\antiGGGravity\antiGGGravity_x4ryh1mj_wpftmp.csproj]
C:\Users\DELL\source\repos\antiGGGravity\Commands\Rebar\RebarSplitCommand.cs(208,27): warning CS0618: 'RebarHookOrientation' is obsolete: 'This enumeration is deprecated in Revit 2026 and may be removed in a later version of Revit. You can use RebarTerminationOrientation enumeration instead.' [C:\Users\DELL\source\repos\antiGGGravity\antiGGGravity_x4ryh1mj_wpftmp.csproj]
C:\Users\DELL\source\repos\antiGGGravity\Commands\Rebar\RebarSplitCommand.cs(209,27): warning CS0618: 'RebarHookOrientation' is obsolete: 'This enumeration is deprecated in Revit 2026 and may be removed in a later version of Revit. You can use RebarTerminationOrientation enumeration instead.' [C:\Users\DELL\source\repos\antiGGGravity\antiGGGravity_x4ryh1mj_wpftmp.csproj]
C:\Users\DELL\source\repos\antiGGGravity\Commands\Rebar\RebarSplitCommand.cs(259,34): warning CS0618: 'Rebar.CreateFromCurves(Document, RebarStyle, RebarBarType, RebarHookType, RebarHookType, Element, XYZ, IList<Curve>, RebarHookOrientation, RebarHookOrientation, bool, bool)' is obsolete: 'This method is deprecated in Revit 2026 and may be removed in a later version of Revit. Please use Rebar.CreateFromCurves(Document doc, RebarStyle style, RebarBarType barType, Element host, XYZ norm, IList<Curve> curves, BarTerminationsData barTerminationsData, bool useExistingShapeIfPossible, bool createNewShape) instead.' [C:\Users\DELL\source\repos\antiGGGravity\antiGGGravity_x4ryh1mj_wpftmp.csproj]
C:\Users\DELL\source\repos\antiGGGravity\Commands\Rebar\RebarSplitCommand.cs(267,34): warning CS0618: 'Rebar.CreateFromCurves(Document, RebarStyle, RebarBarType, RebarHookType, RebarHookType, Element, XYZ, IList<Curve>, RebarHookOrientation, RebarHookOrientation, bool, bool)' is obsolete: 'This method is deprecated in Revit 2026 and may be removed in a later version of Revit. Please use Rebar.CreateFromCurves(Document doc, RebarStyle style, RebarBarType barType, Element host, XYZ norm, IList<Curve> curves, BarTerminationsData barTerminationsData, bool useExistingShapeIfPossible, bool createNewShape) instead.' [C:\Users\DELL\source\repos\antiGGGravity\antiGGGravity_x4ryh1mj_wpftmp.csproj]
C:\Users\DELL\source\repos\antiGGGravity\StructuralRebar\Core\Geometry\BeamSpanResolver.cs(332,28): warning CS0219: The variable 'tolZ' is assigned but its value is never used [C:\Users\DELL\source\repos\antiGGGravity\antiGGGravity_x4ryh1mj_wpftmp.csproj]
C:\Users\DELL\source\repos\antiGGGravity\StructuralRebar\Core\Engine\RebarEngine.cs(376,48): warning CS0618: 'RebarHookOrientation' is obsolete: 'This enumeration is deprecated in Revit 2026 and may be removed in a later version of Revit. You can use RebarTerminationOrientation enumeration instead.' [C:\Users\DELL\source\repos\antiGGGravity\antiGGGravity_x4ryh1mj_wpftmp.csproj]
C:\Users\DELL\source\repos\antiGGGravity\StructuralRebar\Core\Engine\RebarEngine.cs(377,46): warning CS0618: 'RebarHookOrientation' is obsolete: 'This enumeration is deprecated in Revit 2026 and may be removed in a later version of Revit. You can use RebarTerminationOrientation enumeration instead.' [C:\Users\DELL\source\repos\antiGGGravity\antiGGGravity_x4ryh1mj_wpftmp.csproj]
C:\Users\DELL\source\repos\antiGGGravity\StructuralRebar\Core\Engine\RebarEngine.cs(450,56): warning CS0618: 'RebarHookOrientation' is obsolete: 'This enumeration is deprecated in Revit 2026 and may be removed in a later version of Revit. You can use RebarTerminationOrientation enumeration instead.' [C:\Users\DELL\source\repos\antiGGGravity\antiGGGravity_x4ryh1mj_wpftmp.csproj]
C:\Users\DELL\source\repos\antiGGGravity\StructuralRebar\Core\Engine\RebarEngine.cs(451,54): warning CS0618: 'RebarHookOrientation' is obsolete: 'This enumeration is deprecated in Revit 2026 and may be removed in a later version of Revit. You can use RebarTerminationOrientation enumeration instead.' [C:\Users\DELL\source\repos\antiGGGravity\antiGGGravity_x4ryh1mj_wpftmp.csproj]
C:\Users\DELL\source\repos\antiGGGravity\StructuralRebar\Core\Engine\RebarEngine.cs(509,56): warning CS0618: 'RebarHookOrientation' is obsolete: 'This enumeration is deprecated in Revit 2026 and may be removed in a later version of Revit. You can use RebarTerminationOrientation enumeration instead.' [C:\Users\DELL\source\repos\antiGGGravity\antiGGGravity_x4ryh1mj_wpftmp.csproj]
C:\Users\DELL\source\repos\antiGGGravity\StructuralRebar\Core\Engine\RebarEngine.cs(510,54): warning CS0618: 'RebarHookOrientation' is obsolete: 'This enumeration is deprecated in Revit 2026 and may be removed in a later version of Revit. You can use RebarTerminationOrientation enumeration instead.' [C:\Users\DELL\source\repos\antiGGGravity\antiGGGravity_x4ryh1mj_wpftmp.csproj]
C:\Users\DELL\source\repos\antiGGGravity\StructuralRebar\Core\Engine\RebarEngine.cs(598,48): warning CS0618: 'RebarHookOrientation' is obsolete: 'This enumeration is deprecated in Revit 2026 and may be removed in a later version of Revit. You can use RebarTerminationOrientation enumeration instead.' [C:\Users\DELL\source\repos\antiGGGravity\antiGGGravity_x4ryh1mj_wpftmp.csproj]
C:\Users\DELL\source\repos\antiGGGravity\StructuralRebar\Core\Engine\RebarEngine.cs(599,46): warning CS0618: 'RebarHookOrientation' is obsolete: 'This enumeration is deprecated in Revit 2026 and may be removed in a later version of Revit. You can use RebarTerminationOrientation enumeration instead.' [C:\Users\DELL\source\repos\antiGGGravity\antiGGGravity_x4ryh1mj_wpftmp.csproj]
C:\Users\DELL\source\repos\antiGGGravity\StructuralRebar\Core\Engine\RebarEngine.cs(673,56): warning CS0618: 'RebarHookOrientation' is obsolete: 'This enumeration is deprecated in Revit 2026 and may be removed in a later version of Revit. You can use RebarTerminationOrientation enumeration instead.' [C:\Users\DELL\source\repos\antiGGGravity\antiGGGravity_x4ryh1mj_wpftmp.csproj]
C:\Users\DELL\source\repos\antiGGGravity\StructuralRebar\Core\Engine\RebarEngine.cs(674,54): warning CS0618: 'RebarHookOrientation' is obsolete: 'This enumeration is deprecated in Revit 2026 and may be removed in a later version of Revit. You can use RebarTerminationOrientation enumeration instead.' [C:\Users\DELL\source\repos\antiGGGravity\antiGGGravity_x4ryh1mj_wpftmp.csproj]
C:\Users\DELL\source\repos\antiGGGravity\StructuralRebar\Core\Engine\RebarEngine.cs(736,56): warning CS0618: 'RebarHookOrientation' is obsolete: 'This enumeration is deprecated in Revit 2026 and may be removed in a later version of Revit. You can use RebarTerminationOrientation enumeration instead.' [C:\Users\DELL\source\repos\antiGGGravity\antiGGGravity_x4ryh1mj_wpftmp.csproj]
C:\Users\DELL\source\repos\antiGGGravity\StructuralRebar\Core\Engine\RebarEngine.cs(737,54): warning CS0618: 'RebarHookOrientation' is obsolete: 'This enumeration is deprecated in Revit 2026 and may be removed in a later version of Revit. You can use RebarTerminationOrientation enumeration instead.' [C:\Users\DELL\source\repos\antiGGGravity\antiGGGravity_x4ryh1mj_wpftmp.csproj]
C:\Users\DELL\source\repos\antiGGGravity\StructuralRebar\Core\Layout\WallLayoutGenerator.cs(47,13): warning CS0618: 'RebarHookOrientation' is obsolete: 'This enumeration is deprecated in Revit 2026 and may be removed in a later version of Revit. You can use RebarTerminationOrientation enumeration instead.' [C:\Users\DELL\source\repos\antiGGGravity\antiGGGravity_x4ryh1mj_wpftmp.csproj]
C:\Users\DELL\source\repos\antiGGGravity\StructuralRebar\Core\Layout\WallLayoutGenerator.cs(50,42): warning CS0618: 'RebarHookOrientation' is obsolete: 'This enumeration is deprecated in Revit 2026 and may be removed in a later version of Revit. You can use RebarTerminationOrientation enumeration instead.' [C:\Users\DELL\source\repos\antiGGGravity\antiGGGravity_x4ryh1mj_wpftmp.csproj]
C:\Users\DELL\source\repos\antiGGGravity\StructuralRebar\Core\Layout\WallLayoutGenerator.cs(50,71): warning CS0618: 'RebarHookOrientation' is obsolete: 'This enumeration is deprecated in Revit 2026 and may be removed in a later version of Revit. You can use RebarTerminationOrientation enumeration instead.' [C:\Users\DELL\source\repos\antiGGGravity\antiGGGravity_x4ryh1mj_wpftmp.csproj]
C:\Users\DELL\source\repos\antiGGGravity\StructuralRebar\Core\Layout\WallLayoutGenerator.cs(51,40): warning CS0618: 'RebarHookOrientation' is obsolete: 'This enumeration is deprecated in Revit 2026 and may be removed in a later version of Revit. You can use RebarTerminationOrientation enumeration instead.' [C:\Users\DELL\source\repos\antiGGGravity\antiGGGravity_x4ryh1mj_wpftmp.csproj]
C:\Users\DELL\source\repos\antiGGGravity\StructuralRebar\Core\Layout\WallLayoutGenerator.cs(51,69): warning CS0618: 'RebarHookOrientation' is obsolete: 'This enumeration is deprecated in Revit 2026 and may be removed in a later version of Revit. You can use RebarTerminationOrientation enumeration instead.' [C:\Users\DELL\source\repos\antiGGGravity\antiGGGravity_x4ryh1mj_wpftmp.csproj]
C:\Users\DELL\source\repos\antiGGGravity\StructuralRebar\Core\Layout\WallLayoutGenerator.cs(55,42): warning CS0618: 'RebarHookOrientation' is obsolete: 'This enumeration is deprecated in Revit 2026 and may be removed in a later version of Revit. You can use RebarTerminationOrientation enumeration instead.' [C:\Users\DELL\source\repos\antiGGGravity\antiGGGravity_x4ryh1mj_wpftmp.csproj]
C:\Users\DELL\source\repos\antiGGGravity\StructuralRebar\Core\Layout\WallLayoutGenerator.cs(55,70): warning CS0618: 'RebarHookOrientation' is obsolete: 'This enumeration is deprecated in Revit 2026 and may be removed in a later version of Revit. You can use RebarTerminationOrientation enumeration instead.' [C:\Users\DELL\source\repos\antiGGGravity\antiGGGravity_x4ryh1mj_wpftmp.csproj]
C:\Users\DELL\source\repos\antiGGGravity\StructuralRebar\Core\Layout\WallLayoutGenerator.cs(56,40): warning CS0618: 'RebarHookOrientation' is obsolete: 'This enumeration is deprecated in Revit 2026 and may be removed in a later version of Revit. You can use RebarTerminationOrientation enumeration instead.' [C:\Users\DELL\source\repos\antiGGGravity\antiGGGravity_x4ryh1mj_wpftmp.csproj]
C:\Users\DELL\source\repos\antiGGGravity\StructuralRebar\Core\Layout\WallLayoutGenerator.cs(56,68): warning CS0618: 'RebarHookOrientation' is obsolete: 'This enumeration is deprecated in Revit 2026 and may be removed in a later version of Revit. You can use RebarTerminationOrientation enumeration instead.' [C:\Users\DELL\source\repos\antiGGGravity\antiGGGravity_x4ryh1mj_wpftmp.csproj]
C:\Users\DELL\source\repos\antiGGGravity\StructuralRebar\Core\Layout\ColumnLayoutGenerator.cs(67,40): warning CS0618: 'RebarHookOrientation' is obsolete: 'This enumeration is deprecated in Revit 2026 and may be removed in a later version of Revit. You can use RebarTerminationOrientation enumeration instead.' [C:\Users\DELL\source\repos\antiGGGravity\antiGGGravity_x4ryh1mj_wpftmp.csproj]
C:\Users\DELL\source\repos\antiGGGravity\StructuralRebar\Core\Layout\ColumnLayoutGenerator.cs(68,38): warning CS0618: 'RebarHookOrientation' is obsolete: 'This enumeration is deprecated in Revit 2026 and may be removed in a later version of Revit. You can use RebarTerminationOrientation enumeration instead.' [C:\Users\DELL\source\repos\antiGGGravity\antiGGGravity_x4ryh1mj_wpftmp.csproj]
C:\Users\DELL\source\repos\antiGGGravity\StructuralRebar\Core\Layout\ColumnLayoutGenerator.cs(131,44): warning CS0618: 'RebarHookOrientation' is obsolete: 'This enumeration is deprecated in Revit 2026 and may be removed in a later version of Revit. You can use RebarTerminationOrientation enumeration instead.' [C:\Users\DELL\source\repos\antiGGGravity\antiGGGravity_x4ryh1mj_wpftmp.csproj]
C:\Users\DELL\source\repos\antiGGGravity\StructuralRebar\Core\Layout\ColumnLayoutGenerator.cs(132,42): warning CS0618: 'RebarHookOrientation' is obsolete: 'This enumeration is deprecated in Revit 2026 and may be removed in a later version of Revit. You can use RebarTerminationOrientation enumeration instead.' [C:\Users\DELL\source\repos\antiGGGravity\antiGGGravity_x4ryh1mj_wpftmp.csproj]
C:\Users\DELL\source\repos\antiGGGravity\StructuralRebar\Core\Layout\ColumnLayoutGenerator.cs(202,59): warning CS0618: 'RebarHookOrientation' is obsolete: 'This enumeration is deprecated in Revit 2026 and may be removed in a later version of Revit. You can use RebarTerminationOrientation enumeration instead.' [C:\Users\DELL\source\repos\antiGGGravity\antiGGGravity_x4ryh1mj_wpftmp.csproj]
C:\Users\DELL\source\repos\antiGGGravity\StructuralRebar\Core\Layout\ColumnLayoutGenerator.cs(202,87): warning CS0618: 'RebarHookOrientation' is obsolete: 'This enumeration is deprecated in Revit 2026 and may be removed in a later version of Revit. You can use RebarTerminationOrientation enumeration instead.' [C:\Users\DELL\source\repos\antiGGGravity\antiGGGravity_x4ryh1mj_wpftmp.csproj]
C:\Users\DELL\source\repos\antiGGGravity\StructuralRebar\Core\Layout\ColumnLayoutGenerator.cs(203,55): warning CS0618: 'RebarHookOrientation' is obsolete: 'This enumeration is deprecated in Revit 2026 and may be removed in a later version of Revit. You can use RebarTerminationOrientation enumeration instead.' [C:\Users\DELL\source\repos\antiGGGravity\antiGGGravity_x4ryh1mj_wpftmp.csproj]
C:\Users\DELL\source\repos\antiGGGravity\StructuralRebar\Core\Layout\ColumnLayoutGenerator.cs(203,83): warning CS0618: 'RebarHookOrientation' is obsolete: 'This enumeration is deprecated in Revit 2026 and may be removed in a later version of Revit. You can use RebarTerminationOrientation enumeration instead.' [C:\Users\DELL\source\repos\antiGGGravity\antiGGGravity_x4ryh1mj_wpftmp.csproj]
C:\Users\DELL\source\repos\antiGGGravity\StructuralRebar\Core\Layout\WallLayoutGenerator.cs(116,13): warning CS0618: 'RebarHookOrientation' is obsolete: 'This enumeration is deprecated in Revit 2026 and may be removed in a later version of Revit. You can use RebarTerminationOrientation enumeration instead.' [C:\Users\DELL\source\repos\antiGGGravity\antiGGGravity_x4ryh1mj_wpftmp.csproj]
C:\Users\DELL\source\repos\antiGGGravity\StructuralRebar\Core\Layout\WallLayoutGenerator.cs(119,42): warning CS0618: 'RebarHookOrientation' is obsolete: 'This enumeration is deprecated in Revit 2026 and may be removed in a later version of Revit. You can use RebarTerminationOrientation enumeration instead.' [C:\Users\DELL\source\repos\antiGGGravity\antiGGGravity_x4ryh1mj_wpftmp.csproj]
C:\Users\DELL\source\repos\antiGGGravity\StructuralRebar\Core\Layout\WallLayoutGenerator.cs(119,70): warning CS0618: 'RebarHookOrientation' is obsolete: 'This enumeration is deprecated in Revit 2026 and may be removed in a later version of Revit. You can use RebarTerminationOrientation enumeration instead.' [C:\Users\DELL\source\repos\antiGGGravity\antiGGGravity_x4ryh1mj_wpftmp.csproj]
C:\Users\DELL\source\repos\antiGGGravity\StructuralRebar\Core\Layout\WallLayoutGenerator.cs(120,40): warning CS0618: 'RebarHookOrientation' is obsolete: 'This enumeration is deprecated in Revit 2026 and may be removed in a later version of Revit. You can use RebarTerminationOrientation enumeration instead.' [C:\Users\DELL\source\repos\antiGGGravity\antiGGGravity_x4ryh1mj_wpftmp.csproj]
C:\Users\DELL\source\repos\antiGGGravity\StructuralRebar\Core\Layout\WallLayoutGenerator.cs(120,68): warning CS0618: 'RebarHookOrientation' is obsolete: 'This enumeration is deprecated in Revit 2026 and may be removed in a later version of Revit. You can use RebarTerminationOrientation enumeration instead.' [C:\Users\DELL\source\repos\antiGGGravity\antiGGGravity_x4ryh1mj_wpftmp.csproj]
C:\Users\DELL\source\repos\antiGGGravity\StructuralRebar\Core\Layout\WallLayoutGenerator.cs(124,42): warning CS0618: 'RebarHookOrientation' is obsolete: 'This enumeration is deprecated in Revit 2026 and may be removed in a later version of Revit. You can use RebarTerminationOrientation enumeration instead.' [C:\Users\DELL\source\repos\antiGGGravity\antiGGGravity_x4ryh1mj_wpftmp.csproj]
C:\Users\DELL\source\repos\antiGGGravity\StructuralRebar\Core\Layout\WallLayoutGenerator.cs(124,71): warning CS0618: 'RebarHookOrientation' is obsolete: 'This enumeration is deprecated in Revit 2026 and may be removed in a later version of Revit. You can use RebarTerminationOrientation enumeration instead.' [C:\Users\DELL\source\repos\antiGGGravity\antiGGGravity_x4ryh1mj_wpftmp.csproj]
C:\Users\DELL\source\repos\antiGGGravity\StructuralRebar\Core\Layout\WallLayoutGenerator.cs(125,40): warning CS0618: 'RebarHookOrientation' is obsolete: 'This enumeration is deprecated in Revit 2026 and may be removed in a later version of Revit. You can use RebarTerminationOrientation enumeration instead.' [C:\Users\DELL\source\repos\antiGGGravity\antiGGGravity_x4ryh1mj_wpftmp.csproj]
C:\Users\DELL\source\repos\antiGGGravity\StructuralRebar\Core\Layout\WallLayoutGenerator.cs(125,69): warning CS0618: 'RebarHookOrientation' is obsolete: 'This enumeration is deprecated in Revit 2026 and may be removed in a later version of Revit. You can use RebarTerminationOrientation enumeration instead.' [C:\Users\DELL\source\repos\antiGGGravity\antiGGGravity_x4ryh1mj_wpftmp.csproj]
C:\Users\DELL\source\repos\antiGGGravity\StructuralRebar\Core\Geometry\PadShapeGeometryModule.cs(80,23): warning CS8632: The annotation for nullable reference types should only be used in code within a '#nullable' annotations context. [C:\Users\DELL\source\repos\antiGGGravity\antiGGGravity_x4ryh1mj_wpftmp.csproj]
C:\Users\DELL\source\repos\antiGGGravity\Views\Management\DuplicateSheetsView.xaml.cs(80,38): warning CS0168: The variable 'ex' is declared but never used [C:\Users\DELL\source\repos\antiGGGravity\antiGGGravity_x4ryh1mj_wpftmp.csproj]
C:\Users\DELL\source\repos\antiGGGravity\StructuralRebar\Core\Engine\RebarEngine.cs(1213,48): warning CS0618: 'RebarHookOrientation' is obsolete: 'This enumeration is deprecated in Revit 2026 and may be removed in a later version of Revit. You can use RebarTerminationOrientation enumeration instead.' [C:\Users\DELL\source\repos\antiGGGravity\antiGGGravity_x4ryh1mj_wpftmp.csproj]
C:\Users\DELL\source\repos\antiGGGravity\StructuralRebar\Core\Engine\RebarEngine.cs(1214,46): warning CS0618: 'RebarHookOrientation' is obsolete: 'This enumeration is deprecated in Revit 2026 and may be removed in a later version of Revit. You can use RebarTerminationOrientation enumeration instead.' [C:\Users\DELL\source\repos\antiGGGravity\antiGGGravity_x4ryh1mj_wpftmp.csproj]
C:\Users\DELL\source\repos\antiGGGravity\StructuralRebar\Core\Engine\RebarEngine.cs(1301,48): warning CS0618: 'RebarHookOrientation' is obsolete: 'This enumeration is deprecated in Revit 2026 and may be removed in a later version of Revit. You can use RebarTerminationOrientation enumeration instead.' [C:\Users\DELL\source\repos\antiGGGravity\antiGGGravity_x4ryh1mj_wpftmp.csproj]
C:\Users\DELL\source\repos\antiGGGravity\StructuralRebar\Core\Engine\RebarEngine.cs(1302,46): warning CS0618: 'RebarHookOrientation' is obsolete: 'This enumeration is deprecated in Revit 2026 and may be removed in a later version of Revit. You can use RebarTerminationOrientation enumeration instead.' [C:\Users\DELL\source\repos\antiGGGravity\antiGGGravity_x4ryh1mj_wpftmp.csproj]
C:\Users\DELL\source\repos\antiGGGravity\Views\ProjectAudit\FamilyDuplicatorView.xaml.cs(657,20): warning CS8073: The result of the expression is always 'true' since a value of type 'DataGridCellInfo' is never equal to 'null' of type 'DataGridCellInfo?' [C:\Users\DELL\source\repos\antiGGGravity\antiGGGravity_x4ryh1mj_wpftmp.csproj]
C:\Users\DELL\source\repos\antiGGGravity\Commands\Rebar\RebarCrankCommand.cs(258,13): warning CS0618: 'RebarHookOrientation' is obsolete: 'This enumeration is deprecated in Revit 2026 and may be removed in a later version of Revit. You can use RebarTerminationOrientation enumeration instead.' [C:\Users\DELL\source\repos\antiGGGravity\antiGGGravity_x4ryh1mj_wpftmp.csproj]
C:\Users\DELL\source\repos\antiGGGravity\Commands\Rebar\RebarCrankCommand.cs(258,49): warning CS0618: 'RebarHookOrientation' is obsolete: 'This enumeration is deprecated in Revit 2026 and may be removed in a later version of Revit. You can use RebarTerminationOrientation enumeration instead.' [C:\Users\DELL\source\repos\antiGGGravity\antiGGGravity_x4ryh1mj_wpftmp.csproj]
C:\Users\DELL\source\repos\antiGGGravity\Commands\Rebar\RebarCrankCommand.cs(275,27): warning CS0618: 'RebarHookOrientation' is obsolete: 'This enumeration is deprecated in Revit 2026 and may be removed in a later version of Revit. You can use RebarTerminationOrientation enumeration instead.' [C:\Users\DELL\source\repos\antiGGGravity\antiGGGravity_x4ryh1mj_wpftmp.csproj]
C:\Users\DELL\source\repos\antiGGGravity\Commands\Rebar\RebarCrankCommand.cs(276,27): warning CS0618: 'RebarHookOrientation' is obsolete: 'This enumeration is deprecated in Revit 2026 and may be removed in a later version of Revit. You can use RebarTerminationOrientation enumeration instead.' [C:\Users\DELL\source\repos\antiGGGravity\antiGGGravity_x4ryh1mj_wpftmp.csproj]
C:\Users\DELL\source\repos\antiGGGravity\Commands\Rebar\RebarCrankCommand.cs(336,34): warning CS0618: 'Rebar.CreateFromCurves(Document, RebarStyle, RebarBarType, RebarHookType, RebarHookType, Element, XYZ, IList<Curve>, RebarHookOrientation, RebarHookOrientation, bool, bool)' is obsolete: 'This method is deprecated in Revit 2026 and may be removed in a later version of Revit. Please use Rebar.CreateFromCurves(Document doc, RebarStyle style, RebarBarType barType, Element host, XYZ norm, IList<Curve> curves, BarTerminationsData barTerminationsData, bool useExistingShapeIfPossible, bool createNewShape) instead.' [C:\Users\DELL\source\repos\antiGGGravity\antiGGGravity_x4ryh1mj_wpftmp.csproj]
C:\Users\DELL\source\repos\antiGGGravity\Commands\Rebar\RebarCrankCommand.cs(344,34): warning CS0618: 'Rebar.CreateFromCurves(Document, RebarStyle, RebarBarType, RebarHookType, RebarHookType, Element, XYZ, IList<Curve>, RebarHookOrientation, RebarHookOrientation, bool, bool)' is obsolete: 'This method is deprecated in Revit 2026 and may be removed in a later version of Revit. Please use Rebar.CreateFromCurves(Document doc, RebarStyle style, RebarBarType barType, Element host, XYZ norm, IList<Curve> curves, BarTerminationsData barTerminationsData, bool useExistingShapeIfPossible, bool createNewShape) instead.' [C:\Users\DELL\source\repos\antiGGGravity\antiGGGravity_x4ryh1mj_wpftmp.csproj]
C:\Users\DELL\source\repos\antiGGGravity\StructuralRebar\Core\Creation\RebarCreationService.cs(65,37): warning CS0618: 'Rebar.CreateFromCurvesAndShape(Document, RebarShape, RebarBarType, RebarHookType, RebarHookType, Element, XYZ, IList<Curve>, RebarHookOrientation, RebarHookOrientation)' is obsolete: 'This method is deprecated in Revit 2026 and may be removed in a later version of Revit. Please use Rebar.CreateFromCurvesAndShape(Document doc, RebarShape rebarShape, RebarBarType barType, Element host, XYZ norm, IList<Curve> curves, BarTerminationsData barTerminationsData) instead.' [C:\Users\DELL\source\repos\antiGGGravity\antiGGGravity_x4ryh1mj_wpftmp.csproj]
C:\Users\DELL\source\repos\antiGGGravity\StructuralRebar\Core\Creation\RebarCreationService.cs(77,37): warning CS0618: 'Rebar.CreateFromCurves(Document, RebarStyle, RebarBarType, RebarHookType, RebarHookType, Element, XYZ, IList<Curve>, RebarHookOrientation, RebarHookOrientation, bool, bool)' is obsolete: 'This method is deprecated in Revit 2026 and may be removed in a later version of Revit. Please use Rebar.CreateFromCurves(Document doc, RebarStyle style, RebarBarType barType, Element host, XYZ norm, IList<Curve> curves, BarTerminationsData barTerminationsData, bool useExistingShapeIfPossible, bool createNewShape) instead.' [C:\Users\DELL\source\repos\antiGGGravity\antiGGGravity_x4ryh1mj_wpftmp.csproj]
C:\Users\DELL\source\repos\antiGGGravity\StructuralRebar\Core\Creation\RebarCreationService.cs(98,37): warning CS0618: 'Rebar.CreateFromCurves(Document, RebarStyle, RebarBarType, RebarHookType, RebarHookType, Element, XYZ, IList<Curve>, RebarHookOrientation, RebarHookOrientation, bool, bool)' is obsolete: 'This method is deprecated in Revit 2026 and may be removed in a later version of Revit. Please use Rebar.CreateFromCurves(Document doc, RebarStyle style, RebarBarType barType, Element host, XYZ norm, IList<Curve> curves, BarTerminationsData barTerminationsData, bool useExistingShapeIfPossible, bool createNewShape) instead.' [C:\Users\DELL\source\repos\antiGGGravity\antiGGGravity_x4ryh1mj_wpftmp.csproj]
C:\Users\DELL\source\repos\antiGGGravity\StructuralRebar\Core\Creation\RebarCreationService.cs(205,33): warning CS0618: 'Rebar.SetHookOrientation(int, RebarHookOrientation)' is obsolete: 'This method is deprecated in Revit 2026 and may be removed in a later version of Revit. Please use Rebar.SetTerminationOrientation instead.' [C:\Users\DELL\source\repos\antiGGGravity\antiGGGravity_x4ryh1mj_wpftmp.csproj]
C:\Users\DELL\source\repos\antiGGGravity\StructuralRebar\Core\Creation\RebarCreationService.cs(210,33): warning CS0618: 'Rebar.SetHookOrientation(int, RebarHookOrientation)' is obsolete: 'This method is deprecated in Revit 2026 and may be removed in a later version of Revit. Please use Rebar.SetTerminationOrientation instead.' [C:\Users\DELL\source\repos\antiGGGravity\antiGGGravity_x4ryh1mj_wpftmp.csproj]
C:\Users\DELL\source\repos\antiGGGravity\StructuralRebar\Core\Layout\ParallelLayoutGenerator.cs(93,13): warning CS0618: 'RebarHookOrientation' is obsolete: 'This enumeration is deprecated in Revit 2026 and may be removed in a later version of Revit. You can use RebarTerminationOrientation enumeration instead.' [C:\Users\DELL\source\repos\antiGGGravity\antiGGGravity_x4ryh1mj_wpftmp.csproj]
C:\Users\DELL\source\repos\antiGGGravity\StructuralRebar\Core\Layout\ParallelLayoutGenerator.cs(94,19): warning CS0618: 'RebarHookOrientation' is obsolete: 'This enumeration is deprecated in Revit 2026 and may be removed in a later version of Revit. You can use RebarTerminationOrientation enumeration instead.' [C:\Users\DELL\source\repos\antiGGGravity\antiGGGravity_x4ryh1mj_wpftmp.csproj]
C:\Users\DELL\source\repos\antiGGGravity\StructuralRebar\Core\Layout\ParallelLayoutGenerator.cs(95,19): warning CS0618: 'RebarHookOrientation' is obsolete: 'This enumeration is deprecated in Revit 2026 and may be removed in a later version of Revit. You can use RebarTerminationOrientation enumeration instead.' [C:\Users\DELL\source\repos\antiGGGravity\antiGGGravity_x4ryh1mj_wpftmp.csproj]
C:\Users\DELL\source\repos\antiGGGravity\StructuralRebar\Core\Layout\StripFootingLayoutGenerator.cs(74,40): warning CS0618: 'RebarHookOrientation' is obsolete: 'This enumeration is deprecated in Revit 2026 and may be removed in a later version of Revit. You can use RebarTerminationOrientation enumeration instead.' [C:\Users\DELL\source\repos\antiGGGravity\antiGGGravity_x4ryh1mj_wpftmp.csproj]
C:\Users\DELL\source\repos\antiGGGravity\StructuralRebar\Core\Layout\StripFootingLayoutGenerator.cs(75,38): warning CS0618: 'RebarHookOrientation' is obsolete: 'This enumeration is deprecated in Revit 2026 and may be removed in a later version of Revit. You can use RebarTerminationOrientation enumeration instead.' [C:\Users\DELL\source\repos\antiGGGravity\antiGGGravity_x4ryh1mj_wpftmp.csproj]
C:\Users\DELL\source\repos\antiGGGravity\StructuralRebar\Core\Layout\StripFootingLayoutGenerator.cs(110,13): warning CS0618: 'RebarHookOrientation' is obsolete: 'This enumeration is deprecated in Revit 2026 and may be removed in a later version of Revit. You can use RebarTerminationOrientation enumeration instead.' [C:\Users\DELL\source\repos\antiGGGravity\antiGGGravity_x4ryh1mj_wpftmp.csproj]
C:\Users\DELL\source\repos\antiGGGravity\StructuralRebar\Core\Layout\StripFootingLayoutGenerator.cs(114,26): warning CS0618: 'RebarHookOrientation' is obsolete: 'This enumeration is deprecated in Revit 2026 and may be removed in a later version of Revit. You can use RebarTerminationOrientation enumeration instead.' [C:\Users\DELL\source\repos\antiGGGravity\antiGGGravity_x4ryh1mj_wpftmp.csproj]
C:\Users\DELL\source\repos\antiGGGravity\StructuralRebar\Core\Layout\StripFootingLayoutGenerator.cs(119,26): warning CS0618: 'RebarHookOrientation' is obsolete: 'This enumeration is deprecated in Revit 2026 and may be removed in a later version of Revit. You can use RebarTerminationOrientation enumeration instead.' [C:\Users\DELL\source\repos\antiGGGravity\antiGGGravity_x4ryh1mj_wpftmp.csproj]
C:\Users\DELL\source\repos\antiGGGravity\StructuralRebar\Core\Layout\PadShapeLayoutGenerator.cs(148,43): warning CS0618: 'Curve.Intersect(Curve, out IntersectionResultArray)' is obsolete: 'This method is deprecated in Revit 2026 and may be removed in a later version of Revit. Use the new Curve.Intersect method with CurveIntersectResultOption.Detailed. Note also that the updated method has improved handling of certain edge cases.' [C:\Users\DELL\source\repos\antiGGGravity\antiGGGravity_x4ryh1mj_wpftmp.csproj]
C:\Users\DELL\source\repos\antiGGGravity\StructuralRebar\UI\Panels\FootingPadRebarPanel.xaml.cs(228,20): warning CS0219: The variable 'marginTB' is assigned but its value is never used [C:\Users\DELL\source\repos\antiGGGravity\antiGGGravity_x4ryh1mj_wpftmp.csproj]
C:\Users\DELL\source\repos\antiGGGravity\StructuralRebar\Core\Layout\FootingPadLayoutGenerator.cs(129,40): warning CS0618: 'RebarHookOrientation' is obsolete: 'This enumeration is deprecated in Revit 2026 and may be removed in a later version of Revit. You can use RebarTerminationOrientation enumeration instead.' [C:\Users\DELL\source\repos\antiGGGravity\antiGGGravity_x4ryh1mj_wpftmp.csproj]
C:\Users\DELL\source\repos\antiGGGravity\StructuralRebar\Core\Layout\FootingPadLayoutGenerator.cs(130,38): warning CS0618: 'RebarHookOrientation' is obsolete: 'This enumeration is deprecated in Revit 2026 and may be removed in a later version of Revit. You can use RebarTerminationOrientation enumeration instead.' [C:\Users\DELL\source\repos\antiGGGravity\antiGGGravity_x4ryh1mj_wpftmp.csproj]
C:\Users\DELL\source\repos\antiGGGravity\StructuralRebar\Core\Layout\FootingPadLayoutGenerator.cs(183,40): warning CS0618: 'RebarHookOrientation' is obsolete: 'This enumeration is deprecated in Revit 2026 and may be removed in a later version of Revit. You can use RebarTerminationOrientation enumeration instead.' [C:\Users\DELL\source\repos\antiGGGravity\antiGGGravity_x4ryh1mj_wpftmp.csproj]
C:\Users\DELL\source\repos\antiGGGravity\StructuralRebar\Core\Layout\FootingPadLayoutGenerator.cs(184,38): warning CS0618: 'RebarHookOrientation' is obsolete: 'This enumeration is deprecated in Revit 2026 and may be removed in a later version of Revit. You can use RebarTerminationOrientation enumeration instead.' [C:\Users\DELL\source\repos\antiGGGravity\antiGGGravity_x4ryh1mj_wpftmp.csproj]
C:\Users\DELL\source\repos\antiGGGravity\StructuralRebar\Core\Engine\RebarEngine.cs(2627,44): warning CS0618: 'RebarHookOrientation' is obsolete: 'This enumeration is deprecated in Revit 2026 and may be removed in a later version of Revit. You can use RebarTerminationOrientation enumeration instead.' [C:\Users\DELL\source\repos\antiGGGravity\antiGGGravity_x4ryh1mj_wpftmp.csproj]
C:\Users\DELL\source\repos\antiGGGravity\StructuralRebar\Core\Engine\RebarEngine.cs(2628,42): warning CS0618: 'RebarHookOrientation' is obsolete: 'This enumeration is deprecated in Revit 2026 and may be removed in a later version of Revit. You can use RebarTerminationOrientation enumeration instead.' [C:\Users\DELL\source\repos\antiGGGravity\antiGGGravity_x4ryh1mj_wpftmp.csproj]
C:\Users\DELL\source\repos\antiGGGravity\Utilities\RibbonBuilder.cs(15,33): warning CS0169: The field 'RibbonBuilder._currentPanelName' is never used [C:\Users\DELL\source\repos\antiGGGravity\antiGGGravity_x4ryh1mj_wpftmp.csproj]
C:\Users\DELL\source\repos\antiGGGravity\Views\Overrides\ColorSplasherView.xaml.cs(23,31): warning CS0169: The field 'ColorSplasherView._filtersEvent' is never used [C:\Users\DELL\source\repos\antiGGGravity\antiGGGravity_x4ryh1mj_wpftmp.csproj]
C:\Users\DELL\source\repos\antiGGGravity\Views\Management\DuplicateSheetsView.xaml.cs(190,50): warning CS0067: The event 'DuplicateSheetItem.PropertyChanged' is never used [C:\Users\DELL\source\repos\antiGGGravity\antiGGGravity_x4ryh1mj_wpftmp.csproj]
C:\Users\DELL\source\repos\antiGGGravity\Utilities\RibbonBuilder.cs(16,33): warning CS0169: The field 'RibbonBuilder._currentPulldownName' is never used [C:\Users\DELL\source\repos\antiGGGravity\antiGGGravity_x4ryh1mj_wpftmp.csproj]
C:\Users\DELL\source\repos\antiGGGravity\Views\Overrides\ColorSplasherView.xaml.cs(21,31): warning CS0169: The field 'ColorSplasherView._resetEvent' is never used [C:\Users\DELL\source\repos\antiGGGravity\antiGGGravity_x4ryh1mj_wpftmp.csproj]
C:\Users\DELL\source\repos\antiGGGravity\Views\Overrides\ColorSplasherView.xaml.cs(22,31): warning CS0169: The field 'ColorSplasherView._legendEvent' is never used [C:\Users\DELL\source\repos\antiGGGravity\antiGGGravity_x4ryh1mj_wpftmp.csproj]
C:\Users\DELL\source\repos\antiGGGravity\StructuralRebar\Core\Engine\RebarEngine.cs(2117,21): error CS0136: A local or parameter named 'ids' cannot be declared in this scope because that name is used in an enclosing local scope to define a local or parameter [C:\Users\DELL\source\repos\antiGGGravity\antiGGGravity_x4ryh1mj_wpftmp.csproj]
C:\Users\DELL\source\repos\antiGGGravity\StructuralRebar\Core\Engine\RebarEngine.cs(2337,25): error CS0136: A local or parameter named 'ids' cannot be declared in this scope because that name is used in an enclosing local scope to define a local or parameter [C:\Users\DELL\source\repos\antiGGGravity\antiGGGravity_x4ryh1mj_wpftmp.csproj]
    93 Warning(s)
    2 Error(s)

Time Elapsed 00:00:02.56
